Component: ARM Compiler 5.06 update 6 (build 750) Tool: armlink [4d35ed]

==============================================================================

Section Cross References

    startup_stm32h743xx.o(RESET) refers to startup_stm32h743xx.o(STACK) for __initial_sp
    startup_stm32h743xx.o(RESET) refers to startup_stm32h743xx.o(.text) for Reset_Handler
    startup_stm32h743xx.o(RESET) refers to stm32h7xx_it.o(i.NMI_Handler) for NMI_Handler
    startup_stm32h743xx.o(RESET) refers to stm32h7xx_it.o(i.HardFault_Handler) for HardFault_Handler
    startup_stm32h743xx.o(RESET) refers to stm32h7xx_it.o(i.MemManage_Handler) for MemManage_Handler
    startup_stm32h743xx.o(RESET) refers to stm32h7xx_it.o(i.BusFault_Handler) for BusFault_Handler
    startup_stm32h743xx.o(RESET) refers to stm32h7xx_it.o(i.UsageFault_Handler) for UsageFault_Handler
    startup_stm32h743xx.o(RESET) refers to stm32h7xx_it.o(i.SVC_Handler) for SVC_Handler
    startup_stm32h743xx.o(RESET) refers to stm32h7xx_it.o(i.DebugMon_Handler) for DebugMon_Handler
    startup_stm32h743xx.o(RESET) refers to stm32h7xx_it.o(i.PendSV_Handler) for PendSV_Handler
    startup_stm32h743xx.o(RESET) refers to stm32h7xx_it.o(i.SysTick_Handler) for SysTick_Handler
    startup_stm32h743xx.o(RESET) refers to stm32h7xx_it.o(i.TIM3_IRQHandler) for TIM3_IRQHandler
    startup_stm32h743xx.o(RESET) refers to stm32h7xx_it.o(i.TIM4_IRQHandler) for TIM4_IRQHandler
    startup_stm32h743xx.o(RESET) refers to stm32h7xx_it.o(i.USART2_IRQHandler) for USART2_IRQHandler
    startup_stm32h743xx.o(RESET) refers to stm32h7xx_it.o(i.USART3_IRQHandler) for USART3_IRQHandler
    startup_stm32h743xx.o(RESET) refers to stm32h7xx_it.o(i.EXTI15_10_IRQHandler) for EXTI15_10_IRQHandler
    startup_stm32h743xx.o(RESET) refers to stm32h7xx_it.o(i.TIM8_TRG_COM_TIM14_IRQHandler) for TIM8_TRG_COM_TIM14_IRQHandler
    startup_stm32h743xx.o(RESET) refers to stm32h7xx_it.o(i.TIM5_IRQHandler) for TIM5_IRQHandler
    startup_stm32h743xx.o(RESET) refers to stm32h7xx_it.o(i.TIM16_IRQHandler) for TIM16_IRQHandler
    startup_stm32h743xx.o(.text) refers to system_stm32h7xx.o(i.SystemInit) for SystemInit
    startup_stm32h743xx.o(.text) refers to entry.o(.ARM.Collect$$$$00000000) for __main
    arm_cos_f32.o(i.arm_cos_f32) refers to arm_common_tables.o(.rodata.sinTable_f32) for sinTable_f32
    arm_sin_f32.o(i.arm_sin_f32) refers to arm_common_tables.o(.rodata.sinTable_f32) for sinTable_f32
    tim_ctrl.o(i.FricCalcu) refers to tim_ctrl.o(i.PullPushSpeed) for PullPushSpeed
    tim_ctrl.o(i.FricCalcu) refers to main.o(.bss) for CtrlM3
    tim_ctrl.o(i.GriverCalc) refers to main.o(.bss) for CtrlM1
    tim_ctrl.o(i.GriverCalc) refers to tim_ctrl.o(.bss) for MotorForce
    tim_ctrl.o(i.HAL_GPIO_EXTI_Callback) refers to stm32h7xx_hal_gpio.o(i.HAL_GPIO_ReadPin) for HAL_GPIO_ReadPin
    tim_ctrl.o(i.HAL_GPIO_EXTI_Callback) refers to stm32h7xx_hal_gpio.o(i.HAL_GPIO_WritePin) for HAL_GPIO_WritePin
    tim_ctrl.o(i.HAL_GPIO_EXTI_Callback) refers to main.o(i.EncoderClear) for EncoderClear
    tim_ctrl.o(i.HAL_GPIO_EXTI_Callback) refers to tim_ctrl.o(.data) for KeyValue
    tim_ctrl.o(i.HAL_TIM_PeriodElapsedCallback) refers to memcpya.o(.text) for __aeabi_memcpy4
    tim_ctrl.o(i.HAL_TIM_PeriodElapsedCallback) refers to tim_ctrl.o(i.EncoderFlow) for EncoderFlow
    tim_ctrl.o(i.HAL_TIM_PeriodElapsedCallback) refers to tim_ctrl.o(i.EncoderUpdate) for EncoderUpdate
    tim_ctrl.o(i.HAL_TIM_PeriodElapsedCallback) refers to tim_ctrl.o(i.EnCounter2q) for EnCounter2q
    tim_ctrl.o(i.HAL_TIM_PeriodElapsedCallback) refers to tim_ctrl.o(i.MotorState) for MotorState
    tim_ctrl.o(i.HAL_TIM_PeriodElapsedCallback) refers to tim_ctrl.o(i.FricCalcu) for FricCalcu
    tim_ctrl.o(i.HAL_TIM_PeriodElapsedCallback) refers to tim_ctrl.o(i.GriverCalc) for GriverCalc
    tim_ctrl.o(i.HAL_TIM_PeriodElapsedCallback) refers to tim_ctrl.o(i.InertiaCalcu) for InertiaCalcu
    tim_ctrl.o(i.HAL_TIM_PeriodElapsedCallback) refers to tim_ctrl.o(i.CtrlPwmSum) for CtrlPwmSum
    tim_ctrl.o(i.HAL_TIM_PeriodElapsedCallback) refers to motor.o(i.SetMotorPWM) for SetMotorPWM
    tim_ctrl.o(i.HAL_TIM_PeriodElapsedCallback) refers to main.o(i.Kinematic) for Kinematic
    tim_ctrl.o(i.HAL_TIM_PeriodElapsedCallback) refers to tim.o(.bss) for htim3
    tim_ctrl.o(i.HAL_TIM_PeriodElapsedCallback) refers to main.o(.bss) for M1
    tim_ctrl.o(i.HAL_TIM_PeriodElapsedCallback) refers to tim_ctrl.o(.data) for IRQ_Counter
    tim_ctrl.o(i.HAL_TIM_PeriodElapsedCallback) refers to kinematic.o(.bss) for varq
    tim_ctrl.o(i.HAL_TIM_PeriodElapsedCallback) refers to tim_ctrl.o(.bss) for Data1
    tim_ctrl.o(i.SendqData) refers to tim_ctrl.o(i.Float2Char) for Float2Char
    tim_ctrl.o(i.SendqData) refers to stm32h7xx_hal_uart.o(i.HAL_UART_Transmit) for HAL_UART_Transmit
    tim_ctrl.o(i.SendqData) refers to usart.o(.bss) for Uart3FeedBackData
    tim_ctrl.o(i.SendqData) refers to tim_ctrl.o(.data) for Uart3Error
[...]
    Uart_counter                             0x200000b3   Data           1  usart.o(.data)
    Uart3StartFlag                           0x200000b4   Data           1  usart.o(.data)
    Uart3_counter                            0x200000b5   Data           1  usart.o(.data)
    upwm                                     0x200000b8   Data           4  usart.o(.data)
    i                                        0x200000bc   Data           1  usart.o(.data)
    scheck                                   0x200000c0   Data           4  usart.o(.data)
    i                                        0x200000c4   Data           1  usart.o(.data)
    scheck                                   0x200000c8   Data           4  usart.o(.data)
    .data                                    0x200000cc   Section        8  system_stm32h7xx.o(.data)
    .data                                    0x200000d4   Section        9  stm32h7xx_hal.o(.data)
    uwTick                                   0x200000d4   Data           4  stm32h7xx_hal.o(.data)
    uwTickPrio                               0x200000d8   Data           4  stm32h7xx_hal.o(.data)
    uwTickFreq                               0x200000dc   Data           1  stm32h7xx_hal.o(.data)
    .data                                    0x200000e0   Section        8  kinematic.o(.data)
    .data                                    0x200000e8   Section        4  stderr.o(.data)
    .data                                    0x200000ec   Section        4  stdout.o(.data)
    .data                                    0x200000f0   Section        4  errno.o(.data)
    _errno                                   0x200000f0   Data           4  errno.o(.data)
    .bss                                     0x200000f8   Section       76  tim_ctrl.o(.bss)
    .bss                                     0x20000144   Section      816  main.o(.bss)
    .bss                                     0x20000474   Section      384  tim.o(.bss)
    .bss                                     0x200005f4   Section      328  usart.o(.bss)
    EraseInitStruct                          0x20000628   Data          20  usart.o(.bss)
    .bss                                     0x2000073c   Section       28  stm32h7xx_hal_flash.o(.bss)
    .bss                                     0x20000758   Section      696  kinematic.o(.bss)
    .bss                                     0x20000a10   Section      168  solvecoord.o(.bss)
    .bss                                     0x20000ab8   Section     1168  solvefbi.o(.bss)
    STACK                                    0x20000f48   Section    11008  startup_stm32h743xx.o(STACK)

    Global Symbols

    Symbol Name                              Value     Ov Type        Size  Object(Section)

    BuildAttributes$$THM_ISAv4$E$P$D$K$B$S$7EM$VFPv5_D16$PE$PLD8$A:L22UL41UL21$X:L11$S22US41US21$IEEE1$IW$USESV6$~STKCKD$USESV7$~SHL$OTIME$ROPI$IEEEX$EBA8$MICROLIB$REQ8$PRES8$EABIv2 0x00000000   Number         0  anon$$obj.o ABSOLUTE
    __ARM_use_no_argv                        0x00000000   Number         0  main.o ABSOLUTE
    _printf_a                                0x00000000   Number         0  stubs.o ABSOLUTE
    _printf_c                                0x00000000   Number         0  stubs.o ABSOLUTE
    _printf_charcount                        0x00000000   Number         0  stubs.o ABSOLUTE
    _printf_d                                0x00000000   Number         0  stubs.o ABSOLUTE
    _printf_e                                0x00000000   Number         0  stubs.o ABSOLUTE
    _printf_f                                0x00000000   Number         0  stubs.o ABSOLUTE
    _printf_flags                            0x00000000   Number         0  stubs.o ABSOLUTE
    _printf_fp_dec                           0x00000000   Number         0  stubs.o ABSOLUTE
    _printf_fp_hex                           0x00000000   Number         0  stubs.o ABSOLUTE
    _printf_g                                0x00000000   Number         0  stubs.o ABSOLUTE
    _printf_i                                0x00000000   Number         0  stubs.o ABSOLUTE
    _printf_int_dec                          0x00000000   Number         0  stubs.o ABSOLUTE
    _printf_l                                0x00000000   Number         0  stubs.o ABSOLUTE
    _printf_lc                               0x00000000   Number         0  stubs.o ABSOLUTE
    _printf_ll                               0x00000000   Number         0  stubs.o ABSOLUTE
    _printf_lld                              0x00000000   Number         0  stubs.o ABSOLUTE
    _printf_lli                              0x00000000   Number         0  stubs.o ABSOLUTE
    _printf_llo                              0x00000000   Number         0  stubs.o ABSOLUTE
    _printf_llu                              0x00000000   Number         0  stubs.o ABSOLUTE
    _printf_llx                              0x00000000   Number         0  stubs.o ABSOLUTE
    _printf_longlong_dec                     0x00000000   Number         0  stubs.o ABSOLUTE
    _printf_longlong_hex                     0x00000000   Number         0  stubs.o ABSOLUTE
    _printf_longlong_oct                     0x00000000   Number         0  stubs.o ABSOLUTE
    _printf_ls                               0x00000000   Number         0  stubs.o ABSOLUTE
    _printf_mbtowc                           0x00000000   Number         0  stubs.o ABSOLUTE
    _printf_n                                0x00000000   Number         0  stubs.o ABSOLUTE
    _printf_o                                0x00000000   Number         0  stubs.o ABSOLUTE
    _printf_p                                0x00000000   Number         0  stubs.o ABSOLUTE
    _printf_percent                          0x00000000   Number         0  stubs.o ABSOLUTE
    _printf_pre_padding                      0x00000000   Number         0  stubs.o ABSOLUTE
    _printf_return_value                     0x00000000   Number         0  stubs.o ABSOLUTE
    _printf_s                                0x00000000   Number         0  stubs.o ABSOLUTE
    _printf_sizespec                         0x00000000   Number         0  stubs.o ABSOLUTE
    _printf_str                              0x00000000   Number         0  stubs.o ABSOLUTE
    _printf_truncate_signed                  0x00000000   Number         0  stubs.o ABSOLUTE
    _printf_truncate_unsigned                0x00000000   Number         0  stubs.o ABSOLUTE
    _printf_u                                0x00000000   Number         0  stubs.o ABSOLUTE
    _printf_wc                               0x00000000   Number         0  stubs.o ABSOLUTE
    _printf_wctomb                           0x00000000   Number         0  stubs.o ABSOLUTE
    _printf_widthprec                        0x00000000   Number         0  stubs.o ABSOLUTE
    _printf_x                                0x00000000   Number         0  stubs.o ABSOLUTE
    __cpp_initialize__aeabi_                  - Undefined Weak Reference
    __cxa_finalize                            - Undefined Weak Reference
    __decompress                              - Undefined Weak Reference
    _clock_init                               - Undefined Weak Reference
    _microlib_exit                            - Undefined Weak Reference
    _scanf_longlong                           - Undefined Weak Reference
    _scanf_string                             - Undefined Weak Reference
    __Vectors_Size                           0x00000298   Number         0  startup_stm32h743xx.o ABSOLUTE
    __Vectors                                0x08000000   Data           4  startup_stm32h743xx.o(RESET)
    __Vectors_End                            0x08000298   Data           0  startup_stm32h743xx.o(RESET)
    __main                                   0x08000299   Thumb Code     0  entry.o(.ARM.Collect$$$$00000000)
    _main_stk                                0x08000299   Thumb Code     0  entry2.o(.ARM.Collect$$$$00000001)
    _main_scatterload                        0x0800029d   Thumb Code     0  entry5.o(.ARM.Collect$$$$00000004)
    __main_after_scatterload                 0x080002a1   Thumb Code     0  entry5.o(.ARM.Collect$$$$00000004)
    _main_clock                              0x080002a1   Thumb Code     0  entry7b.o(.ARM.Collect$$$$00000008)
    _main_cpp_init                           0x080002a1   Thumb Code     0  entry8b.o(.ARM.Collect$$$$0000000A)
    _main_init                               0x080002a1   Thumb Code     0  entry9a.o(.ARM.Collect$$$$0000000B)
    __rt_final_cpp                           0x080002a9   Thumb Code     0  entry10a.o(.ARM.Collect$$$$0000000D)
    __rt_final_exit                          0x080002a9   Thumb Code     0  entry11a.o(.ARM.Collect$$$$0000000F)
    Reset_Handler                            0x080002ad   Thumb Code     8  startup_stm32h743xx.o(.text)
    ADC3_IRQHandler                          0x080002c7   Thumb Code     0  startup_stm32h743xx.o(.text)
    ADC_IRQHandler                           0x080002c7   Thumb Code     0  startup_stm32h743xx.o(.text)
    BDMA_Channel0_IRQHandler                 0x080002c7   Thumb Code     0  startup_stm32h743xx.o(.text)
    BDMA_Channel1_IRQHandler                 0x080002c7   Thumb Code     0  startup_stm32h743xx.o(.text)
    BDMA_Channel2_IRQHandler                 0x080002c7   Thumb Code     0  startup_stm32h743xx.o(.text)
    BDMA_Channel3_IRQHandler                 0x080002c7   Thumb Code     0  startup_stm32h743xx.o(.text)
    BDMA_Channel4_IRQHandler                 0x080002c7   Thumb Code     0  startup_stm32h743xx.o(.text)
    BDMA_Channel5_IRQHandler                 0x080002c7   Thumb Code     0  startup_stm32h743xx.o(.text)
    BDMA_Channel6_IRQHandler                 0x080002c7   Thumb Code     0  startup_stm32h743xx.o(.text)
    BDMA_Channel7_IRQHandler                 0x080002c7   Thumb Code     0  startup_stm32h743xx.o(.text)
    CEC_IRQHandler                           0x080002c7   Thumb Code     0  startup_stm32h743xx.o(.text)
    COMP1_IRQHandler                         0x080002c7   Thumb Code     0  startup_stm32h743xx.o(.text)
    CRS_IRQHandler                           0x080002c7   Thumb Code     0  startup_stm32h743xx.o(.text)
    DCMI_IRQHandler                          0x080002c7   Thumb Code     0  startup_stm32h743xx.o(.text)
    DFSDM1_FLT0_IRQHandler                   0x080002c7   Thumb Code     0  startup_stm32h743xx.o(.text)
    DFSDM1_FLT1_IRQHandler                   0x080002c7   Thumb Code     0  startup_stm32h743xx.o(.text)
    DFSDM1_FLT2_IRQHandler                   0x080002c7   Thumb Code     0  startup_stm32h743xx.o(.text)
    DFSDM1_FLT3_IRQHandler                   0x080002c7   Thumb Code     0  startup_stm32h743xx.o(.text)
    DMA1_Stream0_IRQHandler                  0x080002c7   Thumb Code     0  startup_stm32h743xx.o(.text)
    DMA1_Stream1_IRQHandler                  0x080002c7   Thumb Code     0  startup_stm32h743xx.o(.text)
    DMA1_Stream2_IRQHandler                  0x080002c7   Thumb Code     0  startup_stm32h743xx.o(.text)
    DMA1_Stream3_IRQHandler                  0x080002c7   Thumb Code     0  startup_stm32h743xx.o(.text)
    DMA1_Stream4_IRQHandler                  0x080002c7   Thumb Code     0  startup_stm32h743xx.o(.text)
    DMA1_Stream5_IRQHandler                  0x080002c7   Thumb Code     0  startup_stm32h743xx.o(.text)
    DMA1_Stream6_IRQHandler                  0x080002c7   Thumb Code     0  startup_stm32h743xx.o(.text)
    DMA1_Stream7_IRQHandler                  0x080002c7   Thumb Code     0  startup_stm32h743xx.o(.text)
    DMA2D_IRQHandler                         0x080002c7   Thumb Code     0  startup_stm32h743xx.o(.text)
    DMA2_Stream0_IRQHandler                  0x080002c7   Thumb Code     0  startup_stm32h743xx.o(.text)
    DMA2_Stream1_IRQHandler                  0x080002c7   Thumb Code     0  startup_stm32h743xx.o(.text)
    DMA2_Stream2_IRQHandler                  0x080002c7   Thumb Code     0  startup_stm32h743xx.o(.text)
    DMA2_Stream3_IRQHandler                  0x080002c7   Thumb Code     0  startup_stm32h743xx.o(.text)
    DMA2_Stream4_IRQHandler                  0x080002c7   Thumb Code     0  startup_stm32h743xx.o(.text)
    DMA2_Stream5_IRQHandler                  0x080002c7   Thumb Code     0  startup_stm32h743xx.o(.text)
    DMA2_Stream6_IRQHandler                  0x080002c7   Thumb Code     0  startup_stm32h743xx.o(.text)
    DMA2_Stream7_IRQHandler                  0x080002c7   Thumb Code     0  startup_stm32h743xx.o(.text)
    DMAMUX1_OVR_IRQHandler                   0x080002c7   Thumb Code     0  startup_stm32h743xx.o(.text)
    DMAMUX2_OVR_IRQHandler                   0x080002c7   Thumb Code     0  startup_stm32h743xx.o(.text)
    ETH_IRQHandler                           0x080002c7   Thumb Code     0  startup_stm32h743xx.o(.text)
    ETH_WKUP_IRQHandler                      0x080002c7   Thumb Code     0  startup_stm32h743xx.o(.text)
    EXTI0_IRQHandler                         0x080002c7   Thumb Code     0  startup_stm32h743xx.o(.text)
    EXTI1_IRQHandler                         0x080002c7   Thumb Code     0  startup_stm32h743xx.o(.text)
    EXTI2_IRQHandler                         0x080002c7   Thumb Code     0  startup_stm32h743xx.o(.text)
    EXTI3_IRQHandler                         0x080002c7   Thumb Code     0  startup_stm32h743xx.o(.text)
    EXTI4_IRQHandler                         0x080002c7   Thumb Code     0  startup_stm32h743xx.o(.text)
    EXTI9_5_IRQHandler                       0x080002c7   Thumb Code     0  startup_stm32h743xx.o(.text)
    FDCAN1_IT0_IRQHandler                    0x080002c7   Thumb Code     0  startup_stm32h743xx.o(.text)
    FDCAN1_IT1_IRQHandler                    0x080002c7   Thumb Code     0  startup_stm32h743xx.o(.text)
    FDCAN2_IT0_IRQHandler                    0x080002c7   Thumb Code     0  startup_stm32h743xx.o(.text)
    FDCAN2_IT1_IRQHandler                    0x080002c7   Thumb Code     0  startup_stm32h743xx.o(.text)
    FDCAN_CAL_IRQHandler                     0x080002c7   Thumb Code     0  startup_stm32h743xx.o(.text)
    FLASH_IRQHandler                         0x080002c7   Thumb Code     0  startup_stm32h743xx.o(.text)
    FMC_IRQHandler                           0x080002c7   Thumb Code     0  startup_stm32h743xx.o(.text)
    FPU_IRQHandler                           0x080002c7   Thumb Code     0  startup_stm32h743xx.o(.text)
    HRTIM1_FLT_IRQHandler                    0x080002c7   Thumb Code     0  startup_stm32h743xx.o(.text)
    HRTIM1_Master_IRQHandler                 0x080002c7   Thumb Code     0  startup_stm32h743xx.o(.text)
    HRTIM1_TIMA_IRQHandler                   0x080002c7   Thumb Code     0  startup_stm32h743xx.o(.text)
    HRTIM1_TIMB_IRQHandler                   0x080002c7   Thumb Code     0  startup_stm32h743xx.o(.text)
    HRTIM1_TIMC_IRQHandler                   0x080002c7   Thumb Code     0  startup_stm32h743xx.o(.text)
    HRTIM1_TIMD_IRQHandler                   0x080002c7   Thumb Code     0  startup_stm32h743xx.o(.text)
    HRTIM1_TIME_IRQHandler                   0x080002c7   Thumb Code     0  startup_stm32h743xx.o(.text)
    HSEM1_IRQHandler                         0x080002c7   Thumb Code     0  startup_stm32h743xx.o(.text)
    I2C1_ER_IRQHandler                       0x080002c7   Thumb Code     0  startup_stm32h743xx.o(.text)
    I2C1_EV_IRQHandler                       0x080002c7   Thumb Code     0  startup_stm32h743xx.o(.text)
    I2C2_ER_IRQHandler                       0x080002c7   Thumb Code     0  startup_stm32h743xx.o(.text)
    I2C2_EV_IRQHandler                       0x080002c7   Thumb Code     0  startup_stm32h743xx.o(.text)
    I2C3_ER_IRQHandler                       0x080002c7   Thumb Code     0  startup_stm32h743xx.o(.text)
    I2C3_EV_IRQHandler                       0x080002c7   Thumb Code     0  startup_stm32h743xx.o(.text)
    I2C4_ER_IRQHandler                       0x080002c7   Thumb Code     0  startup_stm32h743xx.o(.text)
    I2C4_EV_IRQHandler                       0x080002c7   Thumb Code     0  startup_stm32h743xx.o(.text)
    JPEG_IRQHandler                          0x080002c7   Thumb Code     0  startup_stm32h743xx.o(.text)
    LPTIM1_IRQHandler                        0x080002c7   Thumb Code     0  startup_stm32h743xx.o(.text)
    LPTIM2_IRQHandler                        0x080002c7   Thumb Code     0  startup_stm32h743xx.o(.text)
    LPTIM3_IRQHandler                        0x080002c7   Thumb Code     0  startup_stm32h743xx.o(.text)
    LPTIM4_IRQHandler                        0x080002c7   Thumb Code     0  startup_stm32h743xx.o(.text)
    LPTIM5_IRQHandler                        0x080002c7   Thumb Code     0  startup_stm32h743xx.o(.text)
    LPUART1_IRQHandler                       0x080002c7   Thumb Code     0  startup_stm32h743xx.o(.text)
    LTDC_ER_IRQHandler                       0x080002c7   Thumb Code     0  startup_stm32h743xx.o(.text)
    LTDC_IRQHandler                          0x080002c7   Thumb Code     0  startup_stm32h743xx.o(.text)
    MDIOS_IRQHandler                         0x080002c7   Thumb Code     0  startup_stm32h743xx.o(.text)
    MDIOS_WKUP_IRQHandler                    0x080002c7   Thumb Code     0  startup_stm32h743xx.o(.text)
    MDMA_IRQHandler                          0x080002c7   Thumb Code     0  startup_stm32h743xx.o(.text)
    OTG_FS_EP1_IN_IRQHandler                 0x080002c7   Thumb Code     0  startup_stm32h743xx.o(.text)
    OTG_FS_EP1_OUT_IRQHandler                0x080002c7   Thumb Code     0  startup_stm32h743xx.o(.text)
    OTG_FS_IRQHandler                        0x080002c7   Thumb Code     0  startup_stm32h743xx.o(.text)
    OTG_FS_WKUP_IRQHandler                   0x080002c7   Thumb Code     0  startup_stm32h743xx.o(.text)
    OTG_HS_EP1_IN_IRQHandler                 0x080002c7   Thumb Code     0  startup_stm32h743xx.o(.text)
    OTG_HS_EP1_OUT_IRQHandler                0x080002c7   Thumb Code     0  startup_stm32h743xx.o(.text)
    OTG_HS_IRQHandler                        0x080002c7   Thumb Code     0  startup_stm32h743xx.o(.text)
    OTG_HS_WKUP_IRQHandler                   0x080002c7   Thumb Code     0  startup_stm32h743xx.o(.text)
    PVD_AVD_IRQHandler                       0x080002c7   Thumb Code     0  startup_stm32h743xx.o(.text)
    QUADSPI_IRQHandler                       0x080002c7   Thumb Code     0  startup_stm32h743xx.o(.text)
    RCC_IRQHandler                           0x080002c7   Thumb Code     0  startup_stm32h743xx.o(.text)
    RNG_IRQHandler                           0x080002c7   Thumb Code     0  startup_stm32h743xx.o(.text)
    RTC_Alarm_IRQHandler                     0x080002c7   Thumb Code     0  startup_stm32h743xx.o(.text)
    RTC_WKUP_IRQHandler                      0x080002c7   Thumb Code     0  startup_stm32h743xx.o(.text)
    SAI1_IRQHandler                          0x080002c7   Thumb Code     0  startup_stm32h743xx.o(.text)
    SAI2_IRQHandler                          0x080002c7   Thumb Code     0  startup_stm32h743xx.o(.text)
    SAI3_IRQHandler                          0x080002c7   Thumb Code     0  startup_stm32h743xx.o(.text)
    SAI4_IRQHandler                          0x080002c7   Thumb Code     0  startup_stm32h743xx.o(.text)
    SDMMC1_IRQHandler                        0x080002c7   Thumb Code     0  startup_stm32h743xx.o(.text)
    SDMMC2_IRQHandler                        0x080002c7   Thumb Code     0  startup_stm32h743xx.o(.text)
    SPDIF_RX_IRQHandler                      0x080002c7   Thumb Code     0  startup_stm32h743xx.o(.text)
    SPI1_IRQHandler                          0x080002c7   Thumb Code     0  startup_stm32h743xx.o(.text)
    SPI2_IRQHandler                          0x080002c7   Thumb Code     0  startup_stm32h743xx.o(.text)
    SPI3_IRQHandler                          0x080002c7   Thumb Code     0  startup_stm32h743xx.o(.text)
    SPI4_IRQHandler                          0x080002c7   Thumb Code     0  startup_stm32h743xx.o(.text)
    SPI5_IRQHandler                          0x080002c7   Thumb Code     0  startup_stm32h743xx.o(.text)
    SPI6_IRQHandler                          0x080002c7   Thumb Code     0  startup_stm32h743xx.o(.text)
    SWPMI1_IRQHandler                        0x080002c7   Thumb Code     0  startup_stm32h743xx.o(.text)
    TAMP_STAMP_IRQHandler                    0x080002c7   Thumb Code     0  startup_stm32h743xx.o(.text)
    TIM15_IRQHandler                         0x080002c7   Thumb Code     0  startup_stm32h743xx.o(.text)
    TIM17_IRQHandler                         0x080002c7   Thumb Code     0  startup_stm32h743xx.o(.text)
    TIM1_BRK_IRQHandler                      0x080002c7   Thumb Code     0  startup_stm32h743xx.o(.text)
    TIM1_CC_IRQHandler                       0x080002c7   Thumb Code     0  startup_stm32h743xx.o(.text)
    TIM1_TRG_COM_IRQHandler                  0x080002c7   Thumb Code     0  startup_stm32h743xx.o(.text)
    TIM1_UP_IRQHandler                       0x080002c7   Thumb Code     0  startup_stm32h743xx.o(.text)
    TIM2_IRQHandler                          0x080002c7   Thumb Code     0  startup_stm32h743xx.o(.text)
    TIM6_DAC_IRQHandler                      0x080002c7   Thumb Code     0  startup_stm32h743xx.o(.text)
    TIM7_IRQHandler                          0x080002c7   Thumb Code     0  startup_stm32h743xx.o(.text)
    TIM8_BRK_TIM12_IRQHandler                0x080002c7   Thumb Code     0  startup_stm32h743xx.o(.text)
    TIM8_CC_IRQHandler                       0x080002c7   Thumb Code     0  startup_stm32h743xx.o(.text)
    TIM8_UP_TIM13_IRQHandler                 0x080002c7   Thumb Code     0  startup_stm32h743xx.o(.text)
    UART4_IRQHandler                         0x080002c7   Thumb Code     0  startup_stm32h743xx.o(.text)
    UART5_IRQHandler                         0x080002c7   Thumb Code     0  startup_stm32h743xx.o(.text)
    UART7_IRQHandler                         0x080002c7   Thumb Code     0  startup_stm32h743xx.o(.text)
    UART8_IRQHandler                         0x080002c7   Thumb Code     0  startup_stm32h743xx.o(.text)
    USART1_IRQHandler                        0x080002c7   Thumb Code     0  startup_stm32h743xx.o(.text)
    USART6_IRQHandler                        0x080002c7   Thumb Code     0  startup_stm32h743xx.o(.text)
    WAKEUP_PIN_IRQHandler                    0x080002c7   Thumb Code     0  startup_stm32h743xx.o(.text)
    WWDG_IRQHandler                          0x080002c7   Thumb Code     0  startup_stm32h743xx.o(.text)
    __aeabi_uldivmod                         0x080002d1   Thumb Code    98  uldiv.o(.text)
    __aeabi_memcpy                           0x08000333   Thumb Code    36  memcpya.o(.text)
    __aeabi_memcpy4                          0x08000333   Thumb Code     0  memcpya.o(.text)
    __aeabi_memcpy8                          0x08000333   Thumb Code     0  memcpya.o(.text)
    __aeabi_memset                           0x08000357   Thumb Code    14  memseta.o(.text)
    __aeabi_memset4                          0x08000357   Thumb Code     0  memseta.o(.text)
    __aeabi_memset8                          0x08000357   Thumb Code     0  memseta.o(.text)
    __aeabi_memclr                           0x08000365   Thumb Code     4  memseta.o(.text)
    __aeabi_memclr4                          0x08000365   Thumb Code     0  memseta.o(.text)
    __aeabi_memclr8                          0x08000365   Thumb Code     0  memseta.o(.text)
    _memset$wrapper                          0x08000369   Thumb Code    18  memseta.o(.text)
    __aeabi_uidiv                            0x0800037b   Thumb Code     0  uidiv.o(.text)
    __aeabi_uidivmod                         0x0800037b   Thumb Code    44  uidiv.o(.text)
    __aeabi_llsl                             0x080003a7   Thumb Code    30  llshl.o(.text)
    _ll_shift_l                              0x080003a7   Thumb Code     0  llshl.o(.text)
    __aeabi_llsr                             0x080003c5   Thumb Code    32  llushr.o(.text)
    _ll_ushift_r                             0x080003c5   Thumb Code     0  llushr.o(.text)
    __I$use$fp                               0x080003e5   Thumb Code     0  iusefp.o(.text)
    __aeabi_dadd                             0x080003e5   Thumb Code   322  dadd.o(.text)
    __aeabi_dsub                             0x08000527   Thumb Code     6  dadd.o(.text)
    __aeabi_drsub                            0x0800052d   Thumb Code     6  dadd.o(.text)
    __aeabi_dmul                             0x08000533   Thumb Code   228  dmul.o(.text)
    __aeabi_ddiv                             0x08000617   Thumb Code   222  ddiv.o(.text)
    __ARM_scalbn                             0x080006f5   Thumb Code    46  dscalb.o(.text)
    scalbn                                   0x080006f5   Thumb Code     0  dscalb.o(.text)
    __aeabi_d2ulz                            0x08000723   Thumb Code    48  dfixul.o(.text)
    __aeabi_cdrcmple                         0x08000755   Thumb Code    48  cdrcmple.o(.text)
    __scatterload                            0x08000785   Thumb Code    28  init.o(.text)
    __scatterload_rt2                        0x08000785   Thumb Code     0  init.o(.text)
    __aeabi_lasr                             0x080007a9   Thumb Code    36  llsshr.o(.text)
    _ll_sshift_r                             0x080007a9   Thumb Code     0  llsshr.o(.text)
    _double_round                            0x080007cd   Thumb Code    30  depilogue.o(.text)
    _double_epilogue                         0x080007eb   Thumb Code   156  depilogue.o(.text)
    BoardEn                                  0x08000889   Thumb Code    60  usart.o(i.BoardEn)
    BusFault_Handler                         0x080008cd   Thumb Code     4  stm32h7xx_it.o(i.BusFault_Handler)
    CPointSolve                              0x080008d1   Thumb Code 89516  solvecoord.o(i.CPointSolve)
    CalcMotorForce                           0x0801668d   Thumb Code   134  usart.o(i.CalcMotorForce)
    CheckPoint                               0x08016715   Thumb Code  3228  solvecoord.o(i.CheckPoint)
    ClcTorque                                0x080173bd   Thumb Code   114  solvefbi.o(i.ClcTorque)
    Cross                                    0x0801742f   Thumb Code   114  solvefbi.o(i.Cross)
    CtrlPwmSum                               0x080174a1   Thumb Code    64  tim_ctrl.o(i.CtrlPwmSum)
    CtrlStruct_Init                          0x080174e5   Thumb Code    42  main.o(i.CtrlStruct_Init)
    DataCoverInt2Char                        0x0801751d   Thumb Code    38  usart.o(i.DataCoverInt2Char)
    DebugMon_Handler                         0x08017543   Thumb Code     2  stm32h7xx_it.o(i.DebugMon_Handler)
    DpointSolve                              0x08017545   Thumb Code    94  solvefbi.o(i.DpointSolve)
    EXTI15_10_IRQHandler                     0x080175a3   Thumb Code    12  stm32h7xx_it.o(i.EXTI15_10_IRQHandler)
    EnCounter2q                              0x080175b1   Thumb Code   128  tim_ctrl.o(i.EnCounter2q)
    EncoderClear                             0x08017641   Thumb Code    52  main.o(i.EncoderClear)
    EncoderFdbk                              0x0801768d   Thumb Code   174  usart.o(i.EncoderFdbk)
    EncoderFlow                              0x08017751   Thumb Code    64  tim_ctrl.o(i.EncoderFlow)
    EncoderUpdate                            0x08017791   Thumb Code    54  tim_ctrl.o(i.EncoderUpdate)
    Error_Handler                            0x080177c7   Thumb Code     2  main.o(i.Error_Handler)
    FLASH_Erase_Sector                       0x080177c9   Thumb Code   136  stm32h7xx_hal_flash_ex.o(i.FLASH_Erase_Sector)
    FLASH_WaitForLastOperation               0x08017ae9   Thumb Code   222  stm32h7xx_hal_flash.o(i.FLASH_WaitForLastOperation)
    FbSolve                                  0x08017be1   Thumb Code  2866  solvefbi.o(i.FbSolve)
    FlashChange                              0x08018759   Thumb Code   110  usart.o(i.FlashChange)
    FlashFDBK                                0x080187dd   Thumb Code   250  usart.o(i.FlashFDBK)
    FlashInit                                0x080188e9   Thumb Code    68  usart.o(i.FlashInit)
    ForwardKinematic                         0x08018941   Thumb Code   758  kinematic.o(i.ForwardKinematic)
    FricCalcu                                0x08018c5d   Thumb Code   370  tim_ctrl.o(i.FricCalcu)
    GraviInit                                0x08018ded   Thumb Code  1264  solvefbi.o(i.GraviInit)
    GriverCalc                               0x080192e5   Thumb Code   144  tim_ctrl.o(i.GriverCalc)
    HAL_DMA_Abort_IT                         0x0801938d   Thumb Code   236  stm32h7xx_hal_dma.o(i.HAL_DMA_Abort_IT)
    HAL_Delay                                0x08019485   Thumb Code    36  stm32h7xx_hal.o(i.HAL_Delay)
    HAL_FLASHEx_Erase                        0x080194ad   Thumb Code   290  stm32h7xx_hal_flash_ex.o(i.HAL_FLASHEx_Erase)
    HAL_FLASH_Lock                           0x080195dd   Thumb Code    28  stm32h7xx_hal_flash.o(i.HAL_FLASH_Lock)
    HAL_FLASH_Program                        0x08019601   Thumb Code   284  stm32h7xx_hal_flash.o(i.HAL_FLASH_Program)
    HAL_FLASH_Unlock                         0x0801972d   Thumb Code    56  stm32h7xx_hal_flash.o(i.HAL_FLASH_Unlock)
    HAL_GPIO_EXTI_Callback                   0x08019775   Thumb Code   124  tim_ctrl.o(i.HAL_GPIO_EXTI_Callback)
    HAL_GPIO_EXTI_IRQHandler                 0x08019801   Thumb Code    24  stm32h7xx_hal_gpio.o(i.HAL_GPIO_EXTI_IRQHandler)
    HAL_GPIO_Init                            0x0801981d   Thumb Code   534  stm32h7xx_hal_gpio.o(i.HAL_GPIO_Init)
    HAL_GPIO_ReadPin                         0x08019a69   Thumb Code    16  stm32h7xx_hal_gpio.o(i.HAL_GPIO_ReadPin)
    HAL_GPIO_WritePin                        0x08019a79   Thumb Code    10  stm32h7xx_hal_gpio.o(i.HAL_GPIO_WritePin)
    HAL_GetTick                              0x08019a85   Thumb Code     6  stm32h7xx_hal.o(i.HAL_GetTick)
    HAL_IncTick                              0x08019a91   Thumb Code    16  stm32h7xx_hal.o(i.HAL_IncTick)
    HAL_Init                                 0x08019aa9   Thumb Code    28  stm32h7xx_hal.o(i.HAL_Init)
    HAL_InitTick                             0x08019ac5   Thumb Code    64  stm32h7xx_hal.o(i.HAL_InitTick)
    HAL_MspInit                              0x08019b11   Thumb Code    38  stm32h7xx_hal_msp.o(i.HAL_MspInit)
    HAL_NVIC_EnableIRQ                       0x08019b3d   Thumb Code    32  stm32h7xx_hal_cortex.o(i.HAL_NVIC_EnableIRQ)
    HAL_NVIC_SetPriority                     0x08019b5d   Thumb Code   122  stm32h7xx_hal_cortex.o(i.HAL_NVIC_SetPriority)
    HAL_NVIC_SetPriorityGrouping             0x08019bd9   Thumb Code    32  stm32h7xx_hal_cortex.o(i.HAL_NVIC_SetPriorityGrouping)
    HAL_RCCEx_GetD1SysClockFreq              0x08019c01   Thumb Code    44  stm32h7xx_hal_rcc_ex.o(i.HAL_RCCEx_GetD1SysClockFreq)
    HAL_RCCEx_GetD3PCLK1Freq                 0x08019c39   Thumb Code    34  stm32h7xx_hal_rcc_ex.o(i.HAL_RCCEx_GetD3PCLK1Freq)
    HAL_RCCEx_GetPLL2ClockFreq               0x08019c65   Thumb Code   532  stm32h7xx_hal_rcc_ex.o(i.HAL_RCCEx_GetPLL2ClockFreq)
    HAL_RCCEx_GetPLL3ClockFreq               0x08019e91   Thumb Code   532  stm32h7xx_hal_rcc_ex.o(i.HAL_RCCEx_GetPLL3ClockFreq)
    HAL_RCCEx_PeriphCLKConfig                0x0801a0bd   Thumb Code  2868  stm32h7xx_hal_rcc_ex.o(i.HAL_RCCEx_PeriphCLKConfig)
    HAL_RCC_ClockConfig                      0x0801abf5   Thumb Code   574  stm32h7xx_hal_rcc.o(i.HAL_RCC_ClockConfig)
    HAL_RCC_GetHCLKFreq                      0x0801ae45   Thumb Code    42  stm32h7xx_hal_rcc.o(i.HAL_RCC_GetHCLKFreq)
    HAL_RCC_GetPCLK1Freq                     0x0801ae7d   Thumb Code    34  stm32h7xx_hal_rcc.o(i.HAL_RCC_GetPCLK1Freq)
    HAL_RCC_GetPCLK2Freq                     0x0801aea9   Thumb Code    36  stm32h7xx_hal_rcc.o(i.HAL_RCC_GetPCLK2Freq)
    HAL_RCC_GetSysClockFreq                  0x0801aed5   Thumb Code   556  stm32h7xx_hal_rcc.o(i.HAL_RCC_GetSysClockFreq)
    HAL_RCC_OscConfig                        0x0801b119   Thumb Code  1716  stm32h7xx_hal_rcc.o(i.HAL_RCC_OscConfig)
    HAL_SYSTICK_Config                       0x0801b7d5   Thumb Code    52  stm32h7xx_hal_cortex.o(i.HAL_SYSTICK_Config)
    HAL_TIMEx_BreakCallback                  0x0801b809   Thumb Code     2  stm32h7xx_hal_tim_ex.o(i.HAL_TIMEx_BreakCallback)
    HAL_TIMEx_CommutationCallback            0x0801b80b   Thumb Code     2  stm32h7xx_hal_tim_ex.o(i.HAL_TIMEx_CommutationCallback)
    HAL_TIMEx_ConfigBreakDeadTime            0x0801b80d   Thumb Code   172  stm32h7xx_hal_tim_ex.o(i.HAL_TIMEx_ConfigBreakDeadTime)
    HAL_TIMEx_MasterConfigSynchronization    0x0801b8c1   Thumb Code    98  stm32h7xx_hal_tim_ex.o(i.HAL_TIMEx_MasterConfigSynchronization)
    HAL_TIM_Base_Init                        0x0801b92d   Thumb Code    52  stm32h7xx_hal_tim.o(i.HAL_TIM_Base_Init)
    HAL_TIM_Base_MspInit                     0x0801b961   Thumb Code   116  tim.o(i.HAL_TIM_Base_MspInit)
    HAL_TIM_Base_Start_IT                    0x0801b9e1   Thumb Code    30  stm32h7xx_hal_tim.o(i.HAL_TIM_Base_Start_IT)
    HAL_TIM_Base_Stop_IT                     0x0801b9ff   Thumb Code    56  stm32h7xx_hal_tim.o(i.HAL_TIM_Base_Stop_IT)
    HAL_TIM_Encoder_Init                     0x0801ba39   Thumb Code   180  stm32h7xx_hal_tim.o(i.HAL_TIM_Encoder_Init)
    HAL_TIM_Encoder_MspInit                  0x0801baf1   Thumb Code   406  tim.o(i.HAL_TIM_Encoder_MspInit)
    HAL_TIM_IC_CaptureCallback               0x0801bca5   Thumb Code     2  stm32h7xx_hal_tim.o(i.HAL_TIM_IC_CaptureCallback)
    HAL_TIM_IRQHandler                       0x0801bca7   Thumb Code   440  stm32h7xx_hal_tim.o(i.HAL_TIM_IRQHandler)
    HAL_TIM_MspPostInit                      0x0801be61   Thumb Code    82  tim.o(i.HAL_TIM_MspPostInit)
    HAL_TIM_OC_DelayElapsedCallback          0x0801bec1   Thumb Code     2  stm32h7xx_hal_tim.o(i.HAL_TIM_OC_DelayElapsedCallback)
    HAL_TIM_PWM_ConfigChannel                0x0801bec3   Thumb Code   372  stm32h7xx_hal_tim.o(i.HAL_TIM_PWM_ConfigChannel)
    HAL_TIM_PWM_Init                         0x0801c037   Thumb Code    52  stm32h7xx_hal_tim.o(i.HAL_TIM_PWM_Init)
    HAL_TIM_PWM_MspInit                      0x0801c06d   Thumb Code    40  tim.o(i.HAL_TIM_PWM_MspInit)
    HAL_TIM_PWM_PulseFinishedCallback        0x0801c09d   Thumb Code     2  stm32h7xx_hal_tim.o(i.HAL_TIM_PWM_PulseFinishedCallback)
    HAL_TIM_PWM_Start                        0x0801c0a1   Thumb Code    92  stm32h7xx_hal_tim.o(i.HAL_TIM_PWM_Start)
    HAL_TIM_PeriodElapsedCallback            0x0801c111   Thumb Code   678  tim_ctrl.o(i.HAL_TIM_PeriodElapsedCallback)
    HAL_TIM_TriggerCallback                  0x0801c415   Thumb Code     2  stm32h7xx_hal_tim.o(i.HAL_TIM_TriggerCallback)
    HAL_UARTEx_WakeupCallback                0x0801c417   Thumb Code     2  stm32h7xx_hal_uart_ex.o(i.HAL_UARTEx_WakeupCallback)
    HAL_UART_ErrorCallback                   0x0801c419   Thumb Code     2  stm32h7xx_hal_uart.o(i.HAL_UART_ErrorCallback)
    HAL_UART_IRQHandler                      0x0801c41d   Thumb Code   434  stm32h7xx_hal_uart.o(i.HAL_UART_IRQHandler)
    HAL_UART_Init                            0x0801c5d9   Thumb Code   120  stm32h7xx_hal_uart.o(i.HAL_UART_Init)
    HAL_UART_MspInit                         0x0801c651   Thumb Code   294  usart.o(i.HAL_UART_MspInit)
    HAL_UART_Receive_IT                      0x0801c78d   Thumb Code   224  stm32h7xx_hal_uart.o(i.HAL_UART_Receive_IT)
    HAL_UART_RxCpltCallback                  0x0801c86d   Thumb Code    56  usart.o(i.HAL_UART_RxCpltCallback)
    HAL_UART_Transmit                        0x0801c8b1   Thumb Code   198  stm32h7xx_hal_uart.o(i.HAL_UART_Transmit)
    HAL_UART_TxCpltCallback                  0x0801c977   Thumb Code     2  stm32h7xx_hal_uart.o(i.HAL_UART_TxCpltCallback)
    HardFault_Handler                        0x0801c979   Thumb Code     4  stm32h7xx_it.o(i.HardFault_Handler)
    InertiaCalcu                             0x0801c97d   Thumb Code    46  tim_ctrl.o(i.InertiaCalcu)
    InputDataCheck                           0x0801c9b5   Thumb Code   368  main.o(i.InputDataCheck)
    Jacobian                                 0x0801cb65   Thumb Code 215660  kinematic.o(i.Jacobian)
    Kinematic                                0x080515ed   Thumb Code   124  main.o(i.Kinematic)
    MX_GPIO_Init                             0x08051685   Thumb Code   536  gpio.o(i.MX_GPIO_Init)
    MX_TIM14_Init                            0x080518b9   Thumb Code    40  tim.o(i.MX_TIM14_Init)
    MX_TIM16_Init                            0x080518e9   Thumb Code    46  tim.o(i.MX_TIM16_Init)
    MX_TIM1_Init                             0x08051921   Thumb Code   228  tim.o(i.MX_TIM1_Init)
    MX_TIM3_Init                             0x08051a0d   Thumb Code   122  tim.o(i.MX_TIM3_Init)
    MX_TIM4_Init                             0x08051a91   Thumb Code   122  tim.o(i.MX_TIM4_Init)
    MX_TIM5_Init                             0x08051b15   Thumb Code   122  tim.o(i.MX_TIM5_Init)
    MX_USART2_UART_Init                      0x08051b99   Thumb Code    64  usart.o(i.MX_USART2_UART_Init)
    MX_USART3_UART_Init                      0x08051be1   Thumb Code    64  usart.o(i.MX_USART3_UART_Init)
    MakeVector                               0x08051c29   Thumb Code    74  solvefbi.o(i.MakeVector)
    MemManage_Handler                        0x08051c73   Thumb Code     4  stm32h7xx_it.o(i.MemManage_Handler)
    Motor1PWM                                0x08051c79   Thumb Code    24  motor.o(i.Motor1PWM)
    Motor2PWM                                0x08051c95   Thumb Code    24  motor.o(i.Motor2PWM)
    Motor3PWM                                0x08051cb1   Thumb Code    24  motor.o(i.Motor3PWM)
    MotorPWMFdbk                             0x08051ccd   Thumb Code   174  usart.o(i.MotorPWMFdbk)
    MotorPwmMid                              0x08051d89   Thumb Code    72  motor.o(i.MotorPwmMid)
    MotorState                               0x08051dd5   Thumb Code   264  tim_ctrl.o(i.MotorState)
    NMI_Handler                              0x08051edd   Thumb Code     2  stm32h7xx_it.o(i.NMI_Handler)
    OutputDataCheck                          0x08051ee1   Thumb Code   344  main.o(i.OutputDataCheck)
    ParaInit                                 0x08052049   Thumb Code    50  main.o(i.ParaInit)
    PendSV_Handler                           0x08052081   Thumb Code     2  stm32h7xx_it.o(i.PendSV_Handler)
    PpointSolve                              0x08052083   Thumb Code   256  solvefbi.o(i.PpointSolve)
    PullPushSpeed                            0x08052185   Thumb Code    44  tim_ctrl.o(i.PullPushSpeed)
    Relation                                 0x08052419   Thumb Code 16872  kinematic.o(i.Relation)
    STMFLASH_Write                           0x08056621   Thumb Code    94  stmflash.o(i.STMFLASH_Write)
    SVC_Handler                              0x0805667f   Thumb Code     2  stm32h7xx_it.o(i.SVC_Handler)
    SetMotorPWM                              0x08056681   Thumb Code    28  motor.o(i.SetMotorPWM)
    SolveMotorForce                          0x080566a9   Thumb Code   430  solvefbi.o(i.SolveMotorForce)
    SwDynFri                                 0x08056859   Thumb Code    20  usart.o(i.SwDynFri)
    SwGra                                    0x08056879   Thumb Code    20  usart.o(i.SwGra)
    SwIner                                   0x08056899   Thumb Code    20  usart.o(i.SwIner)
    SwStaFri                                 0x080568b9   Thumb Code    20  usart.o(i.SwStaFri)
    SysTick_Handler                          0x080568d9   Thumb Code     8  stm32h7xx_it.o(i.SysTick_Handler)
    SystemClock_Config                       0x080568e1   Thumb Code   224  main.o(i.SystemClock_Config)
    SystemInit                               0x080569c5   Thumb Code   130  system_stm32h7xx.o(i.SystemInit)
    TIM16_IRQHandler                         0x08056a59   Thumb Code    10  stm32h7xx_it.o(i.TIM16_IRQHandler)
    TIM3_IRQHandler                          0x08056a69   Thumb Code    10  stm32h7xx_it.o(i.TIM3_IRQHandler)
    TIM4_IRQHandler                          0x08056a79   Thumb Code    10  stm32h7xx_it.o(i.TIM4_IRQHandler)
    TIM5_IRQHandler                          0x08056a89   Thumb Code    10  stm32h7xx_it.o(i.TIM5_IRQHandler)
    TIM8_TRG_COM_TIM14_IRQHandler            0x08056a99   Thumb Code    10  stm32h7xx_it.o(i.TIM8_TRG_COM_TIM14_IRQHandler)
    TIM_Base_SetConfig                       0x08056aa9   Thumb Code   172  stm32h7xx_hal_tim.o(i.TIM_Base_SetConfig)
    TIM_CCxChannelCmd                        0x08056b75   Thumb Code    28  stm32h7xx_hal_tim.o(i.TIM_CCxChannelCmd)
    TIM_OC1_SetConfig                        0x08056b91   Thumb Code   152  stm32h7xx_hal_tim.o(i.TIM_OC1_SetConfig)
    TIM_OC2_SetConfig                        0x08056c41   Thumb Code   162  stm32h7xx_hal_tim.o(i.TIM_OC2_SetConfig)
    TIM_OC3_SetConfig                        0x08056cfd   Thumb Code   160  stm32h7xx_hal_tim.o(i.TIM_OC3_SetConfig)
    TIM_OC4_SetConfig                        0x08056db1   Thumb Code    98  stm32h7xx_hal_tim.o(i.TIM_OC4_SetConfig)
    TorqurStruSum                            0x08056f0d   Thumb Code    98  solvefbi.o(i.TorqurStruSum)
    TorqurStruSum2                           0x08056f6f   Thumb Code    74  solvefbi.o(i.TorqurStruSum2)
    UART_AdvFeatureConfig                    0x08056fb9   Thumb Code   234  stm32h7xx_hal_uart.o(i.UART_AdvFeatureConfig)
    UART_CheckIdleState                      0x080570a3   Thumb Code   116  stm32h7xx_hal_uart.o(i.UART_CheckIdleState)
    UART_SetConfig                           0x080571f9   Thumb Code  2452  stm32h7xx_hal_uart.o(i.UART_SetConfig)
    UART_WaitOnFlagUntilTimeout              0x08057c1f   Thumb Code   108  stm32h7xx_hal_uart.o(i.UART_WaitOnFlagUntilTimeout)
    USART2Interrupt                          0x08057c8d   Thumb Code   672  usart.o(i.USART2Interrupt)
    USART2_IRQHandler                        0x08057f4d   Thumb Code    10  stm32h7xx_it.o(i.USART2_IRQHandler)
    USART3Interrupt                          0x08057f5d   Thumb Code   242  usart.o(i.USART3Interrupt)
    USART3_IRQHandler                        0x08058071   Thumb Code    10  stm32h7xx_it.o(i.USART3_IRQHandler)
    UartDataConver                           0x08058081   Thumb Code   100  usart.o(i.UartDataConver)
    UsageFault_Handler                       0x080580e9   Thumb Code     4  stm32h7xx_it.o(i.UsageFault_Handler)
    VarDataInit                              0x080580ed   Thumb Code    68  kinematic.o(i.VarDataInit)
    VecCross                                 0x08058151   Thumb Code    38  solvecoord.o(i.VecCross)
    VecUint                                  0x08058177   Thumb Code   158  solvefbi.o(i.VecUint)
    VectorStruPrint                          0x08058215   Thumb Code     2  solvefbi.o(i.VectorStruPrint)
    __0fprintf                               0x08058219   Thumb Code    22  printfa.o(i.__0fprintf)
    __1fprintf                               0x08058219   Thumb Code     0  printfa.o(i.__0fprintf)
    __2fprintf                               0x08058219   Thumb Code     0  printfa.o(i.__0fprintf)
    __c89fprintf                             0x08058219   Thumb Code     0  printfa.o(i.__0fprintf)
    fprintf                                  0x08058219   Thumb Code     0  printfa.o(i.__0fprintf)
    __0printf                                0x08058235   Thumb Code    22  printfa.o(i.__0printf)
    __1printf                                0x08058235   Thumb Code     0  printfa.o(i.__0printf)
    __2printf                                0x08058235   Thumb Code     0  printfa.o(i.__0printf)
    __c89printf                              0x08058235   Thumb Code     0  printfa.o(i.__0printf)
    printf                                   0x08058235   Thumb Code     0  printfa.o(i.__0printf)
    __ARM_fpclassify                         0x08058255   Thumb Code    48  fpclassify.o(i.__ARM_fpclassify)
    __hardfp_acos                            0x080582c1   Thumb Code   422  acos.o(i.__hardfp_acos)
    __hardfp_pow                             0x080584d9   Thumb Code  2140  pow.o(i.__hardfp_pow)
    __hardfp_sqrt                            0x08058dd1   Thumb Code   102  sqrt.o(i.__hardfp_sqrt)
    __kernel_poly                            0x08058e37   Thumb Code   112  poly.o(i.__kernel_poly)
    __mathlib_dbl_divzero                    0x08058ea9   Thumb Code    14  dunder.o(i.__mathlib_dbl_divzero)
    __mathlib_dbl_infnan                     0x08058ec9   Thumb Code     6  dunder.o(i.__mathlib_dbl_infnan)
    __mathlib_dbl_infnan2                    0x08058ecf   Thumb Code     6  dunder.o(i.__mathlib_dbl_infnan2)
    __mathlib_dbl_invalid                    0x08058ed9   Thumb Code    10  dunder.o(i.__mathlib_dbl_invalid)
    __mathlib_dbl_overflow                   0x08058ef1   Thumb Code    10  dunder.o(i.__mathlib_dbl_overflow)
    __mathlib_dbl_underflow                  0x08058f09   Thumb Code    10  dunder.o(i.__mathlib_dbl_underflow)
    __scatterload_copy                       0x08058f21   Thumb Code    14  handlers.o(i.__scatterload_copy)
    __scatterload_null                       0x08058f2f   Thumb Code     2  handlers.o(i.__scatterload_null)
    __scatterload_zeroinit                   0x08058f31   Thumb Code    14  handlers.o(i.__scatterload_zeroinit)
    __set_errno                              0x08058f41   Thumb Code     6  errno.o(i.__set_errno)
    arm_cos_f32                              0x08059801   Thumb Code   132  arm_cos_f32.o(i.arm_cos_f32)
    arm_sin_f32                              0x08059891   Thumb Code   158  arm_sin_f32.o(i.arm_sin_f32)
    assert                                   0x08059941   Thumb Code    20  matrixlib.o(i.assert)
    fabs                                     0x0805995d   Thumb Code    24  fabs.o(i.fabs)
    fputc                                    0x08059975   Thumb Code    22  usart.o(i.fputc)
    m_LUdecomposition                        0x08059991   Thumb Code   404  my_matrixadvlib.o(i.m_LUdecomposition)
    m_LUdecomposition_3x3                    0x08059b45   Thumb Code   402  my_matrixadvlib.o(i.m_LUdecomposition_3x3)
    m_eyeMatrix                              0x08059cf9   Thumb Code    94  my_matrixadvlib.o(i.m_eyeMatrix)
    m_inverseMatrix                          0x08059d95   Thumb Code   152  my_matrixadvlib.o(i.m_inverseMatrix)
    m_solver                                 0x08059e49   Thumb Code   368  my_matrixadvlib.o(i.m_solver)
    m_solver_3x3                             0x08059ffd   Thumb Code   324  my_matrixadvlib.o(i.m_solver_3x3)
    main                                     0x0805a185   Thumb Code   326  main.o(i.main)
    norm                                     0x0805a345   Thumb Code    90  solvecoord.o(i.norm)
    sign                                     0x0805a39f   Thumb Code    34  kinematic.o(i.sign)
    sqrt                                     0x0805a3c1   Thumb Code   106  sqrt.o(i.sqrt)
    subPoint                                 0x0805a42b   Thumb Code    70  solvefbi.o(i.subPoint)
    D1CorePrescTable                         0x0805a488   Data          16  system_stm32h7xx.o(.constdata)
    a                                        0x0805a4b0   Data           8  kinematic.o(.constdata)
    b                                        0x0805a4b8   Data           8  kinematic.o(.constdata)
    s                                        0x0805a4c0   Data           8  kinematic.o(.constdata)
    Q                                        0x0805a4c8   Data           8  kinematic.o(.constdata)
    __mathlib_zero                           0x0805a5a8   Data           8  qnan.o(.constdata)
    sinTable_f32                             0x0805a5b0   Data        2052  arm_common_tables.o(.rodata.sinTable_f32)
    Region$$Table$$Base                      0x0805adb4   Number         0  anon$$obj.o(Region$$Table)
    Region$$Table$$Limit                     0x0805add4   Number         0  anon$$obj.o(Region$$Table)
    IRQ_Counter                              0x20000000   Data           4  tim_ctrl.o(.data)
    IRQTimer16Counter                        0x20000004   Data           4  tim_ctrl.o(.data)
    GriverFDBKCounter                        0x20000008   Data           1  tim_ctrl.o(.data)
    KeyValue                                 0x20000009   Data           1  tim_ctrl.o(.data)
    Uart3Error                               0x2000000a   Data           1  tim_ctrl.o(.data)
    CalcOverFlag                             0x2000000b   Data           1  tim_ctrl.o(.data)
    CalcOver                                 0x2000000c   Data           1  tim_ctrl.o(.data)
    CalcTimeCounter                          0x20000010   Data           4  tim_ctrl.o(.data)
    FlagRecord                               0x20000014   Data           1  tim_ctrl.o(.data)
    FlagPrint                                0x20000015   Data           1  tim_ctrl.o(.data)
    FlagDebug                                0x20000016   Data           1  tim_ctrl.o(.data)
    DataNumm                                 0x20000018   Data           4  tim_ctrl.o(.data)
    gErrorStatus                             0x20000028   Data           4  main.o(.data)
    Val_1                                    0x20000030   Data           8  main.o(.data)
    Val_2                                    0x20000038   Data           8  main.o(.data)
    FLASH_Address                            0x20000040   Data           4  main.o(.data)
    PageError                                0x20000044   Data           4  main.o(.data)
    data32                                   0x20000048   Data           4  main.o(.data)
    MemoryProgramStatus                      0x2000004c   Data           4  main.o(.data)
    FLASH_Init                               0x20000050   Data          96  main.o(.data)
    RXBuffer                                 0x200000b0   Data           1  usart.o(.data)
    RXBuffer_3                               0x200000b1   Data           1  usart.o(.data)
    UartRxBuf                                0x200000b6   Data           1  usart.o(.data)
    SystemCoreClock                          0x200000cc   Data           4  system_stm32h7xx.o(.data)
    SystemD2Clock                            0x200000d0   Data           4  system_stm32h7xx.o(.data)
    pi                                       0x200000e0   Data           8  kinematic.o(.data)
    __stderr                                 0x200000e8   Data           4  stderr.o(.data)
    __stdout                                 0x200000ec   Data           4  stdout.o(.data)
    Data1                                    0x200000f8   Data          20  tim_ctrl.o(.bss)
    Data2                                    0x2000010c   Data          20  tim_ctrl.o(.bss)
    TempLq                                   0x20000120   Data          24  tim_ctrl.o(.bss)
    MotorForce                               0x20000138   Data          12  tim_ctrl.o(.bss)
    M1                                       0x20000144   Data         192  main.o(.bss)
    M2                                       0x20000204   Data         192  main.o(.bss)
    M3                                       0x200002c4   Data         192  main.o(.bss)
    Ctrl                                     0x20000384   Data          36  main.o(.bss)
    CtrlM1                                   0x200003a8   Data          36  main.o(.bss)
    CtrlM2                                   0x200003cc   Data          36  main.o(.bss)
    CtrlM3                                   0x200003f0   Data          36  main.o(.bss)
    FLASH_Store                              0x20000414   Data          96  main.o(.bss)
    htim1                                    0x20000474   Data          64  tim.o(.bss)
    htim3                                    0x200004b4   Data          64  tim.o(.bss)
    htim4                                    0x200004f4   Data          64  tim.o(.bss)
    htim5                                    0x20000534   Data          64  tim.o(.bss)
    htim14                                   0x20000574   Data          64  tim.o(.bss)
    htim16                                   0x200005b4   Data          64  tim.o(.bss)
    UartRxData                               0x200005f4   Data           9  usart.o(.bss)
    Uart3RxData                              0x200005fd   Data          13  usart.o(.bss)
    Uart3FeedBackData                        0x2000060a   Data          12  usart.o(.bss)
    UartFeedBackData                         0x20000616   Data          16  usart.o(.bss)
    huart2                                   0x2000063c   Data         128  usart.o(.bss)
    huart3                                   0x200006bc   Data         128  usart.o(.bss)
    pFlash                                   0x2000073c   Data          28  stm32h7xx_hal_flash.o(.bss)
    var                                      0x20000758   Data          48  kinematic.o(.bss)
    varq                                     0x20000788   Data          24  kinematic.o(.bss)
    J                                        0x200007a0   Data         288  kinematic.o(.bss)
    InvJ                                     0x200008c0   Data         288  kinematic.o(.bss)
    Fi                                       0x200009e0   Data          48  kinematic.o(.bss)
    vA1C1                                    0x20000a10   Data          32  solvecoord.o(.bss)
    vA2C2                                    0x20000a30   Data          32  solvecoord.o(.bss)
    vA3C3                                    0x20000a50   Data          32  solvecoord.o(.bss)
    C1                                       0x20000a70   Data          24  solvecoord.o(.bss)
    C2                                       0x20000a88   Data          24  solvecoord.o(.bss)
    C3                                       0x20000aa0   Data          24  solvecoord.o(.bss)
    FG_1                                     0x20000ab8   Data          32  solvefbi.o(.bss)
    FG_2                                     0x20000ad8   Data          32  solvefbi.o(.bss)
    FG_3                                     0x20000af8   Data          32  solvefbi.o(.bss)
    FGm                                      0x20000b18   Data          32  solvefbi.o(.bss)
    FB1                                      0x20000b38   Data          32  solvefbi.o(.bss)
    FB2                                      0x20000b58   Data          32  solvefbi.o(.bss)
    FB3                                      0x20000b78   Data          32  solvefbi.o(.bss)
    FG                                       0x20000b98   Data          32  solvefbi.o(.bss)
    P1                                       0x20000bb8   Data          24  solvefbi.o(.bss)
    P2                                       0x20000bd0   Data          24  solvefbi.o(.bss)
    P3                                       0x20000be8   Data          24  solvefbi.o(.bss)
    D1                                       0x20000c00   Data          24  solvefbi.o(.bss)
    D2                                       0x20000c18   Data          24  solvefbi.o(.bss)
    D3                                       0x20000c30   Data          24  solvefbi.o(.bss)
    Gm                                       0x20000c48   Data          24  solvefbi.o(.bss)
    A1                                       0x20000c60   Data          24  solvefbi.o(.bss)
    A2                                       0x20000c78   Data          24  solvefbi.o(.bss)
    A3                                       0x20000c90   Data          24  solvefbi.o(.bss)
    TG1_1                                    0x20000ca8   Data          32  solvefbi.o(.bss)
    TG2_1                                    0x20000cc8   Data          32  solvefbi.o(.bss)
    TG3_1                                    0x20000ce8   Data          32  solvefbi.o(.bss)
    TG1_2                                    0x20000d08   Data          32  solvefbi.o(.bss)
    TG2_2                                    0x20000d28   Data          32  solvefbi.o(.bss)
    TG3_2                                    0x20000d48   Data          32  solvefbi.o(.bss)
    TG1_3                                    0x20000d68   Data          32  solvefbi.o(.bss)
    TG2_3                                    0x20000d88   Data          32  solvefbi.o(.bss)
    TG3_3                                    0x20000da8   Data          32  solvefbi.o(.bss)
    TGm                                      0x20000dc8   Data          32  solvefbi.o(.bss)
    TG                                       0x20000de8   Data          32  solvefbi.o(.bss)
    TG_1                                     0x20000e08   Data          32  solvefbi.o(.bss)
    TG_2                                     0x20000e28   Data          32  solvefbi.o(.bss)
    TG_3                                     0x20000e48   Data          32  solvefbi.o(.bss)
    vA1A2                                    0x20000e68   Data          32  solvefbi.o(.bss)
    vA1A3                                    0x20000e88   Data          32  solvefbi.o(.bss)
    vA2A3                                    0x20000ea8   Data          32  solvefbi.o(.bss)
    temp                                     0x20000ec8   Data          32  solvefbi.o(.bss)
    F1                                       0x20000ee8   Data          32  solvefbi.o(.bss)
    F2                                       0x20000f08   Data          32  solvefbi.o(.bss)
    F3                                       0x20000f28   Data          32  solvefbi.o(.bss)
    __initial_sp                             0x20003a48   Data           0  startup_stm32h743xx.o(STACK)



==============================================================================

Memory Map of the image

  Image Entry point : 0x08000299

  Load Region LR_IROM1 (Base: 0x08000000, Size: 0x0005aec8, Max: 0x00200000, ABSOLUTE)

    Execution Region ER_IROM1 (Exec base: 0x08000000, Load base: 0x08000000, Size: 0x0005add4, Max: 0x00200000, ABSOLUTE)

    Exec Addr    Load Addr    Size         Type   Attr      Idx    E Section Name        Object

    0x08000000   0x08000000   0x00000298   Data   RO            3    RESET               startup_stm32h743xx.o
    0x08000298   0x08000298   0x00000000   Code   RO         4832  * .ARM.Collect$$$$00000000  mc_w.l(entry.o)
    0x08000298   0x08000298   0x00000004   Code   RO         5170    .ARM.Collect$$$$00000001  mc_w.l(entry2.o)
    0x0800029c   0x0800029c   0x00000004   Code   RO         5173    .ARM.Collect$$$$00000004  mc_w.l(entry5.o)
    0x080002a0   0x080002a0   0x00000000   Code   RO         5175    .ARM.Collect$$$$00000008  mc_w.l(entry7b.o)
    0x080002a0   0x080002a0   0x00000000   Code   RO         5177    .ARM.Collect$$$$0000000A  mc_w.l(entry8b.o)
    0x080002a0   0x080002a0   0x00000008   Code   RO         5178    .ARM.Collect$$$$0000000B  mc_w.l(entry9a.o)
    0x080002a8   0x080002a8   0x00000000   Code   RO         5180    .ARM.Collect$$$$0000000D  mc_w.l(entry10a.o)
    0x080002a8   0x080002a8   0x00000000   Code   RO         5182    .ARM.Collect$$$$0000000F  mc_w.l(entry11a.o)
    0x080002a8   0x080002a8   0x00000004   Code   RO         5171    .ARM.Collect$$$$00002712  mc_w.l(entry2.o)
    0x080002ac   0x080002ac   0x00000024   Code   RO            4    .text               startup_stm32h743xx.o
    0x080002d0   0x080002d0   0x00000062   Code   RO         4840    .text               mc_w.l(uldiv.o)
    0x08000332   0x08000332   0x00000024   Code   RO         4842    .text               mc_w.l(memcpya.o)
    0x08000356   0x08000356   0x00000024   Code   RO         4844    .text               mc_w.l(memseta.o)
    0x0800037a   0x0800037a   0x0000002c   Code   RO         5185    .text               mc_w.l(uidiv.o)
    0x080003a6   0x080003a6   0x0000001e   Code   RO         5187    .text               mc_w.l(llshl.o)
    0x080003c4   0x080003c4   0x00000020   Code   RO         5189    .text               mc_w.l(llushr.o)
    0x080003e4   0x080003e4   0x00000000   Code   RO         5204    .text               mc_w.l(iusefp.o)
    0x080003e4   0x080003e4   0x0000014e   Code   RO         5205    .text               mf_w.l(dadd.o)
    0x08000532   0x08000532   0x000000e4   Code   RO         5207    .text               mf_w.l(dmul.o)
    0x08000616   0x08000616   0x000000de   Code   RO         5209    .text               mf_w.l(ddiv.o)
    0x080006f4   0x080006f4   0x0000002e   Code   RO         5211    .text               mf_w.l(dscalb.o)
    0x08000722   0x08000722   0x00000030   Code   RO         5215    .text               mf_w.l(dfixul.o)
    0x08000752   0x08000752   0x00000002   PAD
    0x08000754   0x08000754   0x00000030   Code   RO         5217    .text               mf_w.l(cdrcmple.o)
    0x08000784   0x08000784   0x00000024   Code   RO         5221    .text               mc_w.l(init.o)
    0x080007a8   0x080007a8   0x00000024   Code   RO         5234    .text               mc_w.l(llsshr.o)
    0x080007cc   0x080007cc   0x000000ba   Code   RO         5240    .text               mf_w.l(depilogue.o)
    0x08000886   0x08000886   0x00000002   PAD
    0x08000888   0x08000888   0x00000044   Code   RO          662    i.BoardEn           usart.o
    0x080008cc   0x080008cc   0x00000004   Code   RO          815    i.BusFault_Handler  stm32h7xx_it.o
    0x080008d0   0x080008d0   0x00015dbc   Code   RO         4511    i.CPointSolve       solvecoord.o
    0x0801668c   0x0801668c   0x00000086   Code   RO          663    i.CalcMotorForce    usart.o
    0x08016712   0x08016712   0x00000002   PAD
    0x08016714   0x08016714   0x00000ca8   Code   RO         4512    i.CheckPoint        solvecoord.o
    0x080173bc   0x080173bc   0x00000072   Code   RO         4557    i.ClcTorque         solvefbi.o
    0x0801742e   0x0801742e   0x00000072   Code   RO         4558    i.Cross             solvefbi.o
    0x080174a0   0x080174a0   0x00000044   Code   RO           85    i.CtrlPwmSum        tim_ctrl.o
    0x080174e4   0x080174e4   0x00000038   Code   RO          434    i.CtrlStruct_Init   main.o
    0x0801751c   0x0801751c   0x00000026   Code   RO          664    i.DataCoverInt2Char  usart.o
    0x08017542   0x08017542   0x00000002   Code   RO          816    i.DebugMon_Handler  stm32h7xx_it.o
    0x08017544   0x08017544   0x0000005e   Code   RO         4559    i.DpointSolve       solvefbi.o
    0x080175a2   0x080175a2   0x0000000c   Code   RO          817    i.EXTI15_10_IRQHandler  stm32h7xx_it.o
    0x080175ae   0x080175ae   0x00000002   PAD
    0x080175b0   0x080175b0   0x00000090   Code   RO           86    i.EnCounter2q       tim_ctrl.o
    0x08017640   0x08017640   0x0000004c   Code   RO          435    i.EncoderClear      main.o
    0x0801768c   0x0801768c   0x000000c4   Code   RO          665    i.EncoderFdbk       usart.o
    0x08017750   0x08017750   0x00000040   Code   RO           87    i.EncoderFlow       tim_ctrl.o
    0x08017790   0x08017790   0x00000036   Code   RO           88    i.EncoderUpdate     tim_ctrl.o
    0x080177c6   0x080177c6   0x00000002   Code   RO          436    i.Error_Handler     main.o
    0x080177c8   0x080177c8   0x00000090   Code   RO         1902    i.FLASH_Erase_Sector  stm32h7xx_hal_flash_ex.o
    0x08017858   0x08017858   0x00000098   Code   RO         1903    i.FLASH_MassErase   stm32h7xx_hal_flash_ex.o
    0x080178f0   0x080178f0   0x000001f8   Code   RO         1798    i.FLASH_SetErrorCode  stm32h7xx_hal_flash.o
    0x08017ae8   0x08017ae8   0x000000f8   Code   RO         1799    i.FLASH_WaitForLastOperation  stm32h7xx_hal_flash.o
    0x08017be0   0x08017be0   0x00000b78   Code   RO         4560    i.FbSolve           solvefbi.o
    0x08018758   0x08018758   0x00000084   Code   RO          666    i.FlashChange       usart.o
    0x080187dc   0x080187dc   0x0000010c   Code   RO          667    i.FlashFDBK         usart.o
    0x080188e8   0x080188e8   0x00000058   Code   RO          668    i.FlashInit         usart.o
    0x08018940   0x08018940   0x0000031c   Code   RO         4347    i.ForwardKinematic  kinematic.o
    0x08018c5c   0x08018c5c   0x00000190   Code   RO           90    i.FricCalcu         tim_ctrl.o
    0x08018dec   0x08018dec   0x000004f8   Code   RO         4561    i.GraviInit         solvefbi.o
    0x080192e4   0x080192e4   0x000000a8   Code   RO           92    i.GriverCalc        tim_ctrl.o
    0x0801938c   0x0801938c   0x000000f8   Code   RO         1593    i.HAL_DMA_Abort_IT  stm32h7xx_hal_dma.o
    0x08019484   0x08019484   0x00000028   Code   RO         1011    i.HAL_Delay         stm32h7xx_hal.o
    0x080194ac   0x080194ac   0x00000130   Code   RO         1919    i.HAL_FLASHEx_Erase  stm32h7xx_hal_flash_ex.o
    0x080195dc   0x080195dc   0x00000024   Code   RO         1803    i.HAL_FLASH_Lock    stm32h7xx_hal_flash.o
    0x08019600   0x08019600   0x0000012c   Code   RO         1808    i.HAL_FLASH_Program  stm32h7xx_hal_flash.o
    0x0801972c   0x0801972c   0x00000048   Code   RO         1810    i.HAL_FLASH_Unlock  stm32h7xx_hal_flash.o
    0x08019774   0x08019774   0x0000008c   Code   RO           93    i.HAL_GPIO_EXTI_Callback  tim_ctrl.o
    0x08019800   0x08019800   0x0000001c   Code   RO         2059    i.HAL_GPIO_EXTI_IRQHandler  stm32h7xx_hal_gpio.o
    0x0801981c   0x0801981c   0x0000024c   Code   RO         2060    i.HAL_GPIO_Init     stm32h7xx_hal_gpio.o
    0x08019a68   0x08019a68   0x00000010   Code   RO         2062    i.HAL_GPIO_ReadPin  stm32h7xx_hal_gpio.o
    0x08019a78   0x08019a78   0x0000000a   Code   RO         2064    i.HAL_GPIO_WritePin  stm32h7xx_hal_gpio.o
    0x08019a82   0x08019a82   0x00000002   PAD
    0x08019a84   0x08019a84   0x0000000c   Code   RO         1027    i.HAL_GetTick       stm32h7xx_hal.o
    0x08019a90   0x08019a90   0x00000018   Code   RO         1030    i.HAL_IncTick       stm32h7xx_hal.o
    0x08019aa8   0x08019aa8   0x0000001c   Code   RO         1031    i.HAL_Init          stm32h7xx_hal.o
    0x08019ac4   0x08019ac4   0x0000004c   Code   RO         1032    i.HAL_InitTick      stm32h7xx_hal.o
    0x08019b10   0x08019b10   0x0000002c   Code   RO          941    i.HAL_MspInit       stm32h7xx_hal_msp.o
    0x08019b3c   0x08019b3c   0x00000020   Code   RO         1365    i.HAL_NVIC_EnableIRQ  stm32h7xx_hal_cortex.o
    0x08019b5c   0x08019b5c   0x0000007a   Code   RO         1371    i.HAL_NVIC_SetPriority  stm32h7xx_hal_cortex.o
    0x08019bd6   0x08019bd6   0x00000002   PAD
    0x08019bd8   0x08019bd8   0x00000028   Code   RO         1372    i.HAL_NVIC_SetPriorityGrouping  stm32h7xx_hal_cortex.o
    0x08019c00   0x08019c00   0x00000038   Code   RO         4191    i.HAL_RCCEx_GetD1SysClockFreq  stm32h7xx_hal_rcc_ex.o
    0x08019c38   0x08019c38   0x0000002c   Code   RO         4192    i.HAL_RCCEx_GetD3PCLK1Freq  stm32h7xx_hal_rcc_ex.o
    0x08019c64   0x08019c64   0x0000022c   Code   RO         4194    i.HAL_RCCEx_GetPLL2ClockFreq  stm32h7xx_hal_rcc_ex.o
    0x08019e90   0x08019e90   0x0000022c   Code   RO         4195    i.HAL_RCCEx_GetPLL3ClockFreq  stm32h7xx_hal_rcc_ex.o
    0x0801a0bc   0x0801a0bc   0x00000b38   Code   RO         4199    i.HAL_RCCEx_PeriphCLKConfig  stm32h7xx_hal_rcc_ex.o
    0x0801abf4   0x0801abf4   0x00000250   Code   RO         4082    i.HAL_RCC_ClockConfig  stm32h7xx_hal_rcc.o
    0x0801ae44   0x0801ae44   0x00000038   Code   RO         4086    i.HAL_RCC_GetHCLKFreq  stm32h7xx_hal_rcc.o
    0x0801ae7c   0x0801ae7c   0x0000002c   Code   RO         4088    i.HAL_RCC_GetPCLK1Freq  stm32h7xx_hal_rcc.o
    0x0801aea8   0x0801aea8   0x0000002c   Code   RO         4089    i.HAL_RCC_GetPCLK2Freq  stm32h7xx_hal_rcc.o
    0x0801aed4   0x0801aed4   0x00000244   Code   RO         4090    i.HAL_RCC_GetSysClockFreq  stm32h7xx_hal_rcc.o
    0x0801b118   0x0801b118   0x000006bc   Code   RO         4093    i.HAL_RCC_OscConfig  stm32h7xx_hal_rcc.o
    0x0801b7d4   0x0801b7d4   0x00000034   Code   RO         1376    i.HAL_SYSTICK_Config  stm32h7xx_hal_cortex.o
    0x0801b808   0x0801b808   0x00000002   Code   RO         3328    i.HAL_TIMEx_BreakCallback  stm32h7xx_hal_tim_ex.o
    0x0801b80a   0x0801b80a   0x00000002   Code   RO         3329    i.HAL_TIMEx_CommutationCallback  stm32h7xx_hal_tim_ex.o
    0x0801b80c   0x0801b80c   0x000000b4   Code   RO         3330    i.HAL_TIMEx_ConfigBreakDeadTime  stm32h7xx_hal_tim_ex.o
    0x0801b8c0   0x0801b8c0   0x0000006c   Code   RO         3347    i.HAL_TIMEx_MasterConfigSynchronization  stm32h7xx_hal_tim_ex.o
    0x0801b92c   0x0801b92c   0x00000034   Code   RO         2673    i.HAL_TIM_Base_Init  stm32h7xx_hal_tim.o
    0x0801b960   0x0801b960   0x00000080   Code   RO          560    i.HAL_TIM_Base_MspInit  tim.o
    0x0801b9e0   0x0801b9e0   0x0000001e   Code   RO         2678    i.HAL_TIM_Base_Start_IT  stm32h7xx_hal_tim.o
    0x0801b9fe   0x0801b9fe   0x00000038   Code   RO         2681    i.HAL_TIM_Base_Stop_IT  stm32h7xx_hal_tim.o
    0x0801ba36   0x0801ba36   0x00000002   PAD
    0x0801ba38   0x0801ba38   0x000000b8   Code   RO         2691    i.HAL_TIM_Encoder_Init  stm32h7xx_hal_tim.o
    0x0801baf0   0x0801baf0   0x000001b4   Code   RO          562    i.HAL_TIM_Encoder_MspInit  tim.o
    0x0801bca4   0x0801bca4   0x00000002   Code   RO         2702    i.HAL_TIM_IC_CaptureCallback  stm32h7xx_hal_tim.o
    0x0801bca6   0x0801bca6   0x000001b8   Code   RO         2715    i.HAL_TIM_IRQHandler  stm32h7xx_hal_tim.o
    0x0801be5e   0x0801be5e   0x00000002   PAD
    0x0801be60   0x0801be60   0x00000060   Code   RO          563    i.HAL_TIM_MspPostInit  tim.o
    0x0801bec0   0x0801bec0   0x00000002   Code   RO         2718    i.HAL_TIM_OC_DelayElapsedCallback  stm32h7xx_hal_tim.o
    0x0801bec2   0x0801bec2   0x00000174   Code   RO         2739    i.HAL_TIM_PWM_ConfigChannel  stm32h7xx_hal_tim.o
    0x0801c036   0x0801c036   0x00000034   Code   RO         2742    i.HAL_TIM_PWM_Init  stm32h7xx_hal_tim.o
    0x0801c06a   0x0801c06a   0x00000002   PAD
    0x0801c06c   0x0801c06c   0x00000030   Code   RO          565    i.HAL_TIM_PWM_MspInit  tim.o
    0x0801c09c   0x0801c09c   0x00000002   Code   RO         2745    i.HAL_TIM_PWM_PulseFinishedCallback  stm32h7xx_hal_tim.o
    0x0801c09e   0x0801c09e   0x00000002   PAD
    0x0801c0a0   0x0801c0a0   0x00000070   Code   RO         2746    i.HAL_TIM_PWM_Start  stm32h7xx_hal_tim.o
    0x0801c110   0x0801c110   0x00000304   Code   RO           94    i.HAL_TIM_PeriodElapsedCallback  tim_ctrl.o
    0x0801c414   0x0801c414   0x00000002   Code   RO         2756    i.HAL_TIM_TriggerCallback  stm32h7xx_hal_tim.o
    0x0801c416   0x0801c416   0x00000002   Code   RO         3945    i.HAL_UARTEx_WakeupCallback  stm32h7xx_hal_uart_ex.o
    0x0801c418   0x0801c418   0x00000002   Code   RO         3609    i.HAL_UART_ErrorCallback  stm32h7xx_hal_uart.o
    0x0801c41a   0x0801c41a   0x00000002   PAD
    0x0801c41c   0x0801c41c   0x000001bc   Code   RO         3612    i.HAL_UART_IRQHandler  stm32h7xx_hal_uart.o
    0x0801c5d8   0x0801c5d8   0x00000078   Code   RO         3613    i.HAL_UART_Init     stm32h7xx_hal_uart.o
    0x0801c650   0x0801c650   0x0000013c   Code   RO          670    i.HAL_UART_MspInit  usart.o
    0x0801c78c   0x0801c78c   0x000000e0   Code   RO         3618    i.HAL_UART_Receive_IT  stm32h7xx_hal_uart.o
    0x0801c86c   0x0801c86c   0x00000044   Code   RO          671    i.HAL_UART_RxCpltCallback  usart.o
    0x0801c8b0   0x0801c8b0   0x000000c6   Code   RO         3621    i.HAL_UART_Transmit  stm32h7xx_hal_uart.o
    0x0801c976   0x0801c976   0x00000002   Code   RO         3624    i.HAL_UART_TxCpltCallback  stm32h7xx_hal_uart.o
    0x0801c978   0x0801c978   0x00000004   Code   RO          818    i.HardFault_Handler  stm32h7xx_it.o
    0x0801c97c   0x0801c97c   0x00000038   Code   RO           95    i.InertiaCalcu      tim_ctrl.o
    0x0801c9b4   0x0801c9b4   0x000001b0   Code   RO          437    i.InputDataCheck    main.o
    0x0801cb64   0x0801cb64   0x00034a88   Code   RO         4348    i.Jacobian          kinematic.o
    0x080515ec   0x080515ec   0x00000098   Code   RO          438    i.Kinematic         main.o
    0x08051684   0x08051684   0x00000234   Code   RO          533    i.MX_GPIO_Init      gpio.o
    0x080518b8   0x080518b8   0x00000030   Code   RO          566    i.MX_TIM14_Init     tim.o
    0x080518e8   0x080518e8   0x00000038   Code   RO          567    i.MX_TIM16_Init     tim.o
    0x08051920   0x08051920   0x000000ec   Code   RO          568    i.MX_TIM1_Init      tim.o
    0x08051a0c   0x08051a0c   0x00000084   Code   RO          569    i.MX_TIM3_Init      tim.o
    0x08051a90   0x08051a90   0x00000084   Code   RO          570    i.MX_TIM4_Init      tim.o
    0x08051b14   0x08051b14   0x00000084   Code   RO          571    i.MX_TIM5_Init      tim.o
    0x08051b98   0x08051b98   0x00000048   Code   RO          672    i.MX_USART2_UART_Init  usart.o
    0x08051be0   0x08051be0   0x00000048   Code   RO          673    i.MX_USART3_UART_Init  usart.o
    0x08051c28   0x08051c28   0x0000004a   Code   RO         4562    i.MakeVector        solvefbi.o
    0x08051c72   0x08051c72   0x00000004   Code   RO          819    i.MemManage_Handler  stm32h7xx_it.o
    0x08051c76   0x08051c76   0x00000002   PAD
    0x08051c78   0x08051c78   0x0000001c   Code   RO          339    i.Motor1PWM         motor.o
    0x08051c94   0x08051c94   0x0000001c   Code   RO          340    i.Motor2PWM         motor.o
    0x08051cb0   0x08051cb0   0x0000001c   Code   RO          341    i.Motor3PWM         motor.o
    0x08051ccc   0x08051ccc   0x000000bc   Code   RO          674    i.MotorPWMFdbk      usart.o
    0x08051d88   0x08051d88   0x0000004c   Code   RO          342    i.MotorPwmMid       motor.o
    0x08051dd4   0x08051dd4   0x00000108   Code   RO           96    i.MotorState        tim_ctrl.o
    0x08051edc   0x08051edc   0x00000002   Code   RO          820    i.NMI_Handler       stm32h7xx_it.o
    0x08051ede   0x08051ede   0x00000002   PAD
    0x08051ee0   0x08051ee0   0x00000168   Code   RO          440    i.OutputDataCheck   main.o
    0x08052048   0x08052048   0x00000038   Code   RO          441    i.ParaInit          main.o
    0x08052080   0x08052080   0x00000002   Code   RO          821    i.PendSV_Handler    stm32h7xx_it.o
    0x08052082   0x08052082   0x00000100   Code   RO         4564    i.PpointSolve       solvefbi.o
    0x08052182   0x08052182   0x00000002   PAD
    0x08052184   0x08052184   0x00000034   Code   RO           97    i.PullPushSpeed     tim_ctrl.o
    0x080521b8   0x080521b8   0x00000130   Code   RO         4202    i.RCCEx_PLL2_Config  stm32h7xx_hal_rcc_ex.o
    0x080522e8   0x080522e8   0x00000130   Code   RO         4203    i.RCCEx_PLL3_Config  stm32h7xx_hal_rcc_ex.o
    0x08052418   0x08052418   0x00004208   Code   RO         4350    i.Relation          kinematic.o
    0x08056620   0x08056620   0x0000005e   Code   RO          393    i.STMFLASH_Write    stmflash.o
    0x0805667e   0x0805667e   0x00000002   Code   RO          822    i.SVC_Handler       stm32h7xx_it.o
    0x08056680   0x08056680   0x00000028   Code   RO          343    i.SetMotorPWM       motor.o
    0x080566a8   0x080566a8   0x000001ae   Code   RO         4566    i.SolveMotorForce   solvefbi.o
    0x08056856   0x08056856   0x00000002   PAD
    0x08056858   0x08056858   0x00000020   Code   RO          675    i.SwDynFri          usart.o
    0x08056878   0x08056878   0x00000020   Code   RO          676    i.SwGra             usart.o
    0x08056898   0x08056898   0x00000020   Code   RO          677    i.SwIner            usart.o
    0x080568b8   0x080568b8   0x00000020   Code   RO          678    i.SwStaFri          usart.o
    0x080568d8   0x080568d8   0x00000008   Code   RO          823    i.SysTick_Handler   stm32h7xx_it.o
    0x080568e0   0x080568e0   0x000000e4   Code   RO          442    i.SystemClock_Config  main.o
    0x080569c4   0x080569c4   0x00000094   Code   RO          968    i.SystemInit        system_stm32h7xx.o
    0x08056a58   0x08056a58   0x00000010   Code   RO          824    i.TIM16_IRQHandler  stm32h7xx_it.o
    0x08056a68   0x08056a68   0x00000010   Code   RO          825    i.TIM3_IRQHandler   stm32h7xx_it.o
    0x08056a78   0x08056a78   0x00000010   Code   RO          826    i.TIM4_IRQHandler   stm32h7xx_it.o
    0x08056a88   0x08056a88   0x00000010   Code   RO          827    i.TIM5_IRQHandler   stm32h7xx_it.o
    0x08056a98   0x08056a98   0x00000010   Code   RO          828    i.TIM8_TRG_COM_TIM14_IRQHandler  stm32h7xx_it.o
    0x08056aa8   0x08056aa8   0x000000cc   Code   RO         2757    i.TIM_Base_SetConfig  stm32h7xx_hal_tim.o
    0x08056b74   0x08056b74   0x0000001c   Code   RO         2758    i.TIM_CCxChannelCmd  stm32h7xx_hal_tim.o
    0x08056b90   0x08056b90   0x000000b0   Code   RO         2766    i.TIM_OC1_SetConfig  stm32h7xx_hal_tim.o
    0x08056c40   0x08056c40   0x000000bc   Code   RO         2767    i.TIM_OC2_SetConfig  stm32h7xx_hal_tim.o
    0x08056cfc   0x08056cfc   0x000000b4   Code   RO         2768    i.TIM_OC3_SetConfig  stm32h7xx_hal_tim.o
    0x08056db0   0x08056db0   0x00000078   Code   RO         2769    i.TIM_OC4_SetConfig  stm32h7xx_hal_tim.o
    0x08056e28   0x08056e28   0x00000070   Code   RO         2770    i.TIM_OC5_SetConfig  stm32h7xx_hal_tim.o
    0x08056e98   0x08056e98   0x00000074   Code   RO         2771    i.TIM_OC6_SetConfig  stm32h7xx_hal_tim.o
    0x08056f0c   0x08056f0c   0x00000062   Code   RO         4568    i.TorqurStruSum     solvefbi.o
    0x08056f6e   0x08056f6e   0x0000004a   Code   RO         4569    i.TorqurStruSum2    solvefbi.o
    0x08056fb8   0x08056fb8   0x000000ea   Code   RO         3626    i.UART_AdvFeatureConfig  stm32h7xx_hal_uart.o
    0x080570a2   0x080570a2   0x00000074   Code   RO         3627    i.UART_CheckIdleState  stm32h7xx_hal_uart.o
    0x08057116   0x08057116   0x00000018   Code   RO         3628    i.UART_DMAAbortOnError  stm32h7xx_hal_uart.o
    0x0805712e   0x0805712e   0x00000020   Code   RO         3638    i.UART_EndRxTransfer  stm32h7xx_hal_uart.o
    0x0805714e   0x0805714e   0x00000020   Code   RO         3639    i.UART_EndTransmit_IT  stm32h7xx_hal_uart.o
    0x0805716e   0x0805716e   0x0000008a   Code   RO         3641    i.UART_Receive_IT   stm32h7xx_hal_uart.o
    0x080571f8   0x080571f8   0x000009a4   Code   RO         3642    i.UART_SetConfig    stm32h7xx_hal_uart.o
    0x08057b9c   0x08057b9c   0x00000082   Code   RO         3643    i.UART_Transmit_IT  stm32h7xx_hal_uart.o
    0x08057c1e   0x08057c1e   0x0000006c   Code   RO         3644    i.UART_WaitOnFlagUntilTimeout  stm32h7xx_hal_uart.o
    0x08057c8a   0x08057c8a   0x00000002   PAD
    0x08057c8c   0x08057c8c   0x000002c0   Code   RO          679    i.USART2Interrupt   usart.o
    0x08057f4c   0x08057f4c   0x00000010   Code   RO          829    i.USART2_IRQHandler  stm32h7xx_it.o
    0x08057f5c   0x08057f5c   0x00000114   Code   RO          680    i.USART3Interrupt   usart.o
    0x08058070   0x08058070   0x00000010   Code   RO          830    i.USART3_IRQHandler  stm32h7xx_it.o
    0x08058080   0x08058080   0x00000068   Code   RO          681    i.UartDataConver    usart.o
    0x080580e8   0x080580e8   0x00000004   Code   RO          831    i.UsageFault_Handler  stm32h7xx_it.o
    0x080580ec   0x080580ec   0x00000064   Code   RO         4351    i.VarDataInit       kinematic.o
    0x08058150   0x08058150   0x00000026   Code   RO         4513    i.VecCross          solvecoord.o
    0x08058176   0x08058176   0x0000009e   Code   RO         4570    i.VecUint           solvefbi.o
    0x08058214   0x08058214   0x00000002   Code   RO         4571    i.VectorStruPrint   solvefbi.o
    0x08058216   0x08058216   0x00000002   PAD
    0x08058218   0x08058218   0x0000001c   Code   RO         5080    i.__0fprintf        mc_w.l(printfa.o)
    0x08058234   0x08058234   0x00000020   Code   RO         5081    i.__0printf         mc_w.l(printfa.o)
    0x08058254   0x08058254   0x00000030   Code   RO         5165    i.__ARM_fpclassify  m_wv.l(fpclassify.o)
    0x08058284   0x08058284   0x00000010   Code   RO         1378    i.__NVIC_GetPriorityGrouping  stm32h7xx_hal_cortex.o
    0x08058294   0x08058294   0x00000028   Code   RO         1379    i.__NVIC_SetPriority  stm32h7xx_hal_cortex.o
    0x080582bc   0x080582bc   0x00000004   PAD
    0x080582c0   0x080582c0   0x00000218   Code   RO         4792    i.__hardfp_acos     m_wv.l(acos.o)
    0x080584d8   0x080584d8   0x000008f8   Code   RO         4806    i.__hardfp_pow      m_wv.l(pow.o)
    0x08058dd0   0x08058dd0   0x00000066   Code   RO         4820    i.__hardfp_sqrt     m_wv.l(sqrt.o)
    0x08058e36   0x08058e36   0x00000070   Code   RO         5167    i.__kernel_poly     m_wv.l(poly.o)
    0x08058ea6   0x08058ea6   0x00000002   PAD
    0x08058ea8   0x08058ea8   0x00000020   Code   RO         5145    i.__mathlib_dbl_divzero  m_wv.l(dunder.o)
    0x08058ec8   0x08058ec8   0x00000006   Code   RO         5146    i.__mathlib_dbl_infnan  m_wv.l(dunder.o)
    0x08058ece   0x08058ece   0x00000006   Code   RO         5147    i.__mathlib_dbl_infnan2  m_wv.l(dunder.o)
    0x08058ed4   0x08058ed4   0x00000004   PAD
    0x08058ed8   0x08058ed8   0x00000018   Code   RO         5148    i.__mathlib_dbl_invalid  m_wv.l(dunder.o)
    0x08058ef0   0x08058ef0   0x00000018   Code   RO         5149    i.__mathlib_dbl_overflow  m_wv.l(dunder.o)
    0x08058f08   0x08058f08   0x00000018   Code   RO         5151    i.__mathlib_dbl_underflow  m_wv.l(dunder.o)
    0x08058f20   0x08058f20   0x0000000e   Code   RO         5253    i.__scatterload_copy  mc_w.l(handlers.o)
    0x08058f2e   0x08058f2e   0x00000002   Code   RO         5254    i.__scatterload_null  mc_w.l(handlers.o)
    0x08058f30   0x08058f30   0x0000000e   Code   RO         5255    i.__scatterload_zeroinit  mc_w.l(handlers.o)
    0x08058f3e   0x08058f3e   0x00000002   PAD
    0x08058f40   0x08058f40   0x0000000c   Code   RO         5195    i.__set_errno       mc_w.l(errno.o)
    0x08058f4c   0x08058f4c   0x00000184   Code   RO         5088    i._fp_digits        mc_w.l(printfa.o)
    0x080590d0   0x080590d0   0x000006dc   Code   RO         5089    i._printf_core      mc_w.l(printfa.o)
    0x080597ac   0x080597ac   0x00000024   Code   RO         5090    i._printf_post_padding  mc_w.l(printfa.o)
    0x080597d0   0x080597d0   0x0000002e   Code   RO         5091    i._printf_pre_padding  mc_w.l(printfa.o)
    0x080597fe   0x080597fe   0x00000002   PAD
    0x08059800   0x08059800   0x00000090   Code   RO           13    i.arm_cos_f32       arm_cos_f32.o
    0x08059890   0x08059890   0x000000b0   Code   RO           61    i.arm_sin_f32       arm_sin_f32.o
    0x08059940   0x08059940   0x0000001c   Code   RO         4406    i.assert            matrixlib.o
    0x0805995c   0x0805995c   0x00000018   Code   RO         5161    i.fabs              m_wv.l(fabs.o)
    0x08059974   0x08059974   0x0000001c   Code   RO          682    i.fputc             usart.o
    0x08059990   0x08059990   0x000001b4   Code   RO         4672    i.m_LUdecomposition  my_matrixadvlib.o
    0x08059b44   0x08059b44   0x000001b4   Code   RO         4673    i.m_LUdecomposition_3x3  my_matrixadvlib.o
    0x08059cf8   0x08059cf8   0x0000009c   Code   RO         4674    i.m_eyeMatrix       my_matrixadvlib.o
    0x08059d94   0x08059d94   0x000000b4   Code   RO         4675    i.m_inverseMatrix   my_matrixadvlib.o
    0x08059e48   0x08059e48   0x000001b4   Code   RO         4676    i.m_solver          my_matrixadvlib.o
    0x08059ffc   0x08059ffc   0x00000188   Code   RO         4677    i.m_solver_3x3      my_matrixadvlib.o
    0x0805a184   0x0805a184   0x000001c0   Code   RO          443    i.main              main.o
    0x0805a344   0x0805a344   0x0000005a   Code   RO         4514    i.norm              solvecoord.o
    0x0805a39e   0x0805a39e   0x00000022   Code   RO         4352    i.sign              kinematic.o
    0x0805a3c0   0x0805a3c0   0x0000006a   Code   RO         4822    i.sqrt              m_wv.l(sqrt.o)
    0x0805a42a   0x0805a42a   0x00000046   Code   RO         4572    i.subPoint          solvefbi.o
    0x0805a470   0x0805a470   0x00000028   Data   RO          969    .constdata          system_stm32h7xx.o
    0x0805a498   0x0805a498   0x00000018   Data   RO         3645    .constdata          stm32h7xx_hal_uart.o
    0x0805a4b0   0x0805a4b0   0x00000020   Data   RO         4354    .constdata          kinematic.o
    0x0805a4d0   0x0805a4d0   0x00000050   Data   RO         4795    .constdata          m_wv.l(acos.o)
    0x0805a520   0x0805a520   0x00000088   Data   RO         4809    .constdata          m_wv.l(pow.o)
    0x0805a5a8   0x0805a5a8   0x00000008   Data   RO         5169    .constdata          m_wv.l(qnan.o)
    0x0805a5b0   0x0805a5b0   0x00000804   Data   RO         4784    .rodata.sinTable_f32  arm_cortexM7lfdp_math.lib(arm_common_tables.o)
    0x0805adb4   0x0805adb4   0x00000020   Data   RO         5251    Region$$Table       anon$$obj.o


    Execution Region RW_IRAM1 (Exec base: 0x20000000, Load base: 0x0805add4, Size: 0x00003a48, Max: 0x00020000, ABSOLUTE)

    Exec Addr    Load Addr    Size         Type   Attr      Idx    E Section Name        Object

    0x20000000   0x0805add4   0x00000028   Data   RW          101    .data               tim_ctrl.o
    0x20000028   0x0805adfc   0x00000088   Data   RW          446    .data               main.o
    0x200000b0   0x0805ae84   0x0000001c   Data   RW          685    .data               usart.o
    0x200000cc   0x0805aea0   0x00000008   Data   RW          970    .data               system_stm32h7xx.o
    0x200000d4   0x0805aea8   0x00000009   Data   RW         1054    .data               stm32h7xx_hal.o
    0x200000dd   0x0805aeb1   0x00000003   PAD
    0x200000e0   0x0805aeb4   0x00000008   Data   RW         4355    .data               kinematic.o
    0x200000e8   0x0805aebc   0x00000004   Data   RW         4839    .data               mc_w.l(stderr.o)
    0x200000ec   0x0805aec0   0x00000004   Data   RW         5184    .data               mc_w.l(stdout.o)
    0x200000f0   0x0805aec4   0x00000004   Data   RW         5196    .data               mc_w.l(errno.o)
    0x200000f4   0x0805aec8   0x00000004   PAD
    0x200000f8        -       0x0000004c   Zero   RW           99    .bss                tim_ctrl.o
    0x20000144        -       0x00000330   Zero   RW          444    .bss                main.o
    0x20000474        -       0x00000180   Zero   RW          572    .bss                tim.o
    0x200005f4        -       0x00000148   Zero   RW          683    .bss                usart.o
    0x2000073c        -       0x0000001c   Zero   RW         1811    .bss                stm32h7xx_hal_flash.o
    0x20000758        -       0x000002b8   Zero   RW         4353    .bss                kinematic.o
    0x20000a10        -       0x000000a8   Zero   RW         4515    .bss                solvecoord.o
    0x20000ab8        -       0x00000490   Zero   RW         4573    .bss                solvefbi.o
    0x20000f48        -       0x00002b00   Zero   RW            1    STACK               startup_stm32h743xx.o


==============================================================================

Image component sizes


      Code (inc. data)   RO Data    RW Data    ZI Data      Debug   Object Name

       144         12          0          0          0      19074   arm_cos_f32.o
       176         18          0          0          0        990   arm_sin_f32.o
       564         28          0          0          0       1315   gpio.o
    233522       3392         32          8        696       7734   kinematic.o
      1810        278          0        136        816       8588   main.o
        28          8          0          0          0        609   matrixlib.o
       200         28          0          0          0       2512   motor.o
      2036        292          0          0          0       5790   my_matrixadvlib.o
     92900       1464          0          0        168       6007   solvecoord.o
      5692        380          0          0       1168      10071   solvefbi.o
        36          8        664          0      11008        852   startup_stm32h743xx.o
       180         30          0          9          0       4110   stm32h7xx_hal.o
       302         22          0          0          0      40387   stm32h7xx_hal_cortex.o
       248         12          0          0          0       2095   stm32h7xx_hal_dma.o
      1160         84          0          0         28       4834   stm32h7xx_hal_flash.o
       600         32          0          0          0       2842   stm32h7xx_hal_flash_ex.o
       642         58          0          0          0       3854   stm32h7xx_hal_gpio.o
        44          6          0          0          0        822   stm32h7xx_hal_msp.o
      3040         86          0          0          0       6056   stm32h7xx_hal_rcc.o
      4692        118          0          0          0       7495   stm32h7xx_hal_rcc_ex.o
      2430        190          0          0          0      15316   stm32h7xx_hal_tim.o
       292         18          0          0          0       3546   stm32h7xx_hal_tim_ex.o
      4272        140         24          0          0      13360   stm32h7xx_hal_uart.o
         2          0          0          0          0        988   stm32h7xx_hal_uart_ex.o
       156         42          0          0          0       8314   stm32h7xx_it.o
        94          0          0          0          0       1125   stmflash.o
       148         18         40          8          0       1342   system_stm32h7xx.o
      1444        120          0          0        384       7233   tim.o
      2182        202          0         40         76    1227009   tim_ctrl.o
      2880        278          0         28        328      14514   usart.o

    ----------------------------------------------------------------------
    361950       7368        792        232      14672    1428784   Object Totals
         0          0         32          0          0          0   (incl. Generated)
        34          4          0          3          0          0   (incl. Padding)

    ----------------------------------------------------------------------

      Code (inc. data)   RO Data    RW Data    ZI Data      Debug   Library Member Name

         0          0       2052          0          0       3698   arm_common_tables.o
       536        114         80          0          0        256   acos.o
       116         60          0          0          0        696   dunder.o
        24          0          0          0          0        124   fabs.o
        48          0          0          0          0        124   fpclassify.o
       112          0          0          0          0        116   poly.o
      2296        304        136          0          0        320   pow.o
         0          0          8          0          0          0   qnan.o
       208          0          0          0          0        280   sqrt.o
         0          0          0          0          0          0   entry.o
         0          0          0          0          0          0   entry10a.o
         0          0          0          0          0          0   entry11a.o
         8          4          0          0          0          0   entry2.o
         4          0          0          0          0          0   entry5.o
         0          0          0          0          0          0   entry7b.o
         0          0          0          0          0          0   entry8b.o
         8          4          0          0          0          0   entry9a.o
        12          6          0          4          0         68   errno.o
        30          0          0          0          0          0   handlers.o
        36          8          0          0          0         68   init.o
         0          0          0          0          0          0   iusefp.o
        30          0          0          0          0         68   llshl.o
        36          0          0          0          0         68   llsshr.o
        32          0          0          0          0         68   llushr.o
        36          0          0          0          0         68   memcpya.o
        36          0          0          0          0        108   memseta.o
      2286         96          0          0          0        536   printfa.o
         0          0          0          4          0          0   stderr.o
         0          0          0          4          0          0   stdout.o
        44          0          0          0          0         80   uidiv.o
        98          0          0          0          0         92   uldiv.o
        48          0          0          0          0         68   cdrcmple.o
       334          0          0          0          0        148   dadd.o
       222          0          0          0          0        100   ddiv.o
       186          0          0          0          0        176   depilogue.o
        48          0          0          0          0         68   dfixul.o
       228          0          0          0          0         96   dmul.o
        46          0          0          0          0         80   dscalb.o

    ----------------------------------------------------------------------
      7162        596       2276         12          4       7574   Library Totals
        14          0          0          0          4          0   (incl. Padding)

    ----------------------------------------------------------------------

      Code (inc. data)   RO Data    RW Data    ZI Data      Debug   Library Name

         0          0       2052          0          0       3698   arm_cortexM7lfdp_math.lib
      3340        478        224          0          0       1916   m_wv.l
      2696        118          0         12          0       1224   mc_w.l
      1112          0          0          0          0        736   mf_w.l

    ----------------------------------------------------------------------
      7162        596       2276         12          4       7574   Library Totals

    ----------------------------------------------------------------------

==============================================================================


      Code (inc. data)   RO Data    RW Data    ZI Data      Debug   

    369112       7964       3068        244      14676    1417574   Grand Totals
    369112       7964       3068        244      14676    1417574   ELF Image Totals
    369112       7964       3068        244          0          0   ROM Totals

==============================================================================

    Total RO  Size (Code + RO Data)               372180 ( 363.46kB)
    Total RW  Size (RW Data + ZI Data)             14920 (  14.57kB)
    Total ROM Size (Code + RO Data + RW Data)     372424 ( 363.70kB)

==============================================================================

