Component: ARM Compiler 5.06 update 6 (build 750) Tool: armlink [4d35ed]

==============================================================================

Section Cross References

    startup_stm32h743xx.o(RESET) refers to startup_stm32h743xx.o(STACK) for __initial_sp
    startup_stm32h743xx.o(RESET) refers to startup_stm32h743xx.o(.text) for Reset_Handler
    startup_stm32h743xx.o(RESET) refers to stm32h7xx_it.o(i.NMI_Handler) for NMI_Handler
    startup_stm32h743xx.o(RESET) refers to stm32h7xx_it.o(i.HardFault_Handler) for HardFault_Handler
    startup_stm32h743xx.o(RESET) refers to stm32h7xx_it.o(i.MemManage_Handler) for MemManage_Handler
    startup_stm32h743xx.o(RESET) refers to stm32h7xx_it.o(i.BusFault_Handler) for BusFault_Handler
    startup_stm32h743xx.o(RESET) refers to stm32h7xx_it.o(i.UsageFault_Handler) for UsageFault_Handler
    startup_stm32h743xx.o(RESET) refers to stm32h7xx_it.o(i.SVC_Handler) for SVC_Handler
    startup_stm32h743xx.o(RESET) refers to stm32h7xx_it.o(i.DebugMon_Handler) for DebugMon_Handler
    startup_stm32h743xx.o(RESET) refers to stm32h7xx_it.o(i.PendSV_Handler) for PendSV_Handler
    startup_stm32h743xx.o(RESET) refers to stm32h7xx_it.o(i.SysTick_Handler) for SysTick_Handler
    startup_stm32h743xx.o(RESET) refers to stm32h7xx_it.o(i.TIM3_IRQHandler) for TIM3_IRQHandler
    startup_stm32h743xx.o(RESET) refers to stm32h7xx_it.o(i.TIM4_IRQHandler) for TIM4_IRQHandler
    startup_stm32h743xx.o(RESET) refers to stm32h7xx_it.o(i.USART2_IRQHandler) for USART2_IRQHandler
    startup_stm32h743xx.o(RESET) refers to stm32h7xx_it.o(i.USART3_IRQHandler) for USART3_IRQHandler
    startup_stm32h743xx.o(RESET) refers to stm32h7xx_it.o(i.EXTI15_10_IRQHandler) for EXTI15_10_IRQHandler
    startup_stm32h743xx.o(RESET) refers to stm32h7xx_it.o(i.TIM8_TRG_COM_TIM14_IRQHandler) for TIM8_TRG_COM_TIM14_IRQHandler
    startup_stm32h743xx.o(RESET) refers to stm32h7xx_it.o(i.TIM5_IRQHandler) for TIM5_IRQHandler
    startup_stm32h743xx.o(RESET) refers to stm32h7xx_it.o(i.USART6_IRQHandler) for USART6_IRQHandler
    startup_stm32h743xx.o(RESET) refers to stm32h7xx_it.o(i.TIM16_IRQHandler) for TIM16_IRQHandler
    startup_stm32h743xx.o(.text) refers to system_stm32h7xx.o(i.SystemInit) for SystemInit
    startup_stm32h743xx.o(.text) refers to entry.o(.ARM.Collect$$$$00000000) for __main
    arm_cos_f32.o(i.arm_cos_f32) refers to arm_common_tables.o(.constdata) for sinTable_f32
    arm_sin_f32.o(i.arm_sin_f32) refers to arm_common_tables.o(.constdata) for sinTable_f32
    tim_ctrl.o(i.FricCalcu) refers to tim_ctrl.o(i.PullPushSpeed) for PullPushSpeed
    tim_ctrl.o(i.FricCalcu) refers to main.o(.bss) for CtrlM3
    tim_ctrl.o(i.GriverCalc) refers to main.o(.bss) for CtrlM1
    tim_ctrl.o(i.GriverCalc) refers to tim_ctrl.o(.bss) for MotorForce
    tim_ctrl.o(i.HAL_GPIO_EXTI_Callback) refers to stm32h7xx_hal_gpio.o(i.HAL_GPIO_ReadPin) for HAL_GPIO_ReadPin
    tim_ctrl.o(i.HAL_GPIO_EXTI_Callback) refers to stm32h7xx_hal_gpio.o(i.HAL_GPIO_WritePin) for HAL_GPIO_WritePin
    tim_ctrl.o(i.HAL_GPIO_EXTI_Callback) refers to main.o(i.EncoderClear) for EncoderClear
    tim_ctrl.o(i.HAL_GPIO_EXTI_Callback) refers to tim_ctrl.o(.data) for KeyValue
    tim_ctrl.o(i.HAL_TIM_PeriodElapsedCallback) refers to memcpya.o(.text) for __aeabi_memcpy4
    tim_ctrl.o(i.HAL_TIM_PeriodElapsedCallback) refers to tim_ctrl.o(i.EncoderFlow) for EncoderFlow
    tim_ctrl.o(i.HAL_TIM_PeriodElapsedCallback) refers to tim_ctrl.o(i.EncoderUpdate) for EncoderUpdate
    tim_ctrl.o(i.HAL_TIM_PeriodElapsedCallback) refers to tim_ctrl.o(i.EnCounter2q) for EnCounter2q
    tim_ctrl.o(i.HAL_TIM_PeriodElapsedCallback) refers to tim_ctrl.o(i.MotorState) for MotorState
    tim_ctrl.o(i.HAL_TIM_PeriodElapsedCallback) refers to tim_ctrl.o(i.FricCalcu) for FricCalcu
    tim_ctrl.o(i.HAL_TIM_PeriodElapsedCallback) refers to tim_ctrl.o(i.GriverCalc) for GriverCalc
    tim_ctrl.o(i.HAL_TIM_PeriodElapsedCallback) refers to tim_ctrl.o(i.InertiaCalcu) for InertiaCalcu
    tim_ctrl.o(i.HAL_TIM_PeriodElapsedCallback) refers to tim_ctrl.o(i.CtrlPwmSum) for CtrlPwmSum
    tim_ctrl.o(i.HAL_TIM_PeriodElapsedCallback) refers to motor.o(i.SetMotorPWM) for SetMotorPWM
    tim_ctrl.o(i.HAL_TIM_PeriodElapsedCallback) refers to main.o(i.Kinematic) for Kinematic
    tim_ctrl.o(i.HAL_TIM_PeriodElapsedCallback) refers to tim.o(.bss) for htim3
    tim_ctrl.o(i.HAL_TIM_PeriodElapsedCallback) refers to main.o(.bss) for M1
    tim_ctrl.o(i.HAL_TIM_PeriodElapsedCallback) refers to tim_ctrl.o(.data) for IRQ_Counter
    tim_ctrl.o(i.HAL_TIM_PeriodElapsedCallback) refers to kinematic.o(.bss) for varq
    tim_ctrl.o(i.HAL_TIM_PeriodElapsedCallback) refers to tim_ctrl.o(.bss) for Data1
    tim_ctrl.o(i.SendqData) refers to tim_ctrl.o(i.Float2Char) for Float2Char
    tim_ctrl.o(i.SendqData) refers to stm32h7xx_hal_uart.o(i.HAL_UART_Transmit) for HAL_UART_Transmit
    tim_ctrl.o(i.SendqData) refers to usart.o(.bss) for Uart3FeedBackData
[...]
    _printf_flags                            0x00000000   Number         0  stubs.o ABSOLUTE
    _printf_fp_dec                           0x00000000   Number         0  stubs.o ABSOLUTE
    _printf_fp_hex                           0x00000000   Number         0  stubs.o ABSOLUTE
    _printf_g                                0x00000000   Number         0  stubs.o ABSOLUTE
    _printf_i                                0x00000000   Number         0  stubs.o ABSOLUTE
    _printf_int_dec                          0x00000000   Number         0  stubs.o ABSOLUTE
    _printf_l                                0x00000000   Number         0  stubs.o ABSOLUTE
    _printf_lc                               0x00000000   Number         0  stubs.o ABSOLUTE
    _printf_ll                               0x00000000   Number         0  stubs.o ABSOLUTE
    _printf_lld                              0x00000000   Number         0  stubs.o ABSOLUTE
    _printf_lli                              0x00000000   Number         0  stubs.o ABSOLUTE
    _printf_llo                              0x00000000   Number         0  stubs.o ABSOLUTE
    _printf_llu                              0x00000000   Number         0  stubs.o ABSOLUTE
    _printf_llx                              0x00000000   Number         0  stubs.o ABSOLUTE
    _printf_longlong_dec                     0x00000000   Number         0  stubs.o ABSOLUTE
    _printf_longlong_hex                     0x00000000   Number         0  stubs.o ABSOLUTE
    _printf_longlong_oct                     0x00000000   Number         0  stubs.o ABSOLUTE
    _printf_ls                               0x00000000   Number         0  stubs.o ABSOLUTE
    _printf_mbtowc                           0x00000000   Number         0  stubs.o ABSOLUTE
    _printf_n                                0x00000000   Number         0  stubs.o ABSOLUTE
    _printf_o                                0x00000000   Number         0  stubs.o ABSOLUTE
    _printf_p                                0x00000000   Number         0  stubs.o ABSOLUTE
    _printf_percent                          0x00000000   Number         0  stubs.o ABSOLUTE
    _printf_pre_padding                      0x00000000   Number         0  stubs.o ABSOLUTE
    _printf_return_value                     0x00000000   Number         0  stubs.o ABSOLUTE
    _printf_s                                0x00000000   Number         0  stubs.o ABSOLUTE
    _printf_sizespec                         0x00000000   Number         0  stubs.o ABSOLUTE
    _printf_str                              0x00000000   Number         0  stubs.o ABSOLUTE
    _printf_truncate_signed                  0x00000000   Number         0  stubs.o ABSOLUTE
    _printf_truncate_unsigned                0x00000000   Number         0  stubs.o ABSOLUTE
    _printf_u                                0x00000000   Number         0  stubs.o ABSOLUTE
    _printf_wc                               0x00000000   Number         0  stubs.o ABSOLUTE
    _printf_wctomb                           0x00000000   Number         0  stubs.o ABSOLUTE
    _printf_widthprec                        0x00000000   Number         0  stubs.o ABSOLUTE
    _printf_x                                0x00000000   Number         0  stubs.o ABSOLUTE
    __cpp_initialize__aeabi_                  - Undefined Weak Reference
    __cxa_finalize                            - Undefined Weak Reference
    __decompress                              - Undefined Weak Reference
    _clock_init                               - Undefined Weak Reference
    _microlib_exit                            - Undefined Weak Reference
    _scanf_longlong                           - Undefined Weak Reference
    _scanf_string                             - Undefined Weak Reference
    __Vectors_Size                           0x00000298   Number         0  startup_stm32h743xx.o ABSOLUTE
    __Vectors                                0x08000000   Data           4  startup_stm32h743xx.o(RESET)
    __Vectors_End                            0x08000298   Data           0  startup_stm32h743xx.o(RESET)
    __main                                   0x08000299   Thumb Code     0  entry.o(.ARM.Collect$$$$00000000)
    _main_stk                                0x08000299   Thumb Code     0  entry2.o(.ARM.Collect$$$$00000001)
    _main_scatterload                        0x0800029d   Thumb Code     0  entry5.o(.ARM.Collect$$$$00000004)
    __main_after_scatterload                 0x080002a1   Thumb Code     0  entry5.o(.ARM.Collect$$$$00000004)
    _main_clock                              0x080002a1   Thumb Code     0  entry7b.o(.ARM.Collect$$$$00000008)
    _main_cpp_init                           0x080002a1   Thumb Code     0  entry8b.o(.ARM.Collect$$$$0000000A)
    _main_init                               0x080002a1   Thumb Code     0  entry9a.o(.ARM.Collect$$$$0000000B)
    __rt_final_cpp                           0x080002a9   Thumb Code     0  entry10a.o(.ARM.Collect$$$$0000000D)
    __rt_final_exit                          0x080002a9   Thumb Code     0  entry11a.o(.ARM.Collect$$$$0000000F)
    Reset_Handler                            0x080002ad   Thumb Code     8  startup_stm32h743xx.o(.text)
    ADC3_IRQHandler                          0x080002c7   Thumb Code     0  startup_stm32h743xx.o(.text)
    ADC_IRQHandler                           0x080002c7   Thumb Code     0  startup_stm32h743xx.o(.text)
    BDMA_Channel0_IRQHandler                 0x080002c7   Thumb Code     0  startup_stm32h743xx.o(.text)
    BDMA_Channel1_IRQHandler                 0x080002c7   Thumb Code     0  startup_stm32h743xx.o(.text)
    BDMA_Channel2_IRQHandler                 0x080002c7   Thumb Code     0  startup_stm32h743xx.o(.text)
    BDMA_Channel3_IRQHandler                 0x080002c7   Thumb Code     0  startup_stm32h743xx.o(.text)
    BDMA_Channel4_IRQHandler                 0x080002c7   Thumb Code     0  startup_stm32h743xx.o(.text)
    BDMA_Channel5_IRQHandler                 0x080002c7   Thumb Code     0  startup_stm32h743xx.o(.text)
    BDMA_Channel6_IRQHandler                 0x080002c7   Thumb Code     0  startup_stm32h743xx.o(.text)
    BDMA_Channel7_IRQHandler                 0x080002c7   Thumb Code     0  startup_stm32h743xx.o(.text)
    CEC_IRQHandler                           0x080002c7   Thumb Code     0  startup_stm32h743xx.o(.text)
    COMP1_IRQHandler                         0x080002c7   Thumb Code     0  startup_stm32h743xx.o(.text)
    CRS_IRQHandler                           0x080002c7   Thumb Code     0  startup_stm32h743xx.o(.text)
    DCMI_IRQHandler                          0x080002c7   Thumb Code     0  startup_stm32h743xx.o(.text)
    DFSDM1_FLT0_IRQHandler                   0x080002c7   Thumb Code     0  startup_stm32h743xx.o(.text)
    DFSDM1_FLT1_IRQHandler                   0x080002c7   Thumb Code     0  startup_stm32h743xx.o(.text)
    DFSDM1_FLT2_IRQHandler                   0x080002c7   Thumb Code     0  startup_stm32h743xx.o(.text)
    DFSDM1_FLT3_IRQHandler                   0x080002c7   Thumb Code     0  startup_stm32h743xx.o(.text)
    DMA1_Stream0_IRQHandler                  0x080002c7   Thumb Code     0  startup_stm32h743xx.o(.text)
    DMA1_Stream1_IRQHandler                  0x080002c7   Thumb Code     0  startup_stm32h743xx.o(.text)
    DMA1_Stream2_IRQHandler                  0x080002c7   Thumb Code     0  startup_stm32h743xx.o(.text)
    DMA1_Stream3_IRQHandler                  0x080002c7   Thumb Code     0  startup_stm32h743xx.o(.text)
    DMA1_Stream4_IRQHandler                  0x080002c7   Thumb Code     0  startup_stm32h743xx.o(.text)
    DMA1_Stream5_IRQHandler                  0x080002c7   Thumb Code     0  startup_stm32h743xx.o(.text)
    DMA1_Stream6_IRQHandler                  0x080002c7   Thumb Code     0  startup_stm32h743xx.o(.text)
    DMA1_Stream7_IRQHandler                  0x080002c7   Thumb Code     0  startup_stm32h743xx.o(.text)
    DMA2D_IRQHandler                         0x080002c7   Thumb Code     0  startup_stm32h743xx.o(.text)
    DMA2_Stream0_IRQHandler                  0x080002c7   Thumb Code     0  startup_stm32h743xx.o(.text)
    DMA2_Stream1_IRQHandler                  0x080002c7   Thumb Code     0  startup_stm32h743xx.o(.text)
    DMA2_Stream2_IRQHandler                  0x080002c7   Thumb Code     0  startup_stm32h743xx.o(.text)
    DMA2_Stream3_IRQHandler                  0x080002c7   Thumb Code     0  startup_stm32h743xx.o(.text)
    DMA2_Stream4_IRQHandler                  0x080002c7   Thumb Code     0  startup_stm32h743xx.o(.text)
    DMA2_Stream5_IRQHandler                  0x080002c7   Thumb Code     0  startup_stm32h743xx.o(.text)
    DMA2_Stream6_IRQHandler                  0x080002c7   Thumb Code     0  startup_stm32h743xx.o(.text)
    DMA2_Stream7_IRQHandler                  0x080002c7   Thumb Code     0  startup_stm32h743xx.o(.text)
    DMAMUX1_OVR_IRQHandler                   0x080002c7   Thumb Code     0  startup_stm32h743xx.o(.text)
    DMAMUX2_OVR_IRQHandler                   0x080002c7   Thumb Code     0  startup_stm32h743xx.o(.text)
    ETH_IRQHandler                           0x080002c7   Thumb Code     0  startup_stm32h743xx.o(.text)
    ETH_WKUP_IRQHandler                      0x080002c7   Thumb Code     0  startup_stm32h743xx.o(.text)
    EXTI0_IRQHandler                         0x080002c7   Thumb Code     0  startup_stm32h743xx.o(.text)
    EXTI1_IRQHandler                         0x080002c7   Thumb Code     0  startup_stm32h743xx.o(.text)
    EXTI2_IRQHandler                         0x080002c7   Thumb Code     0  startup_stm32h743xx.o(.text)
    EXTI3_IRQHandler                         0x080002c7   Thumb Code     0  startup_stm32h743xx.o(.text)
    EXTI4_IRQHandler                         0x080002c7   Thumb Code     0  startup_stm32h743xx.o(.text)
    EXTI9_5_IRQHandler                       0x080002c7   Thumb Code     0  startup_stm32h743xx.o(.text)
    FDCAN1_IT0_IRQHandler                    0x080002c7   Thumb Code     0  startup_stm32h743xx.o(.text)
    FDCAN1_IT1_IRQHandler                    0x080002c7   Thumb Code     0  startup_stm32h743xx.o(.text)
    FDCAN2_IT0_IRQHandler                    0x080002c7   Thumb Code     0  startup_stm32h743xx.o(.text)
    FDCAN2_IT1_IRQHandler                    0x080002c7   Thumb Code     0  startup_stm32h743xx.o(.text)
    FDCAN_CAL_IRQHandler                     0x080002c7   Thumb Code     0  startup_stm32h743xx.o(.text)
    FLASH_IRQHandler                         0x080002c7   Thumb Code     0  startup_stm32h743xx.o(.text)
    FMC_IRQHandler                           0x080002c7   Thumb Code     0  startup_stm32h743xx.o(.text)
    FPU_IRQHandler                           0x080002c7   Thumb Code     0  startup_stm32h743xx.o(.text)
    HRTIM1_FLT_IRQHandler                    0x080002c7   Thumb Code     0  startup_stm32h743xx.o(.text)
    HRTIM1_Master_IRQHandler                 0x080002c7   Thumb Code     0  startup_stm32h743xx.o(.text)
    HRTIM1_TIMA_IRQHandler                   0x080002c7   Thumb Code     0  startup_stm32h743xx.o(.text)
    HRTIM1_TIMB_IRQHandler                   0x080002c7   Thumb Code     0  startup_stm32h743xx.o(.text)
    HRTIM1_TIMC_IRQHandler                   0x080002c7   Thumb Code     0  startup_stm32h743xx.o(.text)
    HRTIM1_TIMD_IRQHandler                   0x080002c7   Thumb Code     0  startup_stm32h743xx.o(.text)
    HRTIM1_TIME_IRQHandler                   0x080002c7   Thumb Code     0  startup_stm32h743xx.o(.text)
    HSEM1_IRQHandler                         0x080002c7   Thumb Code     0  startup_stm32h743xx.o(.text)
    I2C1_ER_IRQHandler                       0x080002c7   Thumb Code     0  startup_stm32h743xx.o(.text)
    I2C1_EV_IRQHandler                       0x080002c7   Thumb Code     0  startup_stm32h743xx.o(.text)
    I2C2_ER_IRQHandler                       0x080002c7   Thumb Code     0  startup_stm32h743xx.o(.text)
    I2C2_EV_IRQHandler                       0x080002c7   Thumb Code     0  startup_stm32h743xx.o(.text)
    I2C3_ER_IRQHandler                       0x080002c7   Thumb Code     0  startup_stm32h743xx.o(.text)
    I2C3_EV_IRQHandler                       0x080002c7   Thumb Code     0  startup_stm32h743xx.o(.text)
    I2C4_ER_IRQHandler                       0x080002c7   Thumb Code     0  startup_stm32h743xx.o(.text)
    I2C4_EV_IRQHandler                       0x080002c7   Thumb Code     0  startup_stm32h743xx.o(.text)
    JPEG_IRQHandler                          0x080002c7   Thumb Code     0  startup_stm32h743xx.o(.text)
    LPTIM1_IRQHandler                        0x080002c7   Thumb Code     0  startup_stm32h743xx.o(.text)
    LPTIM2_IRQHandler                        0x080002c7   Thumb Code     0  startup_stm32h743xx.o(.text)
    LPTIM3_IRQHandler                        0x080002c7   Thumb Code     0  startup_stm32h743xx.o(.text)
    LPTIM4_IRQHandler                        0x080002c7   Thumb Code     0  startup_stm32h743xx.o(.text)
    LPTIM5_IRQHandler                        0x080002c7   Thumb Code     0  startup_stm32h743xx.o(.text)
    LPUART1_IRQHandler                       0x080002c7   Thumb Code     0  startup_stm32h743xx.o(.text)
    LTDC_ER_IRQHandler                       0x080002c7   Thumb Code     0  startup_stm32h743xx.o(.text)
    LTDC_IRQHandler                          0x080002c7   Thumb Code     0  startup_stm32h743xx.o(.text)
    MDIOS_IRQHandler                         0x080002c7   Thumb Code     0  startup_stm32h743xx.o(.text)
    MDIOS_WKUP_IRQHandler                    0x080002c7   Thumb Code     0  startup_stm32h743xx.o(.text)
    MDMA_IRQHandler                          0x080002c7   Thumb Code     0  startup_stm32h743xx.o(.text)
    OTG_FS_EP1_IN_IRQHandler                 0x080002c7   Thumb Code     0  startup_stm32h743xx.o(.text)
    OTG_FS_EP1_OUT_IRQHandler                0x080002c7   Thumb Code     0  startup_stm32h743xx.o(.text)
    OTG_FS_IRQHandler                        0x080002c7   Thumb Code     0  startup_stm32h743xx.o(.text)
    OTG_FS_WKUP_IRQHandler                   0x080002c7   Thumb Code     0  startup_stm32h743xx.o(.text)
    OTG_HS_EP1_IN_IRQHandler                 0x080002c7   Thumb Code     0  startup_stm32h743xx.o(.text)
    OTG_HS_EP1_OUT_IRQHandler                0x080002c7   Thumb Code     0  startup_stm32h743xx.o(.text)
    OTG_HS_IRQHandler                        0x080002c7   Thumb Code     0  startup_stm32h743xx.o(.text)
    OTG_HS_WKUP_IRQHandler                   0x080002c7   Thumb Code     0  startup_stm32h743xx.o(.text)
    PVD_AVD_IRQHandler                       0x080002c7   Thumb Code     0  startup_stm32h743xx.o(.text)
    QUADSPI_IRQHandler                       0x080002c7   Thumb Code     0  startup_stm32h743xx.o(.text)
    RCC_IRQHandler                           0x080002c7   Thumb Code     0  startup_stm32h743xx.o(.text)
    RNG_IRQHandler                           0x080002c7   Thumb Code     0  startup_stm32h743xx.o(.text)
    RTC_Alarm_IRQHandler                     0x080002c7   Thumb Code     0  startup_stm32h743xx.o(.text)
    RTC_WKUP_IRQHandler                      0x080002c7   Thumb Code     0  startup_stm32h743xx.o(.text)
    SAI1_IRQHandler                          0x080002c7   Thumb Code     0  startup_stm32h743xx.o(.text)
    SAI2_IRQHandler                          0x080002c7   Thumb Code     0  startup_stm32h743xx.o(.text)
    SAI3_IRQHandler                          0x080002c7   Thumb Code     0  startup_stm32h743xx.o(.text)
    SAI4_IRQHandler                          0x080002c7   Thumb Code     0  startup_stm32h743xx.o(.text)
    SDMMC1_IRQHandler                        0x080002c7   Thumb Code     0  startup_stm32h743xx.o(.text)
    SDMMC2_IRQHandler                        0x080002c7   Thumb Code     0  startup_stm32h743xx.o(.text)
    SPDIF_RX_IRQHandler                      0x080002c7   Thumb Code     0  startup_stm32h743xx.o(.text)
    SPI1_IRQHandler                          0x080002c7   Thumb Code     0  startup_stm32h743xx.o(.text)
    SPI2_IRQHandler                          0x080002c7   Thumb Code     0  startup_stm32h743xx.o(.text)
    SPI3_IRQHandler                          0x080002c7   Thumb Code     0  startup_stm32h743xx.o(.text)
    SPI4_IRQHandler                          0x080002c7   Thumb Code     0  startup_stm32h743xx.o(.text)
    SPI5_IRQHandler                          0x080002c7   Thumb Code     0  startup_stm32h743xx.o(.text)
    SPI6_IRQHandler                          0x080002c7   Thumb Code     0  startup_stm32h743xx.o(.text)
    SWPMI1_IRQHandler                        0x080002c7   Thumb Code     0  startup_stm32h743xx.o(.text)
    TAMP_STAMP_IRQHandler                    0x080002c7   Thumb Code     0  startup_stm32h743xx.o(.text)
    TIM15_IRQHandler                         0x080002c7   Thumb Code     0  startup_stm32h743xx.o(.text)
    TIM17_IRQHandler                         0x080002c7   Thumb Code     0  startup_stm32h743xx.o(.text)
    TIM1_BRK_IRQHandler                      0x080002c7   Thumb Code     0  startup_stm32h743xx.o(.text)
    TIM1_CC_IRQHandler                       0x080002c7   Thumb Code     0  startup_stm32h743xx.o(.text)
    TIM1_TRG_COM_IRQHandler                  0x080002c7   Thumb Code     0  startup_stm32h743xx.o(.text)
    TIM1_UP_IRQHandler                       0x080002c7   Thumb Code     0  startup_stm32h743xx.o(.text)
    TIM2_IRQHandler                          0x080002c7   Thumb Code     0  startup_stm32h743xx.o(.text)
    TIM6_DAC_IRQHandler                      0x080002c7   Thumb Code     0  startup_stm32h743xx.o(.text)
    TIM7_IRQHandler                          0x080002c7   Thumb Code     0  startup_stm32h743xx.o(.text)
    TIM8_BRK_TIM12_IRQHandler                0x080002c7   Thumb Code     0  startup_stm32h743xx.o(.text)
    TIM8_CC_IRQHandler                       0x080002c7   Thumb Code     0  startup_stm32h743xx.o(.text)
    TIM8_UP_TIM13_IRQHandler                 0x080002c7   Thumb Code     0  startup_stm32h743xx.o(.text)
    UART4_IRQHandler                         0x080002c7   Thumb Code     0  startup_stm32h743xx.o(.text)
    UART5_IRQHandler                         0x080002c7   Thumb Code     0  startup_stm32h743xx.o(.text)
    UART7_IRQHandler                         0x080002c7   Thumb Code     0  startup_stm32h743xx.o(.text)
    UART8_IRQHandler                         0x080002c7   Thumb Code     0  startup_stm32h743xx.o(.text)
    USART1_IRQHandler                        0x080002c7   Thumb Code     0  startup_stm32h743xx.o(.text)
    WAKEUP_PIN_IRQHandler                    0x080002c7   Thumb Code     0  startup_stm32h743xx.o(.text)
    WWDG_IRQHandler                          0x080002c7   Thumb Code     0  startup_stm32h743xx.o(.text)
    __aeabi_uldivmod                         0x080002d1   Thumb Code    98  uldiv.o(.text)
    __aeabi_memcpy                           0x08000333   Thumb Code    36  memcpya.o(.text)
    __aeabi_memcpy4                          0x08000333   Thumb Code     0  memcpya.o(.text)
    __aeabi_memcpy8                          0x08000333   Thumb Code     0  memcpya.o(.text)
    __aeabi_memset                           0x08000357   Thumb Code    14  memseta.o(.text)
    __aeabi_memset4                          0x08000357   Thumb Code     0  memseta.o(.text)
    __aeabi_memset8                          0x08000357   Thumb Code     0  memseta.o(.text)
    __aeabi_memclr                           0x08000365   Thumb Code     4  memseta.o(.text)
    __aeabi_memclr4                          0x08000365   Thumb Code     0  memseta.o(.text)
    __aeabi_memclr8                          0x08000365   Thumb Code     0  memseta.o(.text)
    _memset$wrapper                          0x08000369   Thumb Code    18  memseta.o(.text)
    __aeabi_uidiv                            0x0800037b   Thumb Code     0  uidiv.o(.text)
    __aeabi_uidivmod                         0x0800037b   Thumb Code    44  uidiv.o(.text)
    __aeabi_llsl                             0x080003a7   Thumb Code    30  llshl.o(.text)
    _ll_shift_l                              0x080003a7   Thumb Code     0  llshl.o(.text)
    __aeabi_llsr                             0x080003c5   Thumb Code    32  llushr.o(.text)
    _ll_ushift_r                             0x080003c5   Thumb Code     0  llushr.o(.text)
    __I$use$fp                               0x080003e5   Thumb Code     0  iusefp.o(.text)
    __aeabi_dadd                             0x080003e5   Thumb Code   322  dadd.o(.text)
    __aeabi_dsub                             0x08000527   Thumb Code     6  dadd.o(.text)
    __aeabi_drsub                            0x0800052d   Thumb Code     6  dadd.o(.text)
    __aeabi_dmul                             0x08000533   Thumb Code   228  dmul.o(.text)
    __aeabi_ddiv                             0x08000617   Thumb Code   222  ddiv.o(.text)
    __ARM_scalbn                             0x080006f5   Thumb Code    46  dscalb.o(.text)
    scalbn                                   0x080006f5   Thumb Code     0  dscalb.o(.text)
    __aeabi_d2ulz                            0x08000723   Thumb Code    48  dfixul.o(.text)
    __aeabi_cdrcmple                         0x08000755   Thumb Code    48  cdrcmple.o(.text)
    __scatterload                            0x08000785   Thumb Code    28  init.o(.text)
    __scatterload_rt2                        0x08000785   Thumb Code     0  init.o(.text)
    __aeabi_lasr                             0x080007a9   Thumb Code    36  llsshr.o(.text)
    _ll_sshift_r                             0x080007a9   Thumb Code     0  llsshr.o(.text)
    _double_round                            0x080007cd   Thumb Code    30  depilogue.o(.text)
    _double_epilogue                         0x080007eb   Thumb Code   156  depilogue.o(.text)
    BoardEn                                  0x08000889   Thumb Code    60  usart.o(i.BoardEn)
    BusFault_Handler                         0x080008cd   Thumb Code     4  stm32h7xx_it.o(i.BusFault_Handler)
    CPointSolve                              0x080008d1   Thumb Code 89516  solvecoord.o(i.CPointSolve)
    CheckPoint                               0x0801668d   Thumb Code  3228  solvecoord.o(i.CheckPoint)
    ClcTorque                                0x08017335   Thumb Code   114  solvefbi.o(i.ClcTorque)
    Cross                                    0x080173a7   Thumb Code   114  solvefbi.o(i.Cross)
    CtrlPwmSum                               0x08017419   Thumb Code    64  tim_ctrl.o(i.CtrlPwmSum)
    CtrlStruct_Init                          0x0801745d   Thumb Code    42  main.o(i.CtrlStruct_Init)
    DataCoverInt2Char                        0x08017495   Thumb Code    38  usart.o(i.DataCoverInt2Char)
    DebugMon_Handler                         0x080174bb   Thumb Code     2  stm32h7xx_it.o(i.DebugMon_Handler)
    DpointSolve                              0x080174bd   Thumb Code    94  solvefbi.o(i.DpointSolve)
    EXTI15_10_IRQHandler                     0x0801751b   Thumb Code    12  stm32h7xx_it.o(i.EXTI15_10_IRQHandler)
    EnCounter2q                              0x08017529   Thumb Code   128  tim_ctrl.o(i.EnCounter2q)
    EncoderClear                             0x080175b9   Thumb Code    52  main.o(i.EncoderClear)
    EncoderFdbk                              0x08017605   Thumb Code   174  usart.o(i.EncoderFdbk)
    EncoderFlow                              0x080176c9   Thumb Code    64  tim_ctrl.o(i.EncoderFlow)
    EncoderUpdate                            0x08017709   Thumb Code    54  tim_ctrl.o(i.EncoderUpdate)
    Error_Handler                            0x0801773f   Thumb Code     2  main.o(i.Error_Handler)
    FLASH_Erase_Sector                       0x08017741   Thumb Code   104  stm32h7xx_hal_flash_ex.o(i.FLASH_Erase_Sector)
    FLASH_WaitForLastOperation               0x08017859   Thumb Code   230  stm32h7xx_hal_flash.o(i.FLASH_WaitForLastOperation)
    FbSolve                                  0x0801795d   Thumb Code  2866  solvefbi.o(i.FbSolve)
    FlashChange                              0x080184d5   Thumb Code   110  usart.o(i.FlashChange)
    FlashFDBK                                0x08018559   Thumb Code   250  usart.o(i.FlashFDBK)
    FlashInit                                0x08018665   Thumb Code    68  usart.o(i.FlashInit)
    ForwardKinematic                         0x080186bd   Thumb Code   758  kinematic.o(i.ForwardKinematic)
    FricCalcu                                0x080189d9   Thumb Code   370  tim_ctrl.o(i.FricCalcu)
    GraviInit                                0x08018b69   Thumb Code  1264  solvefbi.o(i.GraviInit)
    GriverCalc                               0x08019061   Thumb Code   144  tim_ctrl.o(i.GriverCalc)
    HAL_DMA_Abort_IT                         0x08019109   Thumb Code   664  stm32h7xx_hal_dma.o(i.HAL_DMA_Abort_IT)
    HAL_Delay                                0x080193a9   Thumb Code    36  stm32h7xx_hal.o(i.HAL_Delay)
    HAL_FLASHEx_Erase                        0x080193d1   Thumb Code   302  stm32h7xx_hal_flash_ex.o(i.HAL_FLASHEx_Erase)
    HAL_FLASH_Lock                           0x0801950d   Thumb Code    58  stm32h7xx_hal_flash.o(i.HAL_FLASH_Lock)
    HAL_FLASH_Program                        0x08019551   Thumb Code   268  stm32h7xx_hal_flash.o(i.HAL_FLASH_Program)
    HAL_FLASH_Unlock                         0x08019669   Thumb Code    78  stm32h7xx_hal_flash.o(i.HAL_FLASH_Unlock)
    HAL_GPIO_EXTI_Callback                   0x080196c9   Thumb Code   124  tim_ctrl.o(i.HAL_GPIO_EXTI_Callback)
    HAL_GPIO_EXTI_IRQHandler                 0x08019755   Thumb Code    24  stm32h7xx_hal_gpio.o(i.HAL_GPIO_EXTI_IRQHandler)
    HAL_GPIO_Init                            0x08019771   Thumb Code   468  stm32h7xx_hal_gpio.o(i.HAL_GPIO_Init)
    HAL_GPIO_ReadPin                         0x08019979   Thumb Code    16  stm32h7xx_hal_gpio.o(i.HAL_GPIO_ReadPin)
    HAL_GPIO_WritePin                        0x08019989   Thumb Code    12  stm32h7xx_hal_gpio.o(i.HAL_GPIO_WritePin)
    HAL_GetREVID                             0x08019995   Thumb Code     8  stm32h7xx_hal.o(i.HAL_GetREVID)
    HAL_GetTick                              0x080199a1   Thumb Code     6  stm32h7xx_hal.o(i.HAL_GetTick)
    HAL_IncTick                              0x080199ad   Thumb Code    16  stm32h7xx_hal.o(i.HAL_IncTick)
    HAL_Init                                 0x080199c5   Thumb Code    80  stm32h7xx_hal.o(i.HAL_Init)
    HAL_InitTick                             0x08019a25   Thumb Code    74  stm32h7xx_hal.o(i.HAL_InitTick)
    HAL_MspInit                              0x08019a7d   Thumb Code    38  stm32h7xx_hal_msp.o(i.HAL_MspInit)
    HAL_NVIC_EnableIRQ                       0x08019aa9   Thumb Code    32  stm32h7xx_hal_cortex.o(i.HAL_NVIC_EnableIRQ)
    HAL_NVIC_SetPriority                     0x08019ac9   Thumb Code   122  stm32h7xx_hal_cortex.o(i.HAL_NVIC_SetPriority)
    HAL_NVIC_SetPriorityGrouping             0x08019b45   Thumb Code    32  stm32h7xx_hal_cortex.o(i.HAL_NVIC_SetPriorityGrouping)
    HAL_PWREx_ConfigSupply                   0x08019b6d   Thumb Code    90  stm32h7xx_hal_pwr_ex.o(i.HAL_PWREx_ConfigSupply)
    HAL_RCCEx_GetD1SysClockFreq              0x08019bcd   Thumb Code    34  stm32h7xx_hal_rcc_ex.o(i.HAL_RCCEx_GetD1SysClockFreq)
    HAL_RCCEx_GetD3PCLK1Freq                 0x08019bfd   Thumb Code    26  stm32h7xx_hal_rcc_ex.o(i.HAL_RCCEx_GetD3PCLK1Freq)
    HAL_RCCEx_GetPLL2ClockFreq               0x08019c21   Thumb Code   536  stm32h7xx_hal_rcc_ex.o(i.HAL_RCCEx_GetPLL2ClockFreq)
    HAL_RCCEx_GetPLL3ClockFreq               0x08019e51   Thumb Code   536  stm32h7xx_hal_rcc_ex.o(i.HAL_RCCEx_GetPLL3ClockFreq)
    HAL_RCCEx_PeriphCLKConfig                0x0801a081   Thumb Code  2880  stm32h7xx_hal_rcc_ex.o(i.HAL_RCCEx_PeriphCLKConfig)
    HAL_RCC_ClockConfig                      0x0801abc5   Thumb Code   748  stm32h7xx_hal_rcc.o(i.HAL_RCC_ClockConfig)
    HAL_RCC_GetHCLKFreq                      0x0801aec5   Thumb Code    34  stm32h7xx_hal_rcc.o(i.HAL_RCC_GetHCLKFreq)
    HAL_RCC_GetPCLK1Freq                     0x0801aef5   Thumb Code    26  stm32h7xx_hal_rcc.o(i.HAL_RCC_GetPCLK1Freq)
    HAL_RCC_GetPCLK2Freq                     0x0801af19   Thumb Code    26  stm32h7xx_hal_rcc.o(i.HAL_RCC_GetPCLK2Freq)
    HAL_RCC_GetSysClockFreq                  0x0801af3d   Thumb Code   524  stm32h7xx_hal_rcc.o(i.HAL_RCC_GetSysClockFreq)
    HAL_RCC_OscConfig                        0x0801b169   Thumb Code  1854  stm32h7xx_hal_rcc.o(i.HAL_RCC_OscConfig)
    HAL_SYSTICK_Config                       0x0801b8b1   Thumb Code    52  stm32h7xx_hal_cortex.o(i.HAL_SYSTICK_Config)
    HAL_TIMEx_Break2Callback                 0x0801b8e5   Thumb Code     2  stm32h7xx_hal_tim_ex.o(i.HAL_TIMEx_Break2Callback)
    HAL_TIMEx_BreakCallback                  0x0801b8e7   Thumb Code     2  stm32h7xx_hal_tim_ex.o(i.HAL_TIMEx_BreakCallback)
    HAL_TIMEx_CommutCallback                 0x0801b8e9   Thumb Code     2  stm32h7xx_hal_tim_ex.o(i.HAL_TIMEx_CommutCallback)
    HAL_TIMEx_ConfigBreakDeadTime            0x0801b8ed   Thumb Code   172  stm32h7xx_hal_tim_ex.o(i.HAL_TIMEx_ConfigBreakDeadTime)
    HAL_TIMEx_MasterConfigSynchronization    0x0801b9a1   Thumb Code   110  stm32h7xx_hal_tim_ex.o(i.HAL_TIMEx_MasterConfigSynchronization)
    HAL_TIM_Base_Init                        0x0801ba19   Thumb Code    52  stm32h7xx_hal_tim.o(i.HAL_TIM_Base_Init)
    HAL_TIM_Base_MspInit                     0x0801ba4d   Thumb Code   116  tim.o(i.HAL_TIM_Base_MspInit)
    HAL_TIM_Base_Start_IT                    0x0801bacd   Thumb Code    50  stm32h7xx_hal_tim.o(i.HAL_TIM_Base_Start_IT)
    HAL_TIM_Base_Stop_IT                     0x0801bb05   Thumb Code    56  stm32h7xx_hal_tim.o(i.HAL_TIM_Base_Stop_IT)
    HAL_TIM_Encoder_Init                     0x0801bb3d   Thumb Code   172  stm32h7xx_hal_tim.o(i.HAL_TIM_Encoder_Init)
    HAL_TIM_Encoder_MspInit                  0x0801bbed   Thumb Code   406  tim.o(i.HAL_TIM_Encoder_MspInit)
    HAL_TIM_IC_CaptureCallback               0x0801bda1   Thumb Code     2  stm32h7xx_hal_tim.o(i.HAL_TIM_IC_CaptureCallback)
    HAL_TIM_IRQHandler                       0x0801bda3   Thumb Code   440  stm32h7xx_hal_tim.o(i.HAL_TIM_IRQHandler)
    HAL_TIM_MspPostInit                      0x0801bf5d   Thumb Code    82  tim.o(i.HAL_TIM_MspPostInit)
    HAL_TIM_OC_DelayElapsedCallback          0x0801bfbd   Thumb Code     2  stm32h7xx_hal_tim.o(i.HAL_TIM_OC_DelayElapsedCallback)
    HAL_TIM_PWM_ConfigChannel                0x0801bfbf   Thumb Code   372  stm32h7xx_hal_tim.o(i.HAL_TIM_PWM_ConfigChannel)
    HAL_TIM_PWM_Init                         0x0801c133   Thumb Code    52  stm32h7xx_hal_tim.o(i.HAL_TIM_PWM_Init)
    HAL_TIM_PWM_MspInit                      0x0801c169   Thumb Code    40  tim.o(i.HAL_TIM_PWM_MspInit)
    HAL_TIM_PWM_PulseFinishedCallback        0x0801c199   Thumb Code     2  stm32h7xx_hal_tim.o(i.HAL_TIM_PWM_PulseFinishedCallback)
    HAL_TIM_PWM_Start                        0x0801c19d   Thumb Code   112  stm32h7xx_hal_tim.o(i.HAL_TIM_PWM_Start)
    HAL_TIM_PeriodElapsedCallback            0x0801c225   Thumb Code   678  tim_ctrl.o(i.HAL_TIM_PeriodElapsedCallback)
    HAL_TIM_TriggerCallback                  0x0801c529   Thumb Code     2  stm32h7xx_hal_tim.o(i.HAL_TIM_TriggerCallback)
    HAL_UARTEx_DisableFifoMode               0x0801c52b   Thumb Code    78  stm32h7xx_hal_uart_ex.o(i.HAL_UARTEx_DisableFifoMode)
    HAL_UARTEx_RxFifoFullCallback            0x0801c579   Thumb Code     2  stm32h7xx_hal_uart_ex.o(i.HAL_UARTEx_RxFifoFullCallback)
    HAL_UARTEx_SetRxFifoThreshold            0x0801c57b   Thumb Code    94  stm32h7xx_hal_uart_ex.o(i.HAL_UARTEx_SetRxFifoThreshold)
    HAL_UARTEx_SetTxFifoThreshold            0x0801c5d9   Thumb Code    94  stm32h7xx_hal_uart_ex.o(i.HAL_UARTEx_SetTxFifoThreshold)
    HAL_UARTEx_TxFifoEmptyCallback           0x0801c637   Thumb Code     2  stm32h7xx_hal_uart_ex.o(i.HAL_UARTEx_TxFifoEmptyCallback)
    HAL_UARTEx_WakeupCallback                0x0801c639   Thumb Code     2  stm32h7xx_hal_uart_ex.o(i.HAL_UARTEx_WakeupCallback)
    HAL_UART_ErrorCallback                   0x0801c63b   Thumb Code     2  stm32h7xx_hal_uart.o(i.HAL_UART_ErrorCallback)
    HAL_UART_IRQHandler                      0x0801c63d   Thumb Code   512  stm32h7xx_hal_uart.o(i.HAL_UART_IRQHandler)
    HAL_UART_Init                            0x0801c849   Thumb Code   120  stm32h7xx_hal_uart.o(i.HAL_UART_Init)
    HAL_UART_MspInit                         0x0801c8c1   Thumb Code   464  usart.o(i.HAL_UART_MspInit)
    HAL_UART_Receive_IT                      0x0801cab1   Thumb Code   300  stm32h7xx_hal_uart.o(i.HAL_UART_Receive_IT)
    HAL_UART_RxCpltCallback                  0x0801cbed   Thumb Code    74  usart.o(i.HAL_UART_RxCpltCallback)
    HAL_UART_Transmit                        0x0801cc49   Thumb Code   212  stm32h7xx_hal_uart.o(i.HAL_UART_Transmit)
    HAL_UART_TxCpltCallback                  0x0801cd1d   Thumb Code     2  stm32h7xx_hal_uart.o(i.HAL_UART_TxCpltCallback)
    HardFault_Handler                        0x0801cd1f   Thumb Code     4  stm32h7xx_it.o(i.HardFault_Handler)
    InertiaCalcu                             0x0801cd25   Thumb Code    46  tim_ctrl.o(i.InertiaCalcu)
    InputDataCheck                           0x0801cd5d   Thumb Code   368  main.o(i.InputDataCheck)
    Jacobian                                 0x0801cf0d   Thumb Code 215660  kinematic.o(i.Jacobian)
    Kinematic                                0x08051995   Thumb Code   124  main.o(i.Kinematic)
    MX_GPIO_Init                             0x08051a2d   Thumb Code   536  gpio.o(i.MX_GPIO_Init)
    MX_TIM14_Init                            0x08051c61   Thumb Code    40  tim.o(i.MX_TIM14_Init)
    MX_TIM16_Init                            0x08051c91   Thumb Code    46  tim.o(i.MX_TIM16_Init)
    MX_TIM1_Init                             0x08051cc9   Thumb Code   228  tim.o(i.MX_TIM1_Init)
    MX_TIM3_Init                             0x08051db5   Thumb Code   122  tim.o(i.MX_TIM3_Init)
    MX_TIM4_Init                             0x08051e39   Thumb Code   122  tim.o(i.MX_TIM4_Init)
    MX_TIM5_Init                             0x08051ebd   Thumb Code   122  tim.o(i.MX_TIM5_Init)
    MX_USART2_UART_Init                      0x08051f41   Thumb Code    98  usart.o(i.MX_USART2_UART_Init)
    MX_USART3_UART_Init                      0x08051fad   Thumb Code    98  usart.o(i.MX_USART3_UART_Init)
    MX_USART6_UART_Init                      0x08052019   Thumb Code   102  usart.o(i.MX_USART6_UART_Init)
    MakeVector                               0x08052089   Thumb Code    74  solvefbi.o(i.MakeVector)
    MemManage_Handler                        0x080520d3   Thumb Code     4  stm32h7xx_it.o(i.MemManage_Handler)
    Motor1PWM                                0x080520d9   Thumb Code    24  motor.o(i.Motor1PWM)
    Motor2PWM                                0x080520f5   Thumb Code    24  motor.o(i.Motor2PWM)
    Motor3PWM                                0x08052111   Thumb Code    24  motor.o(i.Motor3PWM)
    MotorPWMFdbk                             0x0805212d   Thumb Code   174  usart.o(i.MotorPWMFdbk)
    MotorPwmMid                              0x080521e9   Thumb Code    72  motor.o(i.MotorPwmMid)
    MotorState                               0x08052235   Thumb Code   264  tim_ctrl.o(i.MotorState)
    NMI_Handler                              0x0805233d   Thumb Code     2  stm32h7xx_it.o(i.NMI_Handler)
    OutputDataCheck                          0x08052341   Thumb Code   344  main.o(i.OutputDataCheck)
    ParaInit                                 0x080524a9   Thumb Code    50  main.o(i.ParaInit)
    PendSV_Handler                           0x080524e1   Thumb Code     2  stm32h7xx_it.o(i.PendSV_Handler)
    PositionDataCover                        0x080524e3   Thumb Code    94  usart.o(i.PositionDataCover)
    PpointSolve                              0x08052541   Thumb Code   256  solvefbi.o(i.PpointSolve)
    PullPushSpeed                            0x08052641   Thumb Code    44  tim_ctrl.o(i.PullPushSpeed)
    Relation                                 0x0805293d   Thumb Code 16872  kinematic.o(i.Relation)
    STMFLASH_Write                           0x08056b45   Thumb Code    92  stmflash.o(i.STMFLASH_Write)
    SVC_Handler                              0x08056ba1   Thumb Code     2  stm32h7xx_it.o(i.SVC_Handler)
    SensorCtrl                               0x08056ba5   Thumb Code    90  usart.o(i.SensorCtrl)
    SetMotorPWM                              0x08056c05   Thumb Code    28  motor.o(i.SetMotorPWM)
    SolveMotorForce                          0x08056c2d   Thumb Code   430  solvefbi.o(i.SolveMotorForce)
    SwDynFri                                 0x08056ddd   Thumb Code    20  usart.o(i.SwDynFri)
    SwGra                                    0x08056dfd   Thumb Code    20  usart.o(i.SwGra)
    SwIner                                   0x08056e1d   Thumb Code    20  usart.o(i.SwIner)
    SwStaFri                                 0x08056e3d   Thumb Code    20  usart.o(i.SwStaFri)
    SysTick_Handler                          0x08056e5d   Thumb Code     8  stm32h7xx_it.o(i.SysTick_Handler)
    SystemClock_Config                       0x08056e65   Thumb Code   236  main.o(i.SystemClock_Config)
    SystemInit                               0x08056f59   Thumb Code   130  system_stm32h7xx.o(i.SystemInit)
    TIM16_IRQHandler                         0x08056fed   Thumb Code    10  stm32h7xx_it.o(i.TIM16_IRQHandler)
    TIM3_IRQHandler                          0x08056ffd   Thumb Code    10  stm32h7xx_it.o(i.TIM3_IRQHandler)
    TIM4_IRQHandler                          0x0805700d   Thumb Code    10  stm32h7xx_it.o(i.TIM4_IRQHandler)
    TIM5_IRQHandler                          0x0805701d   Thumb Code    10  stm32h7xx_it.o(i.TIM5_IRQHandler)
    TIM8_TRG_COM_TIM14_IRQHandler            0x0805702d   Thumb Code    10  stm32h7xx_it.o(i.TIM8_TRG_COM_TIM14_IRQHandler)
    TIM_Base_SetConfig                       0x0805703d   Thumb Code   170  stm32h7xx_hal_tim.o(i.TIM_Base_SetConfig)
    TIM_CCxChannelCmd                        0x08057109   Thumb Code    34  stm32h7xx_hal_tim.o(i.TIM_CCxChannelCmd)
    TIM_OC2_SetConfig                        0x080571d9   Thumb Code   156  stm32h7xx_hal_tim.o(i.TIM_OC2_SetConfig)
    TorqurStruSum                            0x08057485   Thumb Code    98  solvefbi.o(i.TorqurStruSum)
    TorqurStruSum2                           0x080574e7   Thumb Code    74  solvefbi.o(i.TorqurStruSum2)
    UART_AdvFeatureConfig                    0x080575a1   Thumb Code   248  stm32h7xx_hal_uart.o(i.UART_AdvFeatureConfig)
    UART_CheckIdleState                      0x08057699   Thumb Code   116  stm32h7xx_hal_uart.o(i.UART_CheckIdleState)
    UART_SetConfig                           0x080579b5   Thumb Code  5860  stm32h7xx_hal_uart.o(i.UART_SetConfig)
    UART_WaitOnFlagUntilTimeout              0x080590a5   Thumb Code   190  stm32h7xx_hal_uart.o(i.UART_WaitOnFlagUntilTimeout)
    USART2Interrupt                          0x08059165   Thumb Code   700  usart.o(i.USART2Interrupt)
    USART2_IRQHandler                        0x08059441   Thumb Code    10  stm32h7xx_it.o(i.USART2_IRQHandler)
    USART3Interrupt                          0x08059451   Thumb Code   190  usart.o(i.USART3Interrupt)
    USART3_IRQHandler                        0x08059529   Thumb Code    10  stm32h7xx_it.o(i.USART3_IRQHandler)
    USART6Interrupt                          0x08059539   Thumb Code   246  usart.o(i.USART6Interrupt)
    USART6_IRQHandler                        0x08059649   Thumb Code    10  stm32h7xx_it.o(i.USART6_IRQHandler)
    UartDataConver                           0x08059659   Thumb Code   100  usart.o(i.UartDataConver)
    UsageFault_Handler                       0x080596c1   Thumb Code     4  stm32h7xx_it.o(i.UsageFault_Handler)
    VarDataInit                              0x080596c5   Thumb Code    68  kinematic.o(i.VarDataInit)
    VecCross                                 0x08059729   Thumb Code    38  solvecoord.o(i.VecCross)
    VecUint                                  0x0805974f   Thumb Code   158  solvefbi.o(i.VecUint)
    VectorStruPrint                          0x080597ed   Thumb Code     2  solvefbi.o(i.VectorStruPrint)
    __0fprintf                               0x080597f1   Thumb Code    22  printfa.o(i.__0fprintf)
    __1fprintf                               0x080597f1   Thumb Code     0  printfa.o(i.__0fprintf)
    __2fprintf                               0x080597f1   Thumb Code     0  printfa.o(i.__0fprintf)
    __c89fprintf                             0x080597f1   Thumb Code     0  printfa.o(i.__0fprintf)
    fprintf                                  0x080597f1   Thumb Code     0  printfa.o(i.__0fprintf)
    __0printf                                0x0805980d   Thumb Code    22  printfa.o(i.__0printf)
    __1printf                                0x0805980d   Thumb Code     0  printfa.o(i.__0printf)
    __2printf                                0x0805980d   Thumb Code     0  printfa.o(i.__0printf)
    __c89printf                              0x0805980d   Thumb Code     0  printfa.o(i.__0printf)
    printf                                   0x0805980d   Thumb Code     0  printfa.o(i.__0printf)
    __ARM_fpclassify                         0x0805982d   Thumb Code    48  fpclassify.o(i.__ARM_fpclassify)
    __hardfp_acos                            0x08059899   Thumb Code   422  acos.o(i.__hardfp_acos)
    __hardfp_pow                             0x08059ab1   Thumb Code  2140  pow.o(i.__hardfp_pow)
    __hardfp_sqrt                            0x0805a3a9   Thumb Code   102  sqrt_full.o(i.__hardfp_sqrt)
    __kernel_poly                            0x0805a40f   Thumb Code   112  poly.o(i.__kernel_poly)
    __mathlib_dbl_divzero                    0x0805a481   Thumb Code    14  dunder.o(i.__mathlib_dbl_divzero)
    __mathlib_dbl_infnan                     0x0805a4a1   Thumb Code     6  dunder.o(i.__mathlib_dbl_infnan)
    __mathlib_dbl_infnan2                    0x0805a4a7   Thumb Code     6  dunder.o(i.__mathlib_dbl_infnan2)
    __mathlib_dbl_invalid                    0x0805a4b1   Thumb Code    10  dunder.o(i.__mathlib_dbl_invalid)
    __mathlib_dbl_overflow                   0x0805a4c9   Thumb Code    10  dunder.o(i.__mathlib_dbl_overflow)
    __mathlib_dbl_underflow                  0x0805a4e1   Thumb Code    10  dunder.o(i.__mathlib_dbl_underflow)
    __scatterload_copy                       0x0805a4f9   Thumb Code    14  handlers.o(i.__scatterload_copy)
    __scatterload_null                       0x0805a507   Thumb Code     2  handlers.o(i.__scatterload_null)
    __scatterload_zeroinit                   0x0805a509   Thumb Code    14  handlers.o(i.__scatterload_zeroinit)
    __set_errno                              0x0805a519   Thumb Code     6  errno.o(i.__set_errno)
    arm_cos_f32                              0x0805add9   Thumb Code   132  arm_cos_f32.o(i.arm_cos_f32)
    arm_sin_f32                              0x0805ae69   Thumb Code   158  arm_sin_f32.o(i.arm_sin_f32)
    assert                                   0x0805af19   Thumb Code    20  matrixlib.o(i.assert)
    fabs                                     0x0805af35   Thumb Code    24  fabs.o(i.fabs)
    fputc                                    0x0805af4d   Thumb Code    22  usart.o(i.fputc)
    m_LUdecomposition                        0x0805af69   Thumb Code   404  my_matrixadvlib.o(i.m_LUdecomposition)
    m_LUdecomposition_3x3                    0x0805b11d   Thumb Code   402  my_matrixadvlib.o(i.m_LUdecomposition_3x3)
    m_eyeMatrix                              0x0805b2d1   Thumb Code    94  my_matrixadvlib.o(i.m_eyeMatrix)
    m_inverseMatrix                          0x0805b36d   Thumb Code   152  my_matrixadvlib.o(i.m_inverseMatrix)
    m_solver                                 0x0805b421   Thumb Code   368  my_matrixadvlib.o(i.m_solver)
    m_solver_3x3                             0x0805b5d5   Thumb Code   324  my_matrixadvlib.o(i.m_solver_3x3)
    main                                     0x0805b75d   Thumb Code   346  main.o(i.main)
    norm                                     0x0805b939   Thumb Code    90  solvecoord.o(i.norm)
    retPosition                              0x0805b995   Thumb Code   226  usart.o(i.retPosition)
    sign                                     0x0805ba85   Thumb Code    34  kinematic.o(i.sign)
    sqrt                                     0x0805baa7   Thumb Code   106  sqrt_full.o(i.sqrt)
    subPoint                                 0x0805bb11   Thumb Code    70  solvefbi.o(i.subPoint)
    D1CorePrescTable                         0x0805bb56   Data          16  system_stm32h7xx.o(.constdata)
    a                                        0x0805bb68   Data           8  kinematic.o(.constdata)
    b                                        0x0805bb70   Data           8  kinematic.o(.constdata)
    s                                        0x0805bb78   Data           8  kinematic.o(.constdata)
    Q                                        0x0805bb80   Data           8  kinematic.o(.constdata)
    sinTable_f32                             0x0805bb88   Data        2052  arm_common_tables.o(.constdata)
    __mathlib_zero                           0x0805c468   Data           8  qnan.o(.constdata)
    Region$$Table$$Base                      0x0805c470   Number         0  anon$$obj.o(Region$$Table)
    Region$$Table$$Limit                     0x0805c490   Number         0  anon$$obj.o(Region$$Table)
    IRQ_Counter                              0x20000000   Data           4  tim_ctrl.o(.data)
    IRQTimer16Counter                        0x20000004   Data           4  tim_ctrl.o(.data)
    GriverFDBKCounter                        0x20000008   Data           1  tim_ctrl.o(.data)
    KeyValue                                 0x20000009   Data           1  tim_ctrl.o(.data)
    Uart3Error                               0x2000000a   Data           1  tim_ctrl.o(.data)
    CalcOverFlag                             0x2000000b   Data           1  tim_ctrl.o(.data)
    CalcOver                                 0x2000000c   Data           1  tim_ctrl.o(.data)
    CalcTimeCounter                          0x20000010   Data           4  tim_ctrl.o(.data)
    FlagRecord                               0x20000014   Data           1  tim_ctrl.o(.data)
    FlagPrint                                0x20000015   Data           1  tim_ctrl.o(.data)
    FlagDebug                                0x20000016   Data           1  tim_ctrl.o(.data)
    DataNumm                                 0x20000018   Data           4  tim_ctrl.o(.data)
    gErrorStatus                             0x20000028   Data           4  main.o(.data)
    Val_1                                    0x20000030   Data           8  main.o(.data)
    Val_2                                    0x20000038   Data           8  main.o(.data)
    FLASH_Address                            0x20000040   Data           4  main.o(.data)
    PageError                                0x20000044   Data           4  main.o(.data)
    data32                                   0x20000048   Data           4  main.o(.data)
    MemoryProgramStatus                      0x2000004c   Data           4  main.o(.data)
    FLASH_Init                               0x20000050   Data          96  main.o(.data)
    RXBuffer                                 0x200000b0   Data           1  usart.o(.data)
    RXBuffer_3                               0x200000b1   Data           1  usart.o(.data)
    UartRxBuf                                0x200000b8   Data           1  usart.o(.data)
    SystemCoreClock                          0x200000d0   Data           4  system_stm32h7xx.o(.data)
    SystemD2Clock                            0x200000d4   Data           4  system_stm32h7xx.o(.data)
    uwTick                                   0x200000d8   Data           4  stm32h7xx_hal.o(.data)
    uwTickPrio                               0x200000dc   Data           4  stm32h7xx_hal.o(.data)
    uwTickFreq                               0x200000e0   Data           1  stm32h7xx_hal.o(.data)
    pi                                       0x200000e8   Data           8  kinematic.o(.data)
    __stderr                                 0x200000f0   Data           4  stderr.o(.data)
    __stdout                                 0x200000f4   Data           4  stdout.o(.data)
    Data1                                    0x20000100   Data          20  tim_ctrl.o(.bss)
    Data2                                    0x20000114   Data          20  tim_ctrl.o(.bss)
    TempLq                                   0x20000128   Data          24  tim_ctrl.o(.bss)
    MotorForce                               0x20000140   Data          12  tim_ctrl.o(.bss)
    M1                                       0x2000014c   Data         192  main.o(.bss)
    M2                                       0x2000020c   Data         192  main.o(.bss)
    M3                                       0x200002cc   Data         192  main.o(.bss)
    Ctrl                                     0x2000038c   Data          40  main.o(.bss)
    CtrlM1                                   0x200003b4   Data          40  main.o(.bss)
    CtrlM2                                   0x200003dc   Data          40  main.o(.bss)
    CtrlM3                                   0x20000404   Data          40  main.o(.bss)
    FLASH_Store                              0x2000042c   Data          96  main.o(.bss)
    htim1                                    0x2000048c   Data          64  tim.o(.bss)
    htim3                                    0x200004cc   Data          64  tim.o(.bss)
    htim4                                    0x2000050c   Data          64  tim.o(.bss)
    htim5                                    0x2000054c   Data          64  tim.o(.bss)
    htim14                                   0x2000058c   Data          64  tim.o(.bss)
    htim16                                   0x200005cc   Data          64  tim.o(.bss)
    RXBuffer_6                               0x2000060c   Data          10  usart.o(.bss)
    UartRxData                               0x20000616   Data           9  usart.o(.bss)
    Uart6RxData                              0x2000061f   Data           9  usart.o(.bss)
    Uart3RxData                              0x20000628   Data          13  usart.o(.bss)
    Uart3FeedBackData                        0x20000635   Data          12  usart.o(.bss)
    UartFeedBackData                         0x20000641   Data          16  usart.o(.bss)
    huart2                                   0x20000668   Data         140  usart.o(.bss)
    huart3                                   0x200006f4   Data         140  usart.o(.bss)
    huart6                                   0x20000780   Data         140  usart.o(.bss)
    pFlash                                   0x2000080c   Data          28  stm32h7xx_hal_flash.o(.bss)
    var                                      0x20000828   Data          48  kinematic.o(.bss)
    varq                                     0x20000858   Data          24  kinematic.o(.bss)
    J                                        0x20000870   Data         288  kinematic.o(.bss)
    InvJ                                     0x20000990   Data         288  kinematic.o(.bss)
    Fi                                       0x20000ab0   Data          48  kinematic.o(.bss)
    vA1C1                                    0x20000ae0   Data          32  solvecoord.o(.bss)
    vA2C2                                    0x20000b00   Data          32  solvecoord.o(.bss)
    vA3C3                                    0x20000b20   Data          32  solvecoord.o(.bss)
    C1                                       0x20000b40   Data          24  solvecoord.o(.bss)
    C2                                       0x20000b58   Data          24  solvecoord.o(.bss)
    C3                                       0x20000b70   Data          24  solvecoord.o(.bss)
    FG_1                                     0x20000b88   Data          32  solvefbi.o(.bss)
    FG_2                                     0x20000ba8   Data          32  solvefbi.o(.bss)
    FG_3                                     0x20000bc8   Data          32  solvefbi.o(.bss)
    FGm                                      0x20000be8   Data          32  solvefbi.o(.bss)
    FB1                                      0x20000c08   Data          32  solvefbi.o(.bss)
    FB2                                      0x20000c28   Data          32  solvefbi.o(.bss)
    FB3                                      0x20000c48   Data          32  solvefbi.o(.bss)
    FG                                       0x20000c68   Data          32  solvefbi.o(.bss)
    P1                                       0x20000c88   Data          24  solvefbi.o(.bss)
    P2                                       0x20000ca0   Data          24  solvefbi.o(.bss)
    P3                                       0x20000cb8   Data          24  solvefbi.o(.bss)
    D1                                       0x20000cd0   Data          24  solvefbi.o(.bss)
    D2                                       0x20000ce8   Data          24  solvefbi.o(.bss)
    D3                                       0x20000d00   Data          24  solvefbi.o(.bss)
    Gm                                       0x20000d18   Data          24  solvefbi.o(.bss)
    A1                                       0x20000d30   Data          24  solvefbi.o(.bss)
    A2                                       0x20000d48   Data          24  solvefbi.o(.bss)
    A3                                       0x20000d60   Data          24  solvefbi.o(.bss)
    TG1_1                                    0x20000d78   Data          32  solvefbi.o(.bss)
    TG2_1                                    0x20000d98   Data          32  solvefbi.o(.bss)
    TG3_1                                    0x20000db8   Data          32  solvefbi.o(.bss)
    TG1_2                                    0x20000dd8   Data          32  solvefbi.o(.bss)
    TG2_2                                    0x20000df8   Data          32  solvefbi.o(.bss)
    TG3_2                                    0x20000e18   Data          32  solvefbi.o(.bss)
    TG1_3                                    0x20000e38   Data          32  solvefbi.o(.bss)
    TG2_3                                    0x20000e58   Data          32  solvefbi.o(.bss)
    TG3_3                                    0x20000e78   Data          32  solvefbi.o(.bss)
    TGm                                      0x20000e98   Data          32  solvefbi.o(.bss)
    TG                                       0x20000eb8   Data          32  solvefbi.o(.bss)
    TG_1                                     0x20000ed8   Data          32  solvefbi.o(.bss)
    TG_2                                     0x20000ef8   Data          32  solvefbi.o(.bss)
    TG_3                                     0x20000f18   Data          32  solvefbi.o(.bss)
    vA1A2                                    0x20000f38   Data          32  solvefbi.o(.bss)
    vA1A3                                    0x20000f58   Data          32  solvefbi.o(.bss)
    vA2A3                                    0x20000f78   Data          32  solvefbi.o(.bss)
    temp                                     0x20000f98   Data          32  solvefbi.o(.bss)
    F1                                       0x20000fb8   Data          32  solvefbi.o(.bss)
    F2                                       0x20000fd8   Data          32  solvefbi.o(.bss)
    F3                                       0x20000ff8   Data          32  solvefbi.o(.bss)
    __initial_sp                             0x20003b18   Data           0  startup_stm32h743xx.o(STACK)



==============================================================================

Memory Map of the image

  Image Entry point : 0x08000299

  Load Region LR_IROM1 (Base: 0x08000000, Size: 0x0005c58c, Max: 0x00200000, ABSOLUTE)

    Execution Region ER_IROM1 (Exec base: 0x08000000, Load base: 0x08000000, Size: 0x0005c490, Max: 0x00200000, ABSOLUTE)

    Exec Addr    Load Addr    Size         Type   Attr      Idx    E Section Name        Object

    0x08000000   0x08000000   0x00000298   Data   RO            3    RESET               startup_stm32h743xx.o
    0x08000298   0x08000298   0x00000000   Code   RO         5770  * .ARM.Collect$$$$00000000  mc_w.l(entry.o)
    0x08000298   0x08000298   0x00000004   Code   RO         6108    .ARM.Collect$$$$00000001  mc_w.l(entry2.o)
    0x0800029c   0x0800029c   0x00000004   Code   RO         6111    .ARM.Collect$$$$00000004  mc_w.l(entry5.o)
    0x080002a0   0x080002a0   0x00000000   Code   RO         6113    .ARM.Collect$$$$00000008  mc_w.l(entry7b.o)
    0x080002a0   0x080002a0   0x00000000   Code   RO         6115    .ARM.Collect$$$$0000000A  mc_w.l(entry8b.o)
    0x080002a0   0x080002a0   0x00000008   Code   RO         6116    .ARM.Collect$$$$0000000B  mc_w.l(entry9a.o)
    0x080002a8   0x080002a8   0x00000000   Code   RO         6118    .ARM.Collect$$$$0000000D  mc_w.l(entry10a.o)
    0x080002a8   0x080002a8   0x00000000   Code   RO         6120    .ARM.Collect$$$$0000000F  mc_w.l(entry11a.o)
    0x080002a8   0x080002a8   0x00000004   Code   RO         6109    .ARM.Collect$$$$00002712  mc_w.l(entry2.o)
    0x080002ac   0x080002ac   0x00000024   Code   RO            4    .text               startup_stm32h743xx.o
    0x080002d0   0x080002d0   0x00000062   Code   RO         5778    .text               mc_w.l(uldiv.o)
    0x08000332   0x08000332   0x00000024   Code   RO         5780    .text               mc_w.l(memcpya.o)
    0x08000356   0x08000356   0x00000024   Code   RO         5782    .text               mc_w.l(memseta.o)
    0x0800037a   0x0800037a   0x0000002c   Code   RO         6123    .text               mc_w.l(uidiv.o)
    0x080003a6   0x080003a6   0x0000001e   Code   RO         6125    .text               mc_w.l(llshl.o)
    0x080003c4   0x080003c4   0x00000020   Code   RO         6127    .text               mc_w.l(llushr.o)
    0x080003e4   0x080003e4   0x00000000   Code   RO         6142    .text               mc_w.l(iusefp.o)
    0x080003e4   0x080003e4   0x0000014e   Code   RO         6143    .text               mf_w.l(dadd.o)
    0x08000532   0x08000532   0x000000e4   Code   RO         6145    .text               mf_w.l(dmul.o)
    0x08000616   0x08000616   0x000000de   Code   RO         6147    .text               mf_w.l(ddiv.o)
    0x080006f4   0x080006f4   0x0000002e   Code   RO         6149    .text               mf_w.l(dscalb.o)
    0x08000722   0x08000722   0x00000030   Code   RO         6153    .text               mf_w.l(dfixul.o)
    0x08000752   0x08000752   0x00000002   PAD
    0x08000754   0x08000754   0x00000030   Code   RO         6155    .text               mf_w.l(cdrcmple.o)
    0x08000784   0x08000784   0x00000024   Code   RO         6159    .text               mc_w.l(init.o)
    0x080007a8   0x080007a8   0x00000024   Code   RO         6172    .text               mc_w.l(llsshr.o)
    0x080007cc   0x080007cc   0x000000ba   Code   RO         6178    .text               mf_w.l(depilogue.o)
    0x08000886   0x08000886   0x00000002   PAD
    0x08000888   0x08000888   0x00000044   Code   RO          668    i.BoardEn           usart.o
    0x080008cc   0x080008cc   0x00000004   Code   RO          850    i.BusFault_Handler  stm32h7xx_it.o
    0x080008d0   0x080008d0   0x00015dbc   Code   RO         5417    i.CPointSolve       solvecoord.o
    0x0801668c   0x0801668c   0x00000ca8   Code   RO         5418    i.CheckPoint        solvecoord.o
    0x08017334   0x08017334   0x00000072   Code   RO         5463    i.ClcTorque         solvefbi.o
    0x080173a6   0x080173a6   0x00000072   Code   RO         5464    i.Cross             solvefbi.o
    0x08017418   0x08017418   0x00000044   Code   RO           91    i.CtrlPwmSum        tim_ctrl.o
    0x0801745c   0x0801745c   0x00000038   Code   RO          443    i.CtrlStruct_Init   main.o
    0x08017494   0x08017494   0x00000026   Code   RO          670    i.DataCoverInt2Char  usart.o
    0x080174ba   0x080174ba   0x00000002   Code   RO          851    i.DebugMon_Handler  stm32h7xx_it.o
    0x080174bc   0x080174bc   0x0000005e   Code   RO         5465    i.DpointSolve       solvefbi.o
    0x0801751a   0x0801751a   0x0000000c   Code   RO          852    i.EXTI15_10_IRQHandler  stm32h7xx_it.o
    0x08017526   0x08017526   0x00000002   PAD
    0x08017528   0x08017528   0x00000090   Code   RO           92    i.EnCounter2q       tim_ctrl.o
    0x080175b8   0x080175b8   0x0000004c   Code   RO          444    i.EncoderClear      main.o
    0x08017604   0x08017604   0x000000c4   Code   RO          671    i.EncoderFdbk       usart.o
    0x080176c8   0x080176c8   0x00000040   Code   RO           93    i.EncoderFlow       tim_ctrl.o
    0x08017708   0x08017708   0x00000036   Code   RO           94    i.EncoderUpdate     tim_ctrl.o
    0x0801773e   0x0801773e   0x00000002   Code   RO          445    i.Error_Handler     main.o
    0x08017740   0x08017740   0x00000070   Code   RO         3301    i.FLASH_Erase_Sector  stm32h7xx_hal_flash_ex.o
    0x080177b0   0x080177b0   0x000000a8   Code   RO         3302    i.FLASH_MassErase   stm32h7xx_hal_flash_ex.o
    0x08017858   0x08017858   0x00000104   Code   RO         3193    i.FLASH_WaitForLastOperation  stm32h7xx_hal_flash.o
    0x0801795c   0x0801795c   0x00000b78   Code   RO         5466    i.FbSolve           solvefbi.o
    0x080184d4   0x080184d4   0x00000084   Code   RO          672    i.FlashChange       usart.o
    0x08018558   0x08018558   0x0000010c   Code   RO          673    i.FlashFDBK         usart.o
    0x08018664   0x08018664   0x00000058   Code   RO          674    i.FlashInit         usart.o
    0x080186bc   0x080186bc   0x0000031c   Code   RO         5243    i.ForwardKinematic  kinematic.o
    0x080189d8   0x080189d8   0x00000190   Code   RO           96    i.FricCalcu         tim_ctrl.o
    0x08018b68   0x08018b68   0x000004f8   Code   RO         5467    i.GraviInit         solvefbi.o
    0x08019060   0x08019060   0x000000a8   Code   RO           98    i.GriverCalc        tim_ctrl.o
    0x08019108   0x08019108   0x000002a0   Code   RO         3623    i.HAL_DMA_Abort_IT  stm32h7xx_hal_dma.o
    0x080193a8   0x080193a8   0x00000028   Code   RO         4331    i.HAL_Delay         stm32h7xx_hal.o
    0x080193d0   0x080193d0   0x0000013c   Code   RO         3319    i.HAL_FLASHEx_Erase  stm32h7xx_hal_flash_ex.o
    0x0801950c   0x0801950c   0x00000044   Code   RO         3197    i.HAL_FLASH_Lock    stm32h7xx_hal_flash.o
    0x08019550   0x08019550   0x00000118   Code   RO         3202    i.HAL_FLASH_Program  stm32h7xx_hal_flash.o
    0x08019668   0x08019668   0x00000060   Code   RO         3204    i.HAL_FLASH_Unlock  stm32h7xx_hal_flash.o
    0x080196c8   0x080196c8   0x0000008c   Code   RO           99    i.HAL_GPIO_EXTI_Callback  tim_ctrl.o
    0x08019754   0x08019754   0x0000001c   Code   RO         3469    i.HAL_GPIO_EXTI_IRQHandler  stm32h7xx_hal_gpio.o
    0x08019770   0x08019770   0x00000208   Code   RO         3470    i.HAL_GPIO_Init     stm32h7xx_hal_gpio.o
    0x08019978   0x08019978   0x00000010   Code   RO         3472    i.HAL_GPIO_ReadPin  stm32h7xx_hal_gpio.o
    0x08019988   0x08019988   0x0000000c   Code   RO         3474    i.HAL_GPIO_WritePin  stm32h7xx_hal_gpio.o
    0x08019994   0x08019994   0x0000000c   Code   RO         4346    i.HAL_GetREVID      stm32h7xx_hal.o
    0x080199a0   0x080199a0   0x0000000c   Code   RO         4347    i.HAL_GetTick       stm32h7xx_hal.o
    0x080199ac   0x080199ac   0x00000018   Code   RO         4353    i.HAL_IncTick       stm32h7xx_hal.o
    0x080199c4   0x080199c4   0x00000060   Code   RO         4354    i.HAL_Init          stm32h7xx_hal.o
    0x08019a24   0x08019a24   0x00000058   Code   RO         4355    i.HAL_InitTick      stm32h7xx_hal.o
    0x08019a7c   0x08019a7c   0x0000002c   Code   RO          980    i.HAL_MspInit       stm32h7xx_hal_msp.o
    0x08019aa8   0x08019aa8   0x00000020   Code   RO         1299    i.HAL_NVIC_EnableIRQ  stm32h7xx_hal_cortex.o
    0x08019ac8   0x08019ac8   0x0000007a   Code   RO         1305    i.HAL_NVIC_SetPriority  stm32h7xx_hal_cortex.o
    0x08019b42   0x08019b42   0x00000002   PAD
    0x08019b44   0x08019b44   0x00000028   Code   RO         1306    i.HAL_NVIC_SetPriorityGrouping  stm32h7xx_hal_cortex.o
    0x08019b6c   0x08019b6c   0x00000060   Code   RO         4071    i.HAL_PWREx_ConfigSupply  stm32h7xx_hal_pwr_ex.o
    0x08019bcc   0x08019bcc   0x00000030   Code   RO         3037    i.HAL_RCCEx_GetD1SysClockFreq  stm32h7xx_hal_rcc_ex.o
    0x08019bfc   0x08019bfc   0x00000024   Code   RO         3038    i.HAL_RCCEx_GetD3PCLK1Freq  stm32h7xx_hal_rcc_ex.o
    0x08019c20   0x08019c20   0x00000230   Code   RO         3040    i.HAL_RCCEx_GetPLL2ClockFreq  stm32h7xx_hal_rcc_ex.o
    0x08019e50   0x08019e50   0x00000230   Code   RO         3041    i.HAL_RCCEx_GetPLL3ClockFreq  stm32h7xx_hal_rcc_ex.o
    0x0801a080   0x0801a080   0x00000b44   Code   RO         3045    i.HAL_RCCEx_PeriphCLKConfig  stm32h7xx_hal_rcc_ex.o
    0x0801abc4   0x0801abc4   0x00000300   Code   RO         2924    i.HAL_RCC_ClockConfig  stm32h7xx_hal_rcc.o
    0x0801aec4   0x0801aec4   0x00000030   Code   RO         2929    i.HAL_RCC_GetHCLKFreq  stm32h7xx_hal_rcc.o
    0x0801aef4   0x0801aef4   0x00000024   Code   RO         2931    i.HAL_RCC_GetPCLK1Freq  stm32h7xx_hal_rcc.o
    0x0801af18   0x0801af18   0x00000024   Code   RO         2932    i.HAL_RCC_GetPCLK2Freq  stm32h7xx_hal_rcc.o
    0x0801af3c   0x0801af3c   0x0000022c   Code   RO         2933    i.HAL_RCC_GetSysClockFreq  stm32h7xx_hal_rcc.o
    0x0801b168   0x0801b168   0x00000748   Code   RO         2936    i.HAL_RCC_OscConfig  stm32h7xx_hal_rcc.o
    0x0801b8b0   0x0801b8b0   0x00000034   Code   RO         1310    i.HAL_SYSTICK_Config  stm32h7xx_hal_cortex.o
    0x0801b8e4   0x0801b8e4   0x00000002   Code   RO         2149    i.HAL_TIMEx_Break2Callback  stm32h7xx_hal_tim_ex.o
    0x0801b8e6   0x0801b8e6   0x00000002   Code   RO         2150    i.HAL_TIMEx_BreakCallback  stm32h7xx_hal_tim_ex.o
    0x0801b8e8   0x0801b8e8   0x00000002   Code   RO         2151    i.HAL_TIMEx_CommutCallback  stm32h7xx_hal_tim_ex.o
    0x0801b8ea   0x0801b8ea   0x00000002   PAD
    0x0801b8ec   0x0801b8ec   0x000000b4   Code   RO         2153    i.HAL_TIMEx_ConfigBreakDeadTime  stm32h7xx_hal_tim_ex.o
    0x0801b9a0   0x0801b9a0   0x00000078   Code   RO         2170    i.HAL_TIMEx_MasterConfigSynchronization  stm32h7xx_hal_tim_ex.o
    0x0801ba18   0x0801ba18   0x00000034   Code   RO         1441    i.HAL_TIM_Base_Init  stm32h7xx_hal_tim.o
    0x0801ba4c   0x0801ba4c   0x00000080   Code   RO          567    i.HAL_TIM_Base_MspInit  tim.o
    0x0801bacc   0x0801bacc   0x00000038   Code   RO         1446    i.HAL_TIM_Base_Start_IT  stm32h7xx_hal_tim.o
    0x0801bb04   0x0801bb04   0x00000038   Code   RO         1449    i.HAL_TIM_Base_Stop_IT  stm32h7xx_hal_tim.o
    0x0801bb3c   0x0801bb3c   0x000000b0   Code   RO         1461    i.HAL_TIM_Encoder_Init  stm32h7xx_hal_tim.o
    0x0801bbec   0x0801bbec   0x000001b4   Code   RO          569    i.HAL_TIM_Encoder_MspInit  tim.o
    0x0801bda0   0x0801bda0   0x00000002   Code   RO         1472    i.HAL_TIM_IC_CaptureCallback  stm32h7xx_hal_tim.o
    0x0801bda2   0x0801bda2   0x000001b8   Code   RO         1486    i.HAL_TIM_IRQHandler  stm32h7xx_hal_tim.o
    0x0801bf5a   0x0801bf5a   0x00000002   PAD
    0x0801bf5c   0x0801bf5c   0x00000060   Code   RO          570    i.HAL_TIM_MspPostInit  tim.o
    0x0801bfbc   0x0801bfbc   0x00000002   Code   RO         1489    i.HAL_TIM_OC_DelayElapsedCallback  stm32h7xx_hal_tim.o
    0x0801bfbe   0x0801bfbe   0x00000174   Code   RO         1510    i.HAL_TIM_PWM_ConfigChannel  stm32h7xx_hal_tim.o
    0x0801c132   0x0801c132   0x00000034   Code   RO         1513    i.HAL_TIM_PWM_Init  stm32h7xx_hal_tim.o
    0x0801c166   0x0801c166   0x00000002   PAD
    0x0801c168   0x0801c168   0x00000030   Code   RO          572    i.HAL_TIM_PWM_MspInit  tim.o
    0x0801c198   0x0801c198   0x00000002   Code   RO         1516    i.HAL_TIM_PWM_PulseFinishedCallback  stm32h7xx_hal_tim.o
    0x0801c19a   0x0801c19a   0x00000002   PAD
    0x0801c19c   0x0801c19c   0x00000088   Code   RO         1518    i.HAL_TIM_PWM_Start  stm32h7xx_hal_tim.o
    0x0801c224   0x0801c224   0x00000304   Code   RO          100    i.HAL_TIM_PeriodElapsedCallback  tim_ctrl.o
    0x0801c528   0x0801c528   0x00000002   Code   RO         1529    i.HAL_TIM_TriggerCallback  stm32h7xx_hal_tim.o
    0x0801c52a   0x0801c52a   0x0000004e   Code   RO         2825    i.HAL_UARTEx_DisableFifoMode  stm32h7xx_hal_uart_ex.o
    0x0801c578   0x0801c578   0x00000002   Code   RO         2829    i.HAL_UARTEx_RxFifoFullCallback  stm32h7xx_hal_uart_ex.o
    0x0801c57a   0x0801c57a   0x0000005e   Code   RO         2830    i.HAL_UARTEx_SetRxFifoThreshold  stm32h7xx_hal_uart_ex.o
    0x0801c5d8   0x0801c5d8   0x0000005e   Code   RO         2831    i.HAL_UARTEx_SetTxFifoThreshold  stm32h7xx_hal_uart_ex.o
    0x0801c636   0x0801c636   0x00000002   Code   RO         2833    i.HAL_UARTEx_TxFifoEmptyCallback  stm32h7xx_hal_uart_ex.o
    0x0801c638   0x0801c638   0x00000002   Code   RO         2834    i.HAL_UARTEx_WakeupCallback  stm32h7xx_hal_uart_ex.o
    0x0801c63a   0x0801c63a   0x00000002   Code   RO         2448    i.HAL_UART_ErrorCallback  stm32h7xx_hal_uart.o
    0x0801c63c   0x0801c63c   0x0000020c   Code   RO         2451    i.HAL_UART_IRQHandler  stm32h7xx_hal_uart.o
    0x0801c848   0x0801c848   0x00000078   Code   RO         2452    i.HAL_UART_Init     stm32h7xx_hal_uart.o
    0x0801c8c0   0x0801c8c0   0x000001f0   Code   RO          676    i.HAL_UART_MspInit  usart.o
    0x0801cab0   0x0801cab0   0x0000013c   Code   RO         2457    i.HAL_UART_Receive_IT  stm32h7xx_hal_uart.o
    0x0801cbec   0x0801cbec   0x0000005c   Code   RO          677    i.HAL_UART_RxCpltCallback  usart.o
    0x0801cc48   0x0801cc48   0x000000d4   Code   RO         2461    i.HAL_UART_Transmit  stm32h7xx_hal_uart.o
    0x0801cd1c   0x0801cd1c   0x00000002   Code   RO         2464    i.HAL_UART_TxCpltCallback  stm32h7xx_hal_uart.o
    0x0801cd1e   0x0801cd1e   0x00000004   Code   RO          853    i.HardFault_Handler  stm32h7xx_it.o
    0x0801cd22   0x0801cd22   0x00000002   PAD
    0x0801cd24   0x0801cd24   0x00000038   Code   RO          101    i.InertiaCalcu      tim_ctrl.o
    0x0801cd5c   0x0801cd5c   0x000001b0   Code   RO          446    i.InputDataCheck    main.o
    0x0801cf0c   0x0801cf0c   0x00034a88   Code   RO         5244    i.Jacobian          kinematic.o
    0x08051994   0x08051994   0x00000098   Code   RO          447    i.Kinematic         main.o
    0x08051a2c   0x08051a2c   0x00000234   Code   RO          542    i.MX_GPIO_Init      gpio.o
    0x08051c60   0x08051c60   0x00000030   Code   RO          573    i.MX_TIM14_Init     tim.o
    0x08051c90   0x08051c90   0x00000038   Code   RO          574    i.MX_TIM16_Init     tim.o
    0x08051cc8   0x08051cc8   0x000000ec   Code   RO          575    i.MX_TIM1_Init      tim.o
    0x08051db4   0x08051db4   0x00000084   Code   RO          576    i.MX_TIM3_Init      tim.o
    0x08051e38   0x08051e38   0x00000084   Code   RO          577    i.MX_TIM4_Init      tim.o
    0x08051ebc   0x08051ebc   0x00000084   Code   RO          578    i.MX_TIM5_Init      tim.o
    0x08051f40   0x08051f40   0x0000006c   Code   RO          678    i.MX_USART2_UART_Init  usart.o
    0x08051fac   0x08051fac   0x0000006c   Code   RO          679    i.MX_USART3_UART_Init  usart.o
    0x08052018   0x08052018   0x00000070   Code   RO          680    i.MX_USART6_UART_Init  usart.o
    0x08052088   0x08052088   0x0000004a   Code   RO         5468    i.MakeVector        solvefbi.o
    0x080520d2   0x080520d2   0x00000004   Code   RO          854    i.MemManage_Handler  stm32h7xx_it.o
    0x080520d6   0x080520d6   0x00000002   PAD
    0x080520d8   0x080520d8   0x0000001c   Code   RO          352    i.Motor1PWM         motor.o
    0x080520f4   0x080520f4   0x0000001c   Code   RO          353    i.Motor2PWM         motor.o
    0x08052110   0x08052110   0x0000001c   Code   RO          354    i.Motor3PWM         motor.o
    0x0805212c   0x0805212c   0x000000bc   Code   RO          681    i.MotorPWMFdbk      usart.o
    0x080521e8   0x080521e8   0x0000004c   Code   RO          355    i.MotorPwmMid       motor.o
    0x08052234   0x08052234   0x00000108   Code   RO          102    i.MotorState        tim_ctrl.o
    0x0805233c   0x0805233c   0x00000002   Code   RO          855    i.NMI_Handler       stm32h7xx_it.o
    0x0805233e   0x0805233e   0x00000002   PAD
    0x08052340   0x08052340   0x00000168   Code   RO          449    i.OutputDataCheck   main.o
    0x080524a8   0x080524a8   0x00000038   Code   RO          450    i.ParaInit          main.o
    0x080524e0   0x080524e0   0x00000002   Code   RO          856    i.PendSV_Handler    stm32h7xx_it.o
    0x080524e2   0x080524e2   0x0000005e   Code   RO          682    i.PositionDataCover  usart.o
    0x08052540   0x08052540   0x00000100   Code   RO         5470    i.PpointSolve       solvefbi.o
    0x08052640   0x08052640   0x00000034   Code   RO          103    i.PullPushSpeed     tim_ctrl.o
    0x08052674   0x08052674   0x00000164   Code   RO         3048    i.RCCEx_PLL2_Config  stm32h7xx_hal_rcc_ex.o
    0x080527d8   0x080527d8   0x00000164   Code   RO         3049    i.RCCEx_PLL3_Config  stm32h7xx_hal_rcc_ex.o
    0x0805293c   0x0805293c   0x00004208   Code   RO         5246    i.Relation          kinematic.o
    0x08056b44   0x08056b44   0x0000005c   Code   RO          404    i.STMFLASH_Write    stmflash.o
    0x08056ba0   0x08056ba0   0x00000002   Code   RO          857    i.SVC_Handler       stm32h7xx_it.o
    0x08056ba2   0x08056ba2   0x00000002   PAD
    0x08056ba4   0x08056ba4   0x00000060   Code   RO          683    i.SensorCtrl        usart.o
    0x08056c04   0x08056c04   0x00000028   Code   RO          356    i.SetMotorPWM       motor.o
    0x08056c2c   0x08056c2c   0x000001ae   Code   RO         5472    i.SolveMotorForce   solvefbi.o
    0x08056dda   0x08056dda   0x00000002   PAD
    0x08056ddc   0x08056ddc   0x00000020   Code   RO          684    i.SwDynFri          usart.o
    0x08056dfc   0x08056dfc   0x00000020   Code   RO          685    i.SwGra             usart.o
    0x08056e1c   0x08056e1c   0x00000020   Code   RO          686    i.SwIner            usart.o
    0x08056e3c   0x08056e3c   0x00000020   Code   RO          687    i.SwStaFri          usart.o
    0x08056e5c   0x08056e5c   0x00000008   Code   RO          858    i.SysTick_Handler   stm32h7xx_it.o
    0x08056e64   0x08056e64   0x000000f4   Code   RO          451    i.SystemClock_Config  main.o
    0x08056f58   0x08056f58   0x00000094   Code   RO         1005    i.SystemInit        system_stm32h7xx.o
    0x08056fec   0x08056fec   0x00000010   Code   RO          859    i.TIM16_IRQHandler  stm32h7xx_it.o
    0x08056ffc   0x08056ffc   0x00000010   Code   RO          860    i.TIM3_IRQHandler   stm32h7xx_it.o
    0x0805700c   0x0805700c   0x00000010   Code   RO          861    i.TIM4_IRQHandler   stm32h7xx_it.o
    0x0805701c   0x0805701c   0x00000010   Code   RO          862    i.TIM5_IRQHandler   stm32h7xx_it.o
    0x0805702c   0x0805702c   0x00000010   Code   RO          863    i.TIM8_TRG_COM_TIM14_IRQHandler  stm32h7xx_it.o
    0x0805703c   0x0805703c   0x000000cc   Code   RO         1531    i.TIM_Base_SetConfig  stm32h7xx_hal_tim.o
    0x08057108   0x08057108   0x00000022   Code   RO         1532    i.TIM_CCxChannelCmd  stm32h7xx_hal_tim.o
    0x0805712a   0x0805712a   0x00000002   PAD
    0x0805712c   0x0805712c   0x000000ac   Code   RO         1544    i.TIM_OC1_SetConfig  stm32h7xx_hal_tim.o
    0x080571d8   0x080571d8   0x000000b4   Code   RO         1545    i.TIM_OC2_SetConfig  stm32h7xx_hal_tim.o
    0x0805728c   0x0805728c   0x000000b0   Code   RO         1546    i.TIM_OC3_SetConfig  stm32h7xx_hal_tim.o
    0x0805733c   0x0805733c   0x00000070   Code   RO         1547    i.TIM_OC4_SetConfig  stm32h7xx_hal_tim.o
    0x080573ac   0x080573ac   0x0000006c   Code   RO         1548    i.TIM_OC5_SetConfig  stm32h7xx_hal_tim.o
    0x08057418   0x08057418   0x0000006c   Code   RO         1549    i.TIM_OC6_SetConfig  stm32h7xx_hal_tim.o
    0x08057484   0x08057484   0x00000062   Code   RO         5474    i.TorqurStruSum     solvefbi.o
    0x080574e6   0x080574e6   0x0000004a   Code   RO         5475    i.TorqurStruSum2    solvefbi.o
    0x08057530   0x08057530   0x00000070   Code   RO         2835    i.UARTEx_SetNbDataToProcess  stm32h7xx_hal_uart_ex.o
    0x080575a0   0x080575a0   0x000000f8   Code   RO         2466    i.UART_AdvFeatureConfig  stm32h7xx_hal_uart.o
    0x08057698   0x08057698   0x00000074   Code   RO         2467    i.UART_CheckIdleState  stm32h7xx_hal_uart.o
    0x0805770c   0x0805770c   0x00000018   Code   RO         2468    i.UART_DMAAbortOnError  stm32h7xx_hal_uart.o
    0x08057724   0x08057724   0x00000028   Code   RO         2478    i.UART_EndRxTransfer  stm32h7xx_hal_uart.o
    0x0805774c   0x0805774c   0x00000022   Code   RO         2479    i.UART_EndTransmit_IT  stm32h7xx_hal_uart.o
    0x0805776e   0x0805776e   0x00000070   Code   RO         2481    i.UART_RxISR_16BIT  stm32h7xx_hal_uart.o
    0x080577de   0x080577de   0x00000002   PAD
    0x080577e0   0x080577e0   0x000000b4   Code   RO         2482    i.UART_RxISR_16BIT_FIFOEN  stm32h7xx_hal_uart.o
    0x08057894   0x08057894   0x0000006c   Code   RO         2483    i.UART_RxISR_8BIT   stm32h7xx_hal_uart.o
    0x08057900   0x08057900   0x000000b4   Code   RO         2484    i.UART_RxISR_8BIT_FIFOEN  stm32h7xx_hal_uart.o
    0x080579b4   0x080579b4   0x000016f0   Code   RO         2485    i.UART_SetConfig    stm32h7xx_hal_uart.o
    0x080590a4   0x080590a4   0x000000be   Code   RO         2490    i.UART_WaitOnFlagUntilTimeout  stm32h7xx_hal_uart.o
    0x08059162   0x08059162   0x00000002   PAD
    0x08059164   0x08059164   0x000002dc   Code   RO          688    i.USART2Interrupt   usart.o
    0x08059440   0x08059440   0x00000010   Code   RO          864    i.USART2_IRQHandler  stm32h7xx_it.o
    0x08059450   0x08059450   0x000000d8   Code   RO          689    i.USART3Interrupt   usart.o
    0x08059528   0x08059528   0x00000010   Code   RO          865    i.USART3_IRQHandler  stm32h7xx_it.o
    0x08059538   0x08059538   0x00000110   Code   RO          690    i.USART6Interrupt   usart.o
    0x08059648   0x08059648   0x00000010   Code   RO          866    i.USART6_IRQHandler  stm32h7xx_it.o
    0x08059658   0x08059658   0x00000068   Code   RO          691    i.UartDataConver    usart.o
    0x080596c0   0x080596c0   0x00000004   Code   RO          867    i.UsageFault_Handler  stm32h7xx_it.o
    0x080596c4   0x080596c4   0x00000064   Code   RO         5247    i.VarDataInit       kinematic.o
    0x08059728   0x08059728   0x00000026   Code   RO         5419    i.VecCross          solvecoord.o
    0x0805974e   0x0805974e   0x0000009e   Code   RO         5476    i.VecUint           solvefbi.o
    0x080597ec   0x080597ec   0x00000002   Code   RO         5477    i.VectorStruPrint   solvefbi.o
    0x080597ee   0x080597ee   0x00000002   PAD
    0x080597f0   0x080597f0   0x0000001c   Code   RO         6018    i.__0fprintf        mc_w.l(printfa.o)
    0x0805980c   0x0805980c   0x00000020   Code   RO         6019    i.__0printf         mc_w.l(printfa.o)
    0x0805982c   0x0805982c   0x00000030   Code   RO         6103    i.__ARM_fpclassify  m_wv.l(fpclassify.o)
    0x0805985c   0x0805985c   0x00000010   Code   RO         1312    i.__NVIC_GetPriorityGrouping  stm32h7xx_hal_cortex.o
    0x0805986c   0x0805986c   0x00000028   Code   RO         1313    i.__NVIC_SetPriority  stm32h7xx_hal_cortex.o
    0x08059894   0x08059894   0x00000004   PAD
    0x08059898   0x08059898   0x00000218   Code   RO         5730    i.__hardfp_acos     m_wv.l(acos.o)
    0x08059ab0   0x08059ab0   0x000008f8   Code   RO         5744    i.__hardfp_pow      m_wv.l(pow.o)
    0x0805a3a8   0x0805a3a8   0x00000066   Code   RO         5758    i.__hardfp_sqrt     m_wv.l(sqrt_full.o)
    0x0805a40e   0x0805a40e   0x00000070   Code   RO         6105    i.__kernel_poly     m_wv.l(poly.o)
    0x0805a47e   0x0805a47e   0x00000002   PAD
    0x0805a480   0x0805a480   0x00000020   Code   RO         6083    i.__mathlib_dbl_divzero  m_wv.l(dunder.o)
    0x0805a4a0   0x0805a4a0   0x00000006   Code   RO         6084    i.__mathlib_dbl_infnan  m_wv.l(dunder.o)
    0x0805a4a6   0x0805a4a6   0x00000006   Code   RO         6085    i.__mathlib_dbl_infnan2  m_wv.l(dunder.o)
    0x0805a4ac   0x0805a4ac   0x00000004   PAD
    0x0805a4b0   0x0805a4b0   0x00000018   Code   RO         6086    i.__mathlib_dbl_invalid  m_wv.l(dunder.o)
    0x0805a4c8   0x0805a4c8   0x00000018   Code   RO         6087    i.__mathlib_dbl_overflow  m_wv.l(dunder.o)
    0x0805a4e0   0x0805a4e0   0x00000018   Code   RO         6089    i.__mathlib_dbl_underflow  m_wv.l(dunder.o)
    0x0805a4f8   0x0805a4f8   0x0000000e   Code   RO         6191    i.__scatterload_copy  mc_w.l(handlers.o)
    0x0805a506   0x0805a506   0x00000002   Code   RO         6192    i.__scatterload_null  mc_w.l(handlers.o)
    0x0805a508   0x0805a508   0x0000000e   Code   RO         6193    i.__scatterload_zeroinit  mc_w.l(handlers.o)
    0x0805a516   0x0805a516   0x00000002   PAD
    0x0805a518   0x0805a518   0x0000000c   Code   RO         6133    i.__set_errno       mc_w.l(errno.o)
    0x0805a524   0x0805a524   0x00000184   Code   RO         6026    i._fp_digits        mc_w.l(printfa.o)
    0x0805a6a8   0x0805a6a8   0x000006dc   Code   RO         6027    i._printf_core      mc_w.l(printfa.o)
    0x0805ad84   0x0805ad84   0x00000024   Code   RO         6028    i._printf_post_padding  mc_w.l(printfa.o)
    0x0805ada8   0x0805ada8   0x0000002e   Code   RO         6029    i._printf_pre_padding  mc_w.l(printfa.o)
    0x0805add6   0x0805add6   0x00000002   PAD
    0x0805add8   0x0805add8   0x00000090   Code   RO           13    i.arm_cos_f32       arm_cos_f32.o
    0x0805ae68   0x0805ae68   0x000000b0   Code   RO           67    i.arm_sin_f32       arm_sin_f32.o
    0x0805af18   0x0805af18   0x0000001c   Code   RO         5309    i.assert            matrixlib.o
    0x0805af34   0x0805af34   0x00000018   Code   RO         6099    i.fabs              m_wv.l(fabs.o)
    0x0805af4c   0x0805af4c   0x0000001c   Code   RO          692    i.fputc             usart.o
    0x0805af68   0x0805af68   0x000001b4   Code   RO         5578    i.m_LUdecomposition  my_matrixadvlib.o
    0x0805b11c   0x0805b11c   0x000001b4   Code   RO         5579    i.m_LUdecomposition_3x3  my_matrixadvlib.o
    0x0805b2d0   0x0805b2d0   0x0000009c   Code   RO         5580    i.m_eyeMatrix       my_matrixadvlib.o
    0x0805b36c   0x0805b36c   0x000000b4   Code   RO         5581    i.m_inverseMatrix   my_matrixadvlib.o
    0x0805b420   0x0805b420   0x000001b4   Code   RO         5582    i.m_solver          my_matrixadvlib.o
    0x0805b5d4   0x0805b5d4   0x00000188   Code   RO         5583    i.m_solver_3x3      my_matrixadvlib.o
    0x0805b75c   0x0805b75c   0x000001dc   Code   RO          452    i.main              main.o
    0x0805b938   0x0805b938   0x0000005a   Code   RO         5420    i.norm              solvecoord.o
    0x0805b992   0x0805b992   0x00000002   PAD
    0x0805b994   0x0805b994   0x000000f0   Code   RO          693    i.retPosition       usart.o
    0x0805ba84   0x0805ba84   0x00000022   Code   RO         5248    i.sign              kinematic.o
    0x0805baa6   0x0805baa6   0x0000006a   Code   RO         5760    i.sqrt              m_wv.l(sqrt_full.o)
    0x0805bb10   0x0805bb10   0x00000046   Code   RO         5478    i.subPoint          solvefbi.o
    0x0805bb56   0x0805bb56   0x00000010   Data   RO         1006    .constdata          system_stm32h7xx.o
    0x0805bb66   0x0805bb66   0x00000002   PAD
    0x0805bb68   0x0805bb68   0x00000020   Data   RO         5250    .constdata          kinematic.o
    0x0805bb88   0x0805bb88   0x00000804   Data   RO         5685    .constdata          arm_cortexM7lfdp_math.lib(arm_common_tables.o)
    0x0805c38c   0x0805c38c   0x00000004   PAD
    0x0805c390   0x0805c390   0x00000050   Data   RO         5733    .constdata          m_wv.l(acos.o)
    0x0805c3e0   0x0805c3e0   0x00000088   Data   RO         5747    .constdata          m_wv.l(pow.o)
    0x0805c468   0x0805c468   0x00000008   Data   RO         6107    .constdata          m_wv.l(qnan.o)
    0x0805c470   0x0805c470   0x00000020   Data   RO         6189    Region$$Table       anon$$obj.o


    Execution Region RW_IRAM1 (Exec base: 0x20000000, Load base: 0x0805c490, Size: 0x00003b18, Max: 0x00020000, ABSOLUTE)

    Exec Addr    Load Addr    Size         Type   Attr      Idx    E Section Name        Object

    0x20000000   0x0805c490   0x00000024   Data   RW          106    .data               tim_ctrl.o
    0x20000024   0x0805c4b4   0x00000004   PAD
    0x20000028   0x0805c4b8   0x00000088   Data   RW          455    .data               main.o
    0x200000b0   0x0805c540   0x00000020   Data   RW          695    .data               usart.o
    0x200000d0   0x0805c560   0x00000008   Data   RW         1007    .data               system_stm32h7xx.o
    0x200000d8   0x0805c568   0x00000009   Data   RW         4376    .data               stm32h7xx_hal.o
    0x200000e1   0x0805c571   0x00000007   PAD
    0x200000e8   0x0805c578   0x00000008   Data   RW         5251    .data               kinematic.o
    0x200000f0   0x0805c580   0x00000004   Data   RW         5777    .data               mc_w.l(stderr.o)
    0x200000f4   0x0805c584   0x00000004   Data   RW         6122    .data               mc_w.l(stdout.o)
    0x200000f8   0x0805c588   0x00000004   Data   RW         6134    .data               mc_w.l(errno.o)
    0x200000fc   0x0805c58c   0x00000004   PAD
    0x20000100        -       0x0000004c   Zero   RW          105    .bss                tim_ctrl.o
    0x2000014c        -       0x00000340   Zero   RW          453    .bss                main.o
    0x2000048c        -       0x00000180   Zero   RW          579    .bss                tim.o
    0x2000060c        -       0x00000200   Zero   RW          694    .bss                usart.o
    0x2000080c        -       0x0000001c   Zero   RW         3205    .bss                stm32h7xx_hal_flash.o
    0x20000828        -       0x000002b8   Zero   RW         5249    .bss                kinematic.o
    0x20000ae0        -       0x000000a8   Zero   RW         5421    .bss                solvecoord.o
    0x20000b88        -       0x00000490   Zero   RW         5479    .bss                solvefbi.o
    0x20001018        -       0x00002b00   Zero   RW            1    STACK               startup_stm32h743xx.o


==============================================================================

Image component sizes


      Code (inc. data)   RO Data    RW Data    ZI Data      Debug   Object Name

       144         12          0          0          0      23289   arm_cos_f32.o
       176         18          0          0          0        974   arm_sin_f32.o
       564         28          0          0          0       1279   gpio.o
    233522       3392         32          8        696       7634   kinematic.o
      1854        290          0        136        832       8459   main.o
        28          8          0          0          0        593   matrixlib.o
       200         28          0          0          0       2436   motor.o
      2036        292          0          0          0       5686   my_matrixadvlib.o
     92900       1464          0          0        168       5931   solvecoord.o
      5692        380          0          0       1168       9871   solvefbi.o
        36          8        664          0      11008        840   startup_stm32h743xx.o
       272         52          0          9          0      22872   stm32h7xx_hal.o
       302         22          0          0          0      39431   stm32h7xx_hal_cortex.o
       672          8          0          0          0       2343   stm32h7xx_hal_dma.o
       704         70          0          0         28      14430   stm32h7xx_hal_flash.o
       596         30          0          0          0       2777   stm32h7xx_hal_flash_ex.o
       576         56          0          0          0       3666   stm32h7xx_hal_gpio.o
        44          6          0          0          0        794   stm32h7xx_hal_msp.o
        96          6          0          0          0        769   stm32h7xx_hal_pwr_ex.o
      3308        102          0          0          0       6572   stm32h7xx_hal_rcc.o
      4800        122          0          0          0       7739   stm32h7xx_hal_rcc_ex.o
      2442        202          0          0          0      14884   stm32h7xx_hal_tim.o
       306         18          0          0          0       3936   stm32h7xx_hal_tim_ex.o
      8280        194          0          0          0      17836   stm32h7xx_hal_uart.o
       384         18          0          0          0       5430   stm32h7xx_hal_uart_ex.o
       172         48          0          0          0       8562   stm32h7xx_it.o
        92          0          0          0          0       1097   stmflash.o
       148         18         16          8          0       1214   system_stm32h7xx.o
      1444        120          0          0        384       7041   tim.o
      2182        202          0         36         76    1263009   tim_ctrl.o
      3804        346          0         32        512      17566   usart.o

    ----------------------------------------------------------------------
    367812       7564        746        240      14872    1508960   Object Totals
         0          0         32          0          0          0   (incl. Generated)
        36          4          2         11          0          0   (incl. Padding)

    ----------------------------------------------------------------------

      Code (inc. data)   RO Data    RW Data    ZI Data      Debug   Library Member Name

         0          0       2052          0          0      21128   arm_common_tables.o
       536        114         80          0          0        256   acos.o
       116         60          0          0          0        696   dunder.o
        24          0          0          0          0        124   fabs.o
        48          0          0          0          0        124   fpclassify.o
       112          0          0          0          0        116   poly.o
      2296        304        136          0          0        320   pow.o
         0          0          8          0          0          0   qnan.o
       208          0          0          0          0        280   sqrt_full.o
         0          0          0          0          0          0   entry.o
         0          0          0          0          0          0   entry10a.o
         0          0          0          0          0          0   entry11a.o
         8          4          0          0          0          0   entry2.o
         4          0          0          0          0          0   entry5.o
         0          0          0          0          0          0   entry7b.o
         0          0          0          0          0          0   entry8b.o
         8          4          0          0          0          0   entry9a.o
        12          6          0          4          0         68   errno.o
        30          0          0          0          0          0   handlers.o
        36          8          0          0          0         68   init.o
         0          0          0          0          0          0   iusefp.o
        30          0          0          0          0         68   llshl.o
        36          0          0          0          0         68   llsshr.o
        32          0          0          0          0         68   llushr.o
        36          0          0          0          0         68   memcpya.o
        36          0          0          0          0        108   memseta.o
      2286         96          0          0          0        536   printfa.o
         0          0          0          4          0          0   stderr.o
         0          0          0          4          0          0   stdout.o
        44          0          0          0          0         80   uidiv.o
        98          0          0          0          0         92   uldiv.o
        48          0          0          0          0         68   cdrcmple.o
       334          0          0          0          0        148   dadd.o
       222          0          0          0          0        100   ddiv.o
       186          0          0          0          0        176   depilogue.o
        48          0          0          0          0         68   dfixul.o
       228          0          0          0          0         96   dmul.o
        46          0          0          0          0         80   dscalb.o

    ----------------------------------------------------------------------
      7162        596       2280         12          4      25004   Library Totals
        14          0          4          0          4          0   (incl. Padding)

    ----------------------------------------------------------------------

      Code (inc. data)   RO Data    RW Data    ZI Data      Debug   Library Name

         0          0       2052          0          0      21128   arm_cortexM7lfdp_math.lib
      3340        478        224          0          0       1916   m_wv.l
      2696        118          0         12          0       1224   mc_w.l
      1112          0          0          0          0        736   mf_w.l

    ----------------------------------------------------------------------
      7162        596       2280         12          4      25004   Library Totals

    ----------------------------------------------------------------------

==============================================================================


      Code (inc. data)   RO Data    RW Data    ZI Data      Debug   

    374974       8160       3026        252      14876    1513780   Grand Totals
    374974       8160       3026        252      14876    1513780   ELF Image Totals
    374974       8160       3026        252          0          0   ROM Totals

==============================================================================

    Total RO  Size (Code + RO Data)               378000 ( 369.14kB)
    Total RW  Size (RW Data + ZI Data)             15128 (  14.77kB)
    Total ROM Size (Code + RO Data + RW Data)     378252 ( 369.39kB)

==============================================================================

